******************************************************************************
             TMS320C2000 Linker PC v6.0.2                      
******************************************************************************
>> Linked Thu Apr 04 00:39:38 2013

OUTPUT FILE NAME:   <Full_RTOS_system.out>
ENTRY POINT SYMBOL: "_c_int00"  address: 003061e6


MEMORY CONFIGURATION

         name            origin    length      used     unused   attr    fill
----------------------  --------  ---------  --------  --------  ----  --------
PAGE 0:
  FLASH                 00300000   0003ff80  00008c08  00037378  RWIX
  CSM_RSVD              0033ff80   00000076  00000076  00000000  RWIX
  BEGIN                 0033fff6   00000002  00000002  00000000  RWIX
  CSM_PWL               0033fff8   00000008  00000008  00000000  RWIX
  ADC_CAL               00380080   00000009  00000007  00000002  RWIX
  OTP                   00380400   00000400  00000000  00000400  RWIX
  IQTABLES              003fe000   00000b50  00000000  00000b50  RWIX
  IQTABLES2             003feb50   0000008c  00000000  0000008c  RWIX
  FPUTABLES             003febdc   000006a0  00000000  000006a0  RWIX
  ROM                   003ff27c   00000d44  00000000  00000d44  RWIX
  RESET                 003fffc0   00000002  00000000  00000002  RWIX
  VECTORS               003fffc2   0000003e  00000000  0000003e  RWIX

PAGE 1:
  M01SARAM              00000000   00000800  00000400  00000400  RWIX
  DEV_EMU               00000880   00000180  000000d0  000000b0  RWIX
  FLASH_REGS            00000a80   00000060  00000008  00000058  RWIX
  CSM                   00000ae0   00000010  00000010  00000000  RWIX
  ADC_MIRROR            00000b00   00000010  00000010  00000000  RWIX
  XINTF                 00000b20   00000020  0000001e  00000002  RWIX
  CPU_TIMER0            00000c00   00000008  00000008  00000000  RWIX
  CPU_TIMER1            00000c08   00000008  00000008  00000000  RWIX
  CPU_TIMER2            00000c10   00000008  00000008  00000000  RWIX
  PIE_CTRL              00000ce0   00000020  0000001a  00000006  RWIX
  PIEVECT               00000d00   00000100  00000000  00000100  RWIX
  DMA                   00001000   00000200  000000e0  00000120  RWIX
  MCBSPA                00005000   00000040  00000025  0000001b  RWIX
  MCBSPB                00005040   00000040  00000025  0000001b  RWIX
  ECANA                 00006000   00000040  00000034  0000000c  RWIX
  ECANA_LAM             00006040   00000040  00000040  00000000  RWIX
  ECANA_MOTS            00006080   00000040  00000040  00000000  RWIX
  ECANA_MOTO            000060c0   00000040  00000040  00000000  RWIX
  ECANA_MBOX            00006100   00000100  00000100  00000000  RWIX
  ECANB                 00006200   00000040  00000034  0000000c  RWIX
  ECANB_LAM             00006240   00000040  00000040  00000000  RWIX
  ECANB_MOTS            00006280   00000040  00000040  00000000  RWIX
  ECANB_MOTO            000062c0   00000040  00000040  00000000  RWIX
  ECANB_MBOX            00006300   00000100  00000100  00000000  RWIX
  EPWM1                 00006800   00000022  00000022  00000000  RWIX
  EPWM2                 00006840   00000022  00000022  00000000  RWIX
  EPWM3                 00006880   00000022  00000022  00000000  RWIX
  EPWM4                 000068c0   00000022  00000022  00000000  RWIX
  EPWM5                 00006900   00000022  00000022  00000000  RWIX
  EPWM6                 00006940   00000022  00000022  00000000  RWIX
  ECAP1                 00006a00   00000020  00000020  00000000  RWIX
  ECAP2                 00006a20   00000020  00000020  00000000  RWIX
  ECAP3                 00006a40   00000020  00000020  00000000  RWIX
  ECAP4                 00006a60   00000020  00000020  00000000  RWIX
  ECAP5                 00006a80   00000020  00000020  00000000  RWIX
  ECAP6                 00006aa0   00000020  00000020  00000000  RWIX
  EQEP1                 00006b00   00000040  00000040  00000000  RWIX
  EQEP2                 00006b40   00000040  00000040  00000000  RWIX
  GPIOCTRL              00006f80   00000040  0000002e  00000012  RWIX
  GPIODAT               00006fc0   00000020  00000020  00000000  RWIX
  GPIOINT               00006fe0   00000020  0000000a  00000016  RWIX
  SYSTEM                00007010   00000020  00000020  00000000  RWIX
  SPIA                  00007040   00000010  00000010  00000000  RWIX
  SCIA                  00007050   00000010  00000010  00000000  RWIX
  XINTRUPT              00007070   00000010  00000010  00000000  RWIX
  ADC                   00007100   00000020  0000001e  00000002  RWIX
  SCIB                  00007750   00000010  00000010  00000000  RWIX
  SCIC                  00007770   00000010  00000010  00000000  RWIX
  I2CA                  00007900   00000040  00000022  0000001e  RWIX
  L07SARAM              00008000   00008000  00006767  00001899  RWIX
  CSM_PWL               0033fff8   00000008  00000008  00000000  RWIX
  PARTID                00380090   00000001  00000001  00000000  RWIX


SECTION ALLOCATION MAP

 output                                  attributes/
section   page    origin      length       input sections
--------  ----  ----------  ----------   ----------------
xdc.meta   0    00000000    000000ec     COPY SECTION
                  00000000    000000ec     app_p28FP.o28FP (xdc.meta)

xdc.noload 
*          0    00000000    0000133c     COPY SECTION
                  00000000    0000133c     app_p28FP.o28FP (xdc.noload)

.pinit     0    00300000    00000000     UNINITIALIZED

PieVectTableFile 
*          1    00000d00    00000100     DSECT
                  00000d00    00000100     DSP2833x_GlobalVariableDefs.obj (PieVectTableFile)

.text      0    00300000    000076b7     
                  00300000    00001422     ALFAT.obj (.text)
                  00301422    00000962     bq_pack.obj (.text)
                  00301d84    0000044e     Bluetooth.obj (.text)
                  003021d2    000003f5     DSP2833x_DMA.obj (.text)
                  003025c7    000003ee     main.obj (.text)
                  003029b5    0000036e     I2C.obj (.text)
                  00302d23    00000369     LCD.obj (.text)
                  0030308c    00000316     DSP2833x_DefaultIsr.obj (.text:retain)
                  003033a2    000002a9     eCAN.obj (.text)
                  0030364b    00000239     GPIO.obj (.text)
                  00303884    00000236     ti.targets.rts2800.a28FP : System.o28FP (.text:_xdc_runtime_System_doPrint__I)
                  00303aba    00000202     rts2800_fpu32.lib : trgdrv.obj (.text)
                  00303cbc    000001e5     ext_adc.obj (.text)
                  00303ea1    000001c2     Boot.a28FP : Boot.o28FP (.text:.bootCodeSection)
                  00304063    000001a8     sysbios.lib : BIOS.obj (.text:_ti_sysbios_knl_Event_pend__E)
                  0030420b    00000199     spi_if.obj (.text)
                  003043a4    00000174     BQ.obj (.text)
                  00304518    0000016c     DSP2833x_Mcbsp.obj (.text)
                  00304684    0000014b     Sleep.obj (.text)
                  003047cf    00000138     DSP2833x_ECan.obj (.text)
                  00304907    0000011c     adc.obj (.text)
                  00304a23    00000107     rts2800_fpu32.lib : ll_div.obj (.text)
                  00304b2a    000000fb     ti.targets.rts2800.a28FP : Core-mem.o28FP (.text:_xdc_runtime_Core_createObject__I)
                  00304c25    000000f6     DSP2833x_Xintf.obj (.text)
                  00304d1b    000000f5     DSP2833x_SysCtrl.obj (.text)
                  00304e10    000000e8     sysbios.lib : BIOS.obj (.text:_ti_sysbios_knl_Semaphore_pend__E)
                  00304ef8    000000e1                 : BIOS.obj (.text:_ti_sysbios_family_c28_Hwi_clearInterrupt__E)
                  00304fd9    000000e1     ti.targets.rts2800.a28FP : LoggerBuf.o28FP (.text:_xdc_runtime_LoggerBuf_write8__F)
                  003050ba    000000da     sysbios.lib : BIOS.obj (.text:_ti_sysbios_family_c28_Hwi_disablePIEIER__E)
                  00305194    000000d6                 : BIOS.obj (.text:_ti_sysbios_family_c28_Hwi_enablePIEIER__E)
                  0030526a    000000c8     DSP2833x_EPwm.obj (.text)
                  00305332    000000c8     sysbios.lib : c28_Hwi_disp.obj (.text:_ti_sysbios_family_c28_Hwi_dispatch)
                  003053fa    000000bb     ti.targets.rts2800.a28FP : Error.o28FP (.text:_xdc_runtime_Error_raiseX__F)
                  003054b5    000000ba     app_p28FP.o28FP (.text:_xdc_runtime_System_printfExtend__I)
                  0030556f    000000b6     sysbios.lib : BIOS.obj (.text:_ti_sysbios_knl_Clock_Instance_init__F)
                  00305625    000000b0                 : BIOS.obj (.text:_ti_sysbios_knl_Task_sleep__E)
                  003056d5    00000097     Race.obj (.text)
                  0030576c    00000097     ti.targets.rts2800.a28FP : LoggerBuf.o28FP (.text:_xdc_runtime_LoggerBuf_write4__F)
                  00305803    00000096     Charge.obj (.text)
                  00305899    00000096     sysbios.lib : BIOS.obj (.text:_ti_sysbios_knl_Event_post__E)
                  0030592f    00000089                 : BIOS.obj (.text:_ti_sysbios_family_c28_Hwi_enableInterrupt__E)
                  003059b8    00000088     rts2800_fpu32.lib : fs_div.obj (.text)
                  00305a40    00000084     sysbios.lib : BIOS.obj (.text:_ti_sysbios_family_c28_Hwi_disableInterrupt__E)
                  00305ac4    00000081     rts2800_fpu32.lib : ankmsg.obj (.text)
                  00305b45    0000007f     ti.targets.rts2800.a28FP : Startup.o28FP (.text:_xdc_runtime_Startup_startMods__I)
                  00305bc4    0000007a     sysbios.lib : BIOS.obj (.text:_ti_sysbios_knl_Semaphore_Instance_init__F)
                  00305c3e    00000079                 : BIOS.obj (.text:_ti_sysbios_gates_GateMutex_enter__E)
                  00305cb7    00000078                 : BIOS.obj (.text:_stopAndClear$3)
                  00305d2f    00000074     DSP2833x_CpuTimers.obj (.text)
                  00305da3    00000072     sysbios.lib : BIOS.obj (.text:_ti_sysbios_knl_Task_postInit__I)
                  00305e15    0000006d                 : BIOS.obj (.text:_ti_sysbios_knl_Clock_Instance_finalize__F)
                  00305e82    0000006d     ti.targets.rts2800.a28FP : Text.o28FP (.text:_xdc_runtime_Text_putSite__F)
                  00305eef    0000006b     sysbios.lib : BIOS.obj (.text:_ti_sysbios_knl_Task_checkStacks__E)
                  00305f5a    00000068     rts2800_fpu32.lib : exp.obj (.text)
                  00305fc2    00000065     sysbios.lib : BIOS.obj (.text:_ti_sysbios_knl_Swi_schedule__I)
                  00306027    0000005f                 : BIOS.obj (.text:_ti_sysbios_family_c28_Hwi_dispatchC__I)
                  00306086    0000005c     DSP2833x_ECap.obj (.text)
                  003060e2    00000058     rts2800_fpu32.lib : pow.obj (.text)
                  0030613a    00000056     DSP2833x_EQep.obj (.text)
                  00306190    00000056     sysbios.lib : BIOS.obj (.text:_ti_sysbios_knl_Task_schedule__I)
                  003061e6    00000056     boot.a28FP : boot_cg.o28FP (.text)
                  0030623c    00000054     rts2800_fpu32.lib : _log.obj (.text)
                  00306290    00000051     sysbios.lib : BIOS.obj (.text:_ti_sysbios_knl_Task_startup__E)
                  003062e1    00000051     ti.targets.rts2800.a28FP : Core-mem.o28FP (.text:_xdc_runtime_Core_deleteObject__I)
                  00306332    0000004e     sysbios.lib : BIOS.obj (.text:_ti_sysbios_knl_Task_exit__E)
                  00306380    0000004e     ti.targets.rts2800.a28FP : Memory.o28FP (.text:_xdc_runtime_Memory_alloc__F)
                  003063ce    0000004d     sysbios.lib : BIOS.obj (.text:_ti_sysbios_family_c28_TimestampProvider_get64__F)
                  0030641b    0000004d                 : BIOS.obj (.text:_ti_sysbios_knl_Task_Module_startup__F)
                  00306468    0000004c                 : BIOS.obj (.text:_ti_sysbios_knl_Clock_workFunc__E)
                  003064b4    00000047                 : BIOS.obj (.text:_ti_sysbios_family_c28_Hwi_Module_startup__F)
                  003064fb    00000046                 : BIOS.obj (.text:_ti_sysbios_knl_Swi_run__I)
                  00306541    00000044                 : BIOS.obj (.text:_ti_sysbios_knl_Clock_start__E)
                  00306585    00000043                 : BIOS.obj (.text:_ti_sysbios_family_c28_TimestampProvider_Module_startup__F)
                  003065c8    00000043     ti.targets.rts2800.a28FP : Text.o28FP (.text:_xdc_runtime_Text_putLab__F)
                  0030660b    00000042     sysbios.lib : BIOS.obj (.text:_rtsUnlock$0)
                  0030664d    00000042     ti.targets.rts2800.a28FP : Core-params.o28FP (.text:_xdc_runtime_Core_assignParams__I)
                  0030668f    00000041     DSP2833x_Sci.obj (.text)
                  003066d0    00000041     sysbios.lib : BIOS.obj (.text:_postInit$3)
                  00306711    00000041                 : BIOS.obj (.text:_ti_sysbios_family_c28_Hwi_unPluggedInterrupt__I)
                  00306752    00000040     ti.targets.rts2800.a28FP : System.o28FP (.text:_xdc_runtime_System_formatNum__I)
                  00306792    0000003f     app_p28FP.o28FP (.text:_xdc_runtime_LoggerBuf_Object__create__S)
                  003067d1    0000003f     ti.targets.rts2800.a28FP : LoggerBuf.o28FP (.text:_xdc_runtime_LoggerBuf_setFilterLevel__F)
                  00306810    0000003c                              : LoggerBuf.o28FP (.text:_xdc_runtime_LoggerBuf_getFilterLevel__F)
                  0030684c    0000003b     sysbios.lib : BIOS.obj (.text:_ti_sysbios_family_c28_TaskSupport_start__E)
                  00306887    00000039     rts2800_fpu32.lib : ldexp.obj (.text)
                  003068c0    00000038     sysbios.lib : BIOS.obj (.text:_ti_sysbios_knl_Swi_restoreHwi__E)
                  003068f8    00000037                 : BIOS.obj (.text:_ti_sysbios_knl_Task_unblockI__E)
                  0030692f    00000036     ti.targets.rts2800.a28FP : Error.o28FP (.text:_xdc_runtime_Error_print__F)
                  00306965    00000035                              : Startup.o28FP (.text:_xdc_runtime_Startup_exec__F)
                  0030699a    00000034                              : Text.o28FP (.text:_xdc_runtime_Text_putMod__F)
                  003069ce    00000032     sysbios.lib : BIOS.obj (.text:_ti_sysbios_family_c28_Timer_start__E)
                  00306a00    00000032     ti.targets.rts2800.a28FP : Assert.o28FP (.text:_xdc_runtime_Assert_raise__I)
                  00306a32    00000032                              : LoggerBuf.o28FP (.text:_xdc_runtime_LoggerBuf_Instance_init__F)
                  00306a64    00000030     sysbios.lib : BIOS.obj (.text:_ti_sysbios_knl_Semaphore_post__E)
                  00306a94    0000002e     rts2800_fpu32.lib : ltoa.obj (.text)
                  00306ac2    0000002a     sysbios.lib : BIOS.obj (.text:_ti_sysbios_family_c28_Timer_getExpiredCounts64__E)
                  00306aec    0000002a     rts2800_fpu32.lib : l_div.obj (.text)
                  00306b16    00000028     DSP2833x_PieCtrl.obj (.text)
                  00306b3e    00000028     ti.targets.rts2800.a28FP : SysMin.o28FP (.text:_xdc_runtime_SysMin_flush__F)
                  00306b66    00000027     rts2800_fpu32.lib : sinit.obj (.text)
                  00306b8d    00000026     DSP2833x_Spi.obj (.text)
                  00306bb3    00000026     sysbios.lib : BIOS.obj (.text:_ti_sysbios_family_c28_Timer_getExpiredCounts__E)
                  00306bd9    00000026                 : BIOS.obj (.text:_ti_sysbios_family_c28_Timer_setPrescale__F)
                  00306bff    00000026     rts2800_fpu32.lib : atexit.obj (.text)
                  00306c25    00000025     sysbios.lib : c28_TaskSupport_asm.obj (.text:_ti_sysbios_family_c28_TaskSupport_buildTaskStack)
                  00306c4a    00000024     app_p28FP.o28FP (.text:_ti_sysbios_knl_Clock_Object__create__S)
                  00306c6e    00000024     sysbios.lib : BIOS.obj (.text:_ti_sysbios_knl_Swi_post__E)
                  00306c92    00000022                 : BIOS.obj (.text:_ti_sysbios_knl_Task_blockI__E)
                  00306cb4    00000022     ti.targets.rts2800.a28FP : System.o28FP (.text:_xdc_runtime_System_rtsExit__I)
                  00306cd6    00000022     rts2800_fpu32.lib : i_div.obj (.text)
                  00306cf8    00000021     app_p28FP.o28FP (.text:_ti_sysbios_knl_Semaphore_Object__create__S)
                  00306d19    00000021     ti.targets.rts2800.a28FP : System.o28FP (.text:_xdc_runtime_System_atexit__F)
                  00306d3a    00000021     rts2800_fpu32.lib : memcpy_ff.obj (.text)
                  00306d5b    00000021     sysbios.lib : BIOS.obj (.text:ti_sysbios_hal_Hwi_checkStack:_ti_sysbios_hal_Hwi_checkStack)
                  00306d7c    00000020     DSP2833x_PieVect.obj (.text)
                  00306d9c    00000020     sysbios.lib : BIOS.obj (.text:_ti_sysbios_BIOS_errorRaiseHook__I)
                  00306dbc    00000020     ti.targets.rts2800.a28FP : Text.o28FP (.text:_xdc_runtime_Text_xprintf__I)
                  00306ddc    0000001e     sysbios.lib : BIOS.obj (.text:_ti_sysbios_family_c28_Hwi_getInterruptFlag__E)
                  00306dfa    0000001e                 : BIOS.obj (.text:_ti_sysbios_knl_Idle_run__E)
                  00306e18    0000001e     ti.targets.rts2800.a28FP : SysMin.o28FP (.text:_xdc_runtime_SysMin_putch__F)
                  00306e36    0000001d     sysbios.lib : c28_TaskSupport_asm.obj (.text:_ti_sysbios_family_c28_TaskSupport_swap__E)
                  00306e53    0000001d     app_p28FP.o28FP (.text:_ti_sysbios_gates_GateHwi_Object__create__S)
                  00306e70    0000001d     app_p28FP.o28FP (.text:_ti_sysbios_gates_GateMutex_Object__create__S)
                  00306e8d    0000001d     app_p28FP.o28FP (.text:_ti_sysbios_knl_Queue_Object__create__S)
                  00306eaa    0000001d     ti.targets.rts2800.a28FP : LoggerBuf.o28FP (.text:_xdc_runtime_LoggerBuf_filterOutEvent__I)
                  00306ec7    0000001d     app_p28FP.o28FP (.text:_xdc_runtime_LoggerBuf_write8__E)
                  00306ee4    0000001c     DSP2833x_Gpio.obj (.text)
                  00306f00    0000001a     ti.targets.rts2800.a28FP : Core-label.o28FP (.text:_xdc_runtime_Core_assignLabel__I)
                  00306f1a    0000001a                              : LoggerBuf.o28FP (.text:_xdc_runtime_LoggerBuf_Module_startup__F)
                  00306f34    0000001a     app_p28FP.o28FP (.text:_xdc_runtime_SysMin_output__I)
                  00306f4e    0000001a     sysbios.lib : BIOS.obj (.text:ti_sysbios_hal_Hwi_initStack:_ti_sysbios_hal_Hwi_initStack)
                  00306f68    00000019                 : BIOS.obj (.text:_ti_sysbios_gates_GateMutex_Instance_init__F)
                  00306f81    00000019                 : BIOS.obj (.text:_ti_sysbios_knl_Swi_restore__E)
                  00306f9a    00000019     ti.targets.rts2800.a28FP : Memory.o28FP (.text:_xdc_runtime_Memory_valloc__F)
                  00306fb3    00000019     rts2800_fpu32.lib : args_main.obj (.text)
                  00306fcc    00000019                       : exit.obj (.text)
                  00306fe5    00000018     sysbios.lib : BIOS.obj (.text:_ti_sysbios_knl_Event_pendTimeout__I)
                  00306ffd    00000018                 : BIOS.obj (.text:_ti_sysbios_knl_Semaphore_pendTimeout__I)
                  00307015    00000018     ti.targets.rts2800.a28FP : LoggerBuf.o28FP (.text:_xdc_runtime_LoggerBuf_reset__F)
                  0030702d    00000018     data_flash.obj (.text)
                  00307045    00000017     DSP2833x_I2C.obj (.text)
                  0030705c    00000017     app_p28FP.o28FP (.text:_ti_sysbios_heaps_HeapNull_Object__create__S)
                  00307073    00000017     app_p28FP.o28FP (.text:_ti_sysbios_knl_Clock_doTick__I)
                  0030708a    00000017     sysbios.lib : BIOS.obj (.text:_ti_sysbios_knl_Swi_Module_startup__F)
                  003070a1    00000017     ti.targets.rts2800.a28FP : SysMin.o28FP (.text:_xdc_runtime_SysMin_abort__F)
                  003070b8    00000017                              : Text.o28FP (.text:_xdc_runtime_Text_printVisFxn__I)
                  003070cf    00000016     app_p28FP.o28FP (.text:_ti_sysbios_BIOS_exitFunc__I)
                  003070e5    00000016     sysbios.lib : BIOS.obj (.text:_ti_sysbios_family_c28_Timer_Module_startup__F)
                  003070fb    00000016                 : BIOS.obj (.text:_ti_sysbios_family_c28_Timer_startup__E)
                  00307111    00000016                 : BIOS.obj (.text:_ti_sysbios_knl_Task_restore__E)
                  00307127    00000016     ti.targets.rts2800.a28FP : System.o28FP (.text:_xdc_runtime_System_avprintf__F)
                  0030713d    00000016                              : System.o28FP (.text:_xdc_runtime_System_vprintf__F)
                  00307153    00000016     rts2800_fpu32.lib : frexp.obj (.text)
                  00307169    00000015     DSP2833x_MemCopy.obj (.text)
                  0030717e    00000015     ti.targets.rts2800.a28FP : Text.o28FP (.text:_xdc_runtime_Text_cordText__F)
                  00307193    00000014     DSP2833x_Adc.obj (.text)
                  003071a7    00000014     ti.targets.rts2800.a28FP : System.o28FP (.text:_xdc_runtime_System_putchar__I)
                  003071bb    00000014     rts2800_fpu32.lib : ll_mpy.obj (.text)
                  003071cf    00000013     app_p28FP.o28FP (.text:_ti_sysbios_gates_GateMutex_Object__delete__S)
                  003071e2    00000013     sysbios.lib : BIOS.obj (.text:_ti_sysbios_knl_Clock_Module_startup__F)
                  003071f5    00000012                 : BIOS.obj (.text:_ti_sysbios_family_c28_Timer_stop__E)
                  00307207    00000012     app_p28FP.o28FP (.text:_ti_sysbios_gates_GateHwi_Object__delete__S)
                  00307219    00000012     app_p28FP.o28FP (.text:_ti_sysbios_heaps_HeapNull_Object__delete__S)
                  0030722b    00000012     app_p28FP.o28FP (.text:_xdc_runtime_LoggerBuf_Object__delete__S)
                  0030723d    00000011     app_p28FP.o28FP (.text:_ti_sysbios_family_c28_Hwi_Object__get__S)
                  0030724e    00000011     app_p28FP.o28FP (.text:_ti_sysbios_knl_Task_Object__get__S)
                  0030725f    00000011     sysbios.lib : BIOS.obj (.text:_ti_sysbios_knl_Task_sleepTimeout__I)
                  00307270    00000010                 : BIOS.obj (.text:_rtsLock$0)
                  00307280    00000010                 : BIOS.obj (.text:_ti_sysbios_knl_Task_restoreHwi__E)
                  00307290    0000000f                 : BIOS.obj (.text:_checkEvents$12)
                  0030729f    0000000f     app_p28FP.o28FP (.text:_ti_sysbios_BIOS_startFunc__I)
                  003072ae    0000000f     sysbios.lib : BIOS.obj (.text:_ti_sysbios_knl_Task_allBlockedFunction__I)
                  003072bd    0000000f     ti.targets.rts2800.a28FP : LoggerBuf.o28FP (.text:_xdc_runtime_LoggerBuf_write2__F)
                  003072cc    0000000f     app_p28FP.o28FP (.text:_xdc_runtime_LoggerBuf_write4__E)
                  003072db    0000000e     app_p28FP.o28FP (.text:_ti_sysbios_knl_Clock_Object__destruct__S)
                  003072e9    0000000e     app_p28FP.o28FP (.text:_ti_sysbios_knl_Semaphore_Object__destruct__S)
                  003072f7    0000000e     ti.targets.rts2800.a28FP : Registry.o28FP (.text:_xdc_runtime_Registry_findById__F)
                  00307305    0000000e                              : SysMin.o28FP (.text:_xdc_runtime_SysMin_Module_startup__F)
                  00307313    0000000e     rts2800_fpu32.lib : strpbrk.obj (.text)
                  00307321    0000000d     sysbios.lib : BIOS.obj (.text:_ti_sysbios_BIOS_registerRTSLock__I)
                  0030732e    0000000d                 : c28_Hwi_asm.obj (.text:_ti_sysbios_family_xxx_Hwi_switchToIsrStack)
                  0030733b    0000000d     app_p28FP.o28FP (.text:_ti_sysbios_gates_GateHwi_Handle__label__S)
                  00307348    0000000d     app_p28FP.o28FP (.text:_ti_sysbios_gates_GateMutex_Handle__label__S)
                  00307355    0000000d     app_p28FP.o28FP (.text:_ti_sysbios_heaps_HeapNull_Handle__label__S)
                  00307362    0000000d     app_p28FP.o28FP (.text:_ti_sysbios_knl_Clock_Params__init__S)
                  0030736f    0000000d     app_p28FP.o28FP (.text:_ti_sysbios_knl_Queue_Object__destruct__S)
                  0030737c    0000000d     sysbios.lib : BIOS.obj (.text:_ti_sysbios_knl_Task_enter__I)
                  00307389    0000000d     ti.targets.rts2800.a28FP : Error.o28FP (.text:_xdc_runtime_Error_check__F)
                  00307396    0000000d     app_p28FP.o28FP (.text:_xdc_runtime_LoggerBuf_Handle__label__S)
                  003073a3    0000000d     ti.targets.rts2800.a28FP : LoggerBuf.o28FP (.text:_xdc_runtime_LoggerBuf_write1__F)
                  003073b0    0000000d     rts2800_fpu32.lib : strcat.obj (.text)
                  003073bd    0000000c     app_p28FP.o28FP (.text:_ti_sysbios_family_c28_Hwi_disableIER__E)
                  003073c9    0000000c     sysbios.lib : BIOS.obj (.text:_ti_sysbios_gates_GateMutex_leave__E)
                  003073d5    0000000c                 : BIOS.obj (.text:_ti_sysbios_knl_Queue_put__E)
                  003073e1    0000000c     app_p28FP.o28FP (.text:_ti_sysbios_knl_Swi_Object__get__S)
                  003073ed    0000000c     app_p28FP.o28FP (.text:_xdc_runtime_LoggerBuf_Object__get__S)
                  003073f9    0000000c     ti.targets.rts2800.a28FP : Memory.o28FP (.text:_xdc_runtime_Memory_free__F)
                  00307405    0000000c                              : Text.o28FP (.text:_xdc_runtime_Text_ropeText__F)
                  00307411    0000000b     app_p28FP.o28FP (.text:_ti_sysbios_family_c28_Hwi_Module__startupDone__F)
                  0030741c    0000000b     app_p28FP.o28FP (.text:_ti_sysbios_family_c28_Hwi_enableIER__E)
                  00307427    0000000b     app_p28FP.o28FP (.text:_ti_sysbios_family_c28_Timer_Module__startupDone__F)
                  00307432    0000000b     app_p28FP.o28FP (.text:_ti_sysbios_hal_Timer_Module__startupDone__F)
                  0030743d    0000000b     sysbios.lib : BIOS.obj (.text:_ti_sysbios_knl_Idle_loop__E)
                  00307448    0000000b     app_p28FP.o28FP (.text:_ti_sysbios_knl_Queue_Object__get__S)
                  00307453    0000000b     app_p28FP.o28FP (.text:_ti_sysbios_knl_Task_SupportProxy_start__E)
                  0030745e    0000000b     sysbios.lib : BIOS.obj (.text:_ti_sysbios_knl_Task_unblock__E)
                  00307469    0000000b     ti.targets.rts2800.a28FP : LoggerBuf.o28FP (.text:_xdc_runtime_LoggerBuf_Instance_finalize__F)
                  00307474    0000000b                              : LoggerBuf.o28FP (.text:_xdc_runtime_LoggerBuf_write0__F)
                  0030747f    0000000b     app_p28FP.o28FP (.text:_xdc_runtime_LoggerBuf_write2__E)
                  0030748a    0000000b     ti.targets.rts2800.a28FP : SysMin.o28FP (.text:_xdc_runtime_SysMin_exit__F)
                  00307495    0000000b                              : System.o28FP (.text:_xdc_runtime_System_abort__F)
                  003074a0    0000000a     sysbios.lib : BIOS.obj (.text:_ti_sysbios_family_c28_TaskSupport_checkStack__E)
                  003074aa    0000000a                 : c28_Hwi_asm.obj (.text:_ti_sysbios_family_xxx_Hwi_switchToTaskStack)
                  003074b4    0000000a     rts2800_fpu32.lib : strcmp.obj (.text)
                  003074be    0000000a                       : strlen.obj (.text)
                  003074c8    00000009     app_p28FP.o28FP (.text:_ti_sysbios_family_c28_Hwi_restoreIER__E)
                  003074d1    00000009     sysbios.lib : c28_TaskSupport_asm.obj (.text:_ti_sysbios_family_c28_TaskSupport_glue)
                  003074da    00000009                 : BIOS.obj (.text:_ti_sysbios_family_c28_Timer_getPeriod__E)
                  003074e3    00000009                 : BIOS.obj (.text:_ti_sysbios_hal_Hwi_Module_startup__F)
                  003074ec    00000009                 : BIOS.obj (.text:_ti_sysbios_hal_Timer_Module_startup__F)
                  003074f5    00000009     ti.targets.rts2800.a28FP : System.o28FP (.text:_xdc_runtime_System_vsprintf__F)
                  003074fe    00000009     rts2800_fpu32.lib : _lock.obj (.text)
                  00307507    00000009                       : strcpy.obj (.text)
                  00307510    00000008     DSP2833x_CodeStartBranch.obj (.text)
                  00307518    00000008     sysbios.lib : BIOS.obj (.text:_ti_sysbios_gates_GateMutex_Instance_finalize__F)
                  00307520    00000008                 : BIOS.obj (.text:_ti_sysbios_knl_Queue_empty__E)
                  00307528    00000008                 : BIOS.obj (.text:_ti_sysbios_knl_Semaphore_Instance_finalize__F)
                  00307530    00000008     app_p28FP.o28FP (.text:_xdc_runtime_Memory_HeapProxy_alloc__E)
                  00307538    00000008     ti.targets.rts2800.a28FP : Memory.o28FP (.text:_xdc_runtime_Memory_calloc__F)
                  00307540    00000008     app_p28FP.o28FP (.text:_xdc_runtime_Startup_exec__I)
                  00307548    00000008     ti.targets.rts2800.a28FP : SysMin.o28FP (.text:_xdc_runtime_SysMin_ready__F)
                  00307550    00000007     app_p28FP.o28FP (.text:.bootCodeSection:_ti_catalog_c2800_init_Boot_init)
                  00307557    00000007     DSP2833x_DisInt.obj (.text)
                  0030755e    00000007     sysbios.lib : BIOS.obj (.text:_ti_sysbios_BIOS_setThreadType__E)
                  00307565    00000007     app_p28FP.o28FP (.text:_ti_sysbios_heaps_HeapNull_alloc__E)
                  0030756c    00000007     sysbios.lib : BIOS.obj (.text:_ti_sysbios_heaps_HeapNull_getStats__F)
                  00307573    00000007     ti.targets.rts2800.a28FP : Error.o28FP (.text:_xdc_runtime_Error_init__F)
                  0030757a    00000007     app_p28FP.o28FP (.text:_xdc_runtime_LoggerBuf_write1__E)
                  00307581    00000007     ti.targets.rts2800.a28FP : System.o28FP (.text:_xdc_runtime_System_Module_startup__F)
                  00307588    00000007     rts2800_fpu32.lib : memset.obj (.text)
                  0030758f    00000006     sysbios.lib : c28_IntrinsicsSupport_asm.obj (.text:_ti_sysbios_family_c28_IntrinsicsSupport_maxbit__E)
                  00307595    00000006                 : BIOS.obj (.text:_ti_sysbios_family_c28_TimestampProvider_rolloverFunc__F)
                  0030759b    00000006                 : BIOS.obj (.text:_ti_sysbios_family_c28_TimestampProvider_startTimer__F)
                  003075a1    00000006                 : BIOS.obj (.text:_ti_sysbios_knl_Swi_disable__E)
                  003075a7    00000006                 : BIOS.obj (.text:_ti_sysbios_knl_Task_disable__E)
                  003075ad    00000006     ti.targets.rts2800.a28FP : Gate.o28FP (.text:_xdc_runtime_Gate_enterSystem__F)
                  003075b3    00000006                              : Gate.o28FP (.text:_xdc_runtime_Gate_leaveSystem__F)
                  003075b9    00000006     app_p28FP.o28FP (.text:_xdc_runtime_System_aprintf__E)
                  003075bf    00000006     ti.targets.rts2800.a28FP : System.o28FP (.text:_xdc_runtime_System_exit__F)
                  003075c5    00000006     app_p28FP.o28FP (.text:_xdc_runtime_System_printf__E)
                  003075cb    00000005     sysbios.lib : BIOS.obj (.text:_ti_sysbios_BIOS_start__E)
                  003075d0    00000005                 : BIOS.obj (.text:_ti_sysbios_family_c28_Hwi_switchFromBootStack__E)
                  003075d5    00000005                 : BIOS.obj (.text:_ti_sysbios_gates_GateHwi_enter__E)
                  003075da    00000005     ti.targets.rts2800.a28FP : LoggerBuf.o28FP (.text:_xdc_runtime_LoggerBuf_enable__F)
                  003075df    00000004     app_p28FP.o28FP (.text:_ti_sysbios_family_c28_Hwi_disable__E)
                  003075e3    00000004     app_p28FP.o28FP (.text:_ti_sysbios_family_c28_Hwi_enable__E)
                  003075e7    00000004     app_p28FP.o28FP (.text:_ti_sysbios_family_c28_Hwi_startup__E)
                  003075eb    00000004     sysbios.lib : BIOS.obj (.text:_ti_sysbios_knl_Clock_getTicks__E)
                  003075ef    00000004                 : BIOS.obj (.text:_ti_sysbios_knl_Swi_startup__E)
                  003075f3    00000004     ti.targets.rts2800.a28FP : LoggerBuf.o28FP (.text:_xdc_runtime_LoggerBuf_disable__F)
                  003075f7    00000004     app_p28FP.o28FP (.text:_xdc_runtime_Memory_HeapProxy_free__E)
                  003075fb    00000004     ti.targets.rts2800.a28FP : Memory.o28FP (.text:_xdc_runtime_Memory_getMaxDefaultTypeAlign__F)
                  003075ff    00000003     Action.obj (.text)
                  00307602    00000003     DSP2833x_DBGIER.obj (.text)
                  00307605    00000003     ti.targets.rts2800.a28FP : xdc_noinit.o28FP (.text:___xdc__init)
                  00307608    00000003     app_p28FP.o28FP (.text:_ti_catalog_c2800_init_Boot_limpAbort)
                  0030760b    00000003     app_p28FP.o28FP (.text:_ti_sysbios_BIOS_RtsGateProxy_enter__E)
                  0030760e    00000003     app_p28FP.o28FP (.text:_ti_sysbios_BIOS_RtsGateProxy_leave__E)
                  00307611    00000003     app_p28FP.o28FP (.text:_ti_sysbios_family_c28_Hwi_Module_startup__E)
                  00307614    00000003     sysbios.lib : c28_Hwi_asm.obj (.text:_ti_sysbios_family_c28_Hwi_getIFR__I)
                  00307617    00000003     app_p28FP.o28FP (.text:_ti_sysbios_family_c28_Timer_Module_startup__E)
                  0030761a    00000003     app_p28FP.o28FP (.text:_ti_sysbios_family_c28_TimestampProvider_Module_startup__E)
                  0030761d    00000003     app_p28FP.o28FP (.text:_ti_sysbios_family_c28_TimestampProvider_get64__E)
                  00307620    00000003     app_p28FP.o28FP (.text:_ti_sysbios_family_c28_TimestampProvider_rolloverFunc__E)
                  00307623    00000003     app_p28FP.o28FP (.text:_ti_sysbios_family_c28_TimestampProvider_startTimer__E)
                  00307626    00000003     sysbios.lib : BIOS.obj (.text:_ti_sysbios_gates_GateHwi_leave__E)
                  00307629    00000003     app_p28FP.o28FP (.text:_ti_sysbios_gates_GateHwi_query__E)
                  0030762c    00000003     app_p28FP.o28FP (.text:_ti_sysbios_gates_GateMutex_query__E)
                  0030762f    00000003     app_p28FP.o28FP (.text:_ti_sysbios_hal_Hwi_HwiProxy_switchFromBootStack__E)
                  00307632    00000003     app_p28FP.o28FP (.text:_ti_sysbios_hal_Hwi_Module_startup__E)
                  00307635    00000003     sysbios.lib : BIOS.obj (.text:_ti_sysbios_hal_Hwi_startup__E)
                  00307638    00000003     app_p28FP.o28FP (.text:_ti_sysbios_hal_Timer_Module_startup__E)
                  0030763b    00000003     app_p28FP.o28FP (.text:_ti_sysbios_hal_Timer_TimerProxy_getPeriod__E)
                  0030763e    00000003     app_p28FP.o28FP (.text:_ti_sysbios_hal_Timer_TimerProxy_startup__E)
                  00307641    00000003     sysbios.lib : BIOS.obj (.text:_ti_sysbios_hal_Timer_startup__E)
                  00307644    00000003     app_p28FP.o28FP (.text:_ti_sysbios_heaps_HeapNull_free__E)
                  00307647    00000003     app_p28FP.o28FP (.text:_ti_sysbios_heaps_HeapNull_getStats__E)
                  0030764a    00000003     app_p28FP.o28FP (.text:_ti_sysbios_heaps_HeapNull_isBlocking__E)
                  0030764d    00000003     app_p28FP.o28FP (.text:_ti_sysbios_knl_Clock_Module_startup__E)
                  00307650    00000003     sysbios.lib : BIOS.obj (.text:_ti_sysbios_knl_Clock_stop__E)
                  00307653    00000003                 : BIOS.obj (.text:_ti_sysbios_knl_Queue_Instance_init__F)
                  00307656    00000003     app_p28FP.o28FP (.text:_ti_sysbios_knl_Swi_Module_startup__E)
                  00307659    00000003     app_p28FP.o28FP (.text:_ti_sysbios_knl_Task_Module_startup__E)
                  0030765c    00000003     app_p28FP.o28FP (.text:_ti_sysbios_knl_Task_SupportProxy_checkStack__E)
                  0030765f    00000003     app_p28FP.o28FP (.text:_ti_sysbios_knl_Task_SupportProxy_swap__E)
                  00307662    00000003     app_p28FP.o28FP (.text:_xdc_runtime_Error_check__E)
                  00307665    00000003     app_p28FP.o28FP (.text:_xdc_runtime_Error_print__E)
                  00307668    00000003     app_p28FP.o28FP (.text:_xdc_runtime_LoggerBuf_Module_GateProxy_enter__E)
                  0030766b    00000003     app_p28FP.o28FP (.text:_xdc_runtime_LoggerBuf_Module_GateProxy_leave__E)
                  0030766e    00000003     app_p28FP.o28FP (.text:_xdc_runtime_LoggerBuf_Module_startup__E)
                  00307671    00000003     app_p28FP.o28FP (.text:_xdc_runtime_LoggerBuf_disable__E)
                  00307674    00000003     app_p28FP.o28FP (.text:_xdc_runtime_LoggerBuf_enable__E)
                  00307677    00000003     app_p28FP.o28FP (.text:_xdc_runtime_LoggerBuf_getFilterLevel__E)
                  0030767a    00000003     app_p28FP.o28FP (.text:_xdc_runtime_LoggerBuf_setFilterLevel__E)
                  0030767d    00000003     app_p28FP.o28FP (.text:_xdc_runtime_LoggerBuf_write0__E)
                  00307680    00000003     app_p28FP.o28FP (.text:_xdc_runtime_SysMin_Module_startup__E)
                  00307683    00000003     app_p28FP.o28FP (.text:_xdc_runtime_SysMin_abort__E)
                  00307686    00000003     app_p28FP.o28FP (.text:_xdc_runtime_SysMin_exit__E)
                  00307689    00000003     app_p28FP.o28FP (.text:_xdc_runtime_SysMin_putch__E)
                  0030768c    00000003     app_p28FP.o28FP (.text:_xdc_runtime_SysMin_ready__E)
                  0030768f    00000003     app_p28FP.o28FP (.text:_xdc_runtime_System_Module_GateProxy_enter__E)
                  00307692    00000003     app_p28FP.o28FP (.text:_xdc_runtime_System_Module_GateProxy_leave__E)
                  00307695    00000003     app_p28FP.o28FP (.text:_xdc_runtime_System_Module_startup__E)
                  00307698    00000003     app_p28FP.o28FP (.text:_xdc_runtime_System_atexit__E)
                  0030769b    00000003     app_p28FP.o28FP (.text:_xdc_runtime_Text_putLab__E)
                  0030769e    00000003     app_p28FP.o28FP (.text:_xdc_runtime_Text_putSite__E)
                  003076a1    00000003     app_p28FP.o28FP (.text:_xdc_runtime_Text_visitRope__I)
                  003076a4    00000002     Boot.a28FP : Boot.o28FP (.text)
                  003076a6    00000002     app_p28FP.o28FP (.text:_ti_sysbios_family_c28_TaskSupport_Module__startupDone__S)
                  003076a8    00000002     sysbios.lib : BIOS.obj (.text:_ti_sysbios_gates_GateHwi_query__F)
                  003076aa    00000002                 : BIOS.obj (.text:_ti_sysbios_gates_GateMutex_query__F)
                  003076ac    00000002                 : BIOS.obj (.text:_ti_sysbios_heaps_HeapNull_alloc__F)
                  003076ae    00000002                 : BIOS.obj (.text:_ti_sysbios_heaps_HeapNull_isBlocking__F)
                  003076b0    00000002     ti.targets.rts2800.a28FP : Error.o28FP (.text:_xdc_runtime_Error_getSite__F)
                  003076b2    00000001     sysbios.lib : BIOS.obj (.text:_nullFunc$0)
                  003076b3    00000001                 : c28_Hwi_asm.obj (.text:_ti_sysbios_family_c28_Hwi_interruptReturn__I)
                  003076b4    00000001                 : BIOS.obj (.text:_ti_sysbios_gates_GateHwi_Instance_init__F)
                  003076b5    00000001                 : BIOS.obj (.text:_ti_sysbios_heaps_HeapNull_free__F)
                  003076b6    00000001                 : BIOS.obj (.text:_ti_sysbios_knl_Clock_logTick__E)

.econst    0    003076b8    00000d02     
                  003076b8    0000031a     ALFAT.obj (.econst:.string)
                  003079d2    000001ba     Bluetooth.obj (.econst:.string)
                  00307b8c    00000100     DSP2833x_PieVect.obj (.econst)
                  00307c8c    00000100     spi_if.obj (.econst:_CrcTable)
                  00307d8c    00000100     app_p28FP.o28FP (.econst:_ti_sysbios_family_c28_Hwi_vectors)
                  00307e8c    00000078     app_p28FP.o28FP (.econst)
                  00307f04    0000005d     app_p28FP.o28FP (.econst:.string)
                  00307f61    00000001     app_p28FP.o28FP (.econst:ti_sysbios_BIOS_Module__id__C)
                  00307f62    00000058     ti.targets.rts2800.a28FP : Error.o28FP (.econst:.string)
                  00307fba    00000050     spi_if.obj (.econst:_spi_regs_rw_mask)
                  0030800a    0000004b     ti.targets.rts2800.a28FP : Log.o28FP (.econst:.string)
                  00308055    00000001     app_p28FP.o28FP (.econst:ti_sysbios_family_c28_Hwi_Module__id__C)
                  00308056    00000045     ti.targets.rts2800.a28FP : Text.o28FP (.econst:.string)
                  0030809b    00000001     app_p28FP.o28FP (.econst:ti_sysbios_family_c28_Hwi_Object__count__C)
                  0030809c    00000040     data_flash.obj (.econst:_DATA_FLASH)
                  003080dc    0000002a     ti.targets.rts2800.a28FP : Startup.o28FP (.econst:.string)
                  00308106    0000001f                              : Core-mem.o28FP (.econst:.string)
                  00308125    00000001     app_p28FP.o28FP (.econst:ti_sysbios_family_c28_Hwi_zeroLatencyIERMask__C)
                  00308126    0000001e     app_p28FP.o28FP (.econst:xdc_runtime_LoggerBuf_Module__FXNS__C)
                  00308144    00000016     Charge.obj (.econst:.string)
                  0030815a    00000016     app_p28FP.o28FP (.econst:xdc_runtime_Startup_sfxnTab__A)
                  00308170    00000015     Sleep.obj (.econst:.string)
                  00308185    00000001     app_p28FP.o28FP (.econst:ti_sysbios_family_c28_TaskSupport_Module__id__C)
                  00308186    00000014     Race.obj (.econst:.string)
                  0030819a    00000014     app_p28FP.o28FP (.econst:ti_sysbios_heaps_HeapNull_Module__FXNS__C)
                  003081ae    00000012     app_p28FP.o28FP (.econst:ti_sysbios_gates_GateHwi_Module__FXNS__C)
                  003081c0    00000012     app_p28FP.o28FP (.econst:ti_sysbios_gates_GateMutex_Module__FXNS__C)
                  003081d2    00000012     app_p28FP.o28FP (.econst:xdc_runtime_LoggerBuf_Object__PARAMS__C)
                  003081e4    00000011     ti.targets.rts2800.a28FP : System.o28FP (.econst:_digtohex)
                  003081f5    00000001     app_p28FP.o28FP (.econst:ti_sysbios_family_c28_Timer_startupNeeded__C)
                  003081f6    00000010     app_p28FP.o28FP (.econst:ti_sysbios_gates_GateHwi_Object__DESC__C)
                  00308206    00000010     app_p28FP.o28FP (.econst:ti_sysbios_gates_GateMutex_Object__DESC__C)
                  00308216    00000010     app_p28FP.o28FP (.econst:ti_sysbios_heaps_HeapNull_Object__DESC__C)
                  00308226    00000010     app_p28FP.o28FP (.econst:ti_sysbios_knl_Clock_Object__DESC__C)
                  00308236    00000010     app_p28FP.o28FP (.econst:ti_sysbios_knl_Clock_Object__PARAMS__C)
                  00308246    00000010     app_p28FP.o28FP (.econst:ti_sysbios_knl_Queue_Object__DESC__C)
                  00308256    00000010     app_p28FP.o28FP (.econst:ti_sysbios_knl_Semaphore_Object__DESC__C)
                  00308266    00000010     app_p28FP.o28FP (.econst:ti_sysbios_knl_Semaphore_Object__PARAMS__C)
                  00308276    00000010     app_p28FP.o28FP (.econst:xdc_runtime_LoggerBuf_Object__DESC__C)
                  00308286    0000000c     app_p28FP.o28FP (.econst:ti_sysbios_gates_GateHwi_Object__PARAMS__C)
                  00308292    0000000c     app_p28FP.o28FP (.econst:ti_sysbios_gates_GateMutex_Object__PARAMS__C)
                  0030829e    0000000c     app_p28FP.o28FP (.econst:ti_sysbios_heaps_HeapNull_Object__PARAMS__C)
                  003082aa    0000000c     app_p28FP.o28FP (.econst:ti_sysbios_knl_Queue_Object__PARAMS__C)
                  003082b6    0000000c     app_p28FP.o28FP (.econst:ti_sysbios_knl_Task_hooks__A)
                  003082c2    0000000b     app_p28FP.o28FP (.econst:xdc_runtime_Startup_sfxnRts__A)
                  003082cd    00000001     app_p28FP.o28FP (.econst:ti_sysbios_family_c28_TimestampProvider_Module__id__C)
                  003082ce    00000008     LCD.obj (.econst:.string)
                  003082d6    00000007     ti.targets.rts2800.a28FP : System.o28FP (.econst:.string)
                  003082dd    00000001     app_p28FP.o28FP (.econst:ti_sysbios_family_c28_TimestampProvider_useClockTimer__C)
                  003082de    00000005     ti.targets.rts2800.a28FP : Assert.o28FP (.econst:.string)
                  003082e3    00000001     app_p28FP.o28FP (.econst:ti_sysbios_gates_GateMutex_Module__id__C)
                  003082e4    00000004     ti.targets.rts2800.a28FP : Diags.o28FP (.econst:.string)
                  003082e8    00000004     app_p28FP.o28FP (.econst:ti_sysbios_knl_Idle_funcList__C)
                  003082ec    00000004     app_p28FP.o28FP (.econst:ti_sysbios_knl_Task_hooks__C)
                  003082f0    00000004     app_p28FP.o28FP (.econst:xdc_runtime_Startup_firstFxns__C)
                  003082f4    00000004     app_p28FP.o28FP (.econst:xdc_runtime_Startup_lastFxns__C)
                  003082f8    00000002     app_p28FP.o28FP (.econst:ti_sysbios_BIOS_Module__diagsEnabled__C)
                  003082fa    00000002     app_p28FP.o28FP (.econst:ti_sysbios_BIOS_Module__diagsIncluded__C)
                  003082fc    00000002     app_p28FP.o28FP (.econst:ti_sysbios_BIOS_Module__diagsMask__C)
                  003082fe    00000002     app_p28FP.o28FP (.econst:ti_sysbios_BIOS_installedErrorHook__C)
                  00308300    00000002     app_p28FP.o28FP (.econst:ti_sysbios_family_c28_Hwi_A_badIntNum__C)
                  00308302    00000002     app_p28FP.o28FP (.econst:ti_sysbios_family_c28_Hwi_A_invalidArg__C)
                  00308304    00000002     app_p28FP.o28FP (.econst:ti_sysbios_family_c28_Hwi_E_unpluggedInterrupt__C)
                  00308306    00000002     app_p28FP.o28FP (.econst:ti_sysbios_family_c28_Hwi_Module__diagsEnabled__C)
                  00308308    00000002     app_p28FP.o28FP (.econst:ti_sysbios_family_c28_Hwi_Module__diagsIncluded__C)
                  0030830a    00000002     app_p28FP.o28FP (.econst:ti_sysbios_family_c28_Hwi_Module__diagsMask__C)
                  0030830c    00000002     app_p28FP.o28FP (.econst:ti_sysbios_family_c28_TaskSupport_E_invalidStack__C)
                  0030830e    00000002     app_p28FP.o28FP (.econst:ti_sysbios_family_c28_TimestampProvider_Module__diagsEnabled__C)
                  00308310    00000002     app_p28FP.o28FP (.econst:ti_sysbios_family_c28_TimestampProvider_Module__diagsIncluded__C)
                  00308312    00000002     app_p28FP.o28FP (.econst:ti_sysbios_family_c28_TimestampProvider_Module__diagsMask__C)
                  00308314    00000002     app_p28FP.o28FP (.econst:ti_sysbios_gates_GateMutex_A_badContext__C)
                  00308316    00000002     app_p28FP.o28FP (.econst:ti_sysbios_gates_GateMutex_Instance_State_sem__O)
                  00308318    00000002     app_p28FP.o28FP (.econst:ti_sysbios_gates_GateMutex_Module__diagsEnabled__C)
                  0030831a    00000002     app_p28FP.o28FP (.econst:ti_sysbios_gates_GateMutex_Module__diagsIncluded__C)
                  0030831c    00000002     app_p28FP.o28FP (.econst:ti_sysbios_gates_GateMutex_Module__diagsMask__C)
                  0030831e    00000002     app_p28FP.o28FP (.econst:ti_sysbios_hal_Hwi_E_stackOverflow__C)
                  00308320    00000002     app_p28FP.o28FP (.econst:ti_sysbios_knl_Clock_A_badThreadType__C)
                  00308322    00000002     app_p28FP.o28FP (.econst:ti_sysbios_knl_Clock_Module_State_clockQ__O)
                  00308324    00000002     app_p28FP.o28FP (.econst:ti_sysbios_knl_Clock_Module__diagsEnabled__C)
                  00308326    00000002     app_p28FP.o28FP (.econst:ti_sysbios_knl_Clock_Module__diagsIncluded__C)
                  00308328    00000002     app_p28FP.o28FP (.econst:ti_sysbios_knl_Clock_Module__diagsMask__C)
                  0030832a    00000002     app_p28FP.o28FP (.econst:ti_sysbios_knl_Event_A_badContext__C)
                  0030832c    00000002     app_p28FP.o28FP (.econst:ti_sysbios_knl_Event_A_eventInUse__C)
                  0030832e    00000002     app_p28FP.o28FP (.econst:ti_sysbios_knl_Event_A_nullEventId__C)
                  00308330    00000002     app_p28FP.o28FP (.econst:ti_sysbios_knl_Event_A_nullEventMasks__C)
                  00308332    00000002     app_p28FP.o28FP (.econst:ti_sysbios_knl_Event_Instance_State_pendQ__O)
                  00308334    00000002     app_p28FP.o28FP (.econst:ti_sysbios_knl_Event_Module__diagsEnabled__C)
                  00308336    00000002     app_p28FP.o28FP (.econst:ti_sysbios_knl_Event_Module__diagsIncluded__C)
                  00308338    00000002     app_p28FP.o28FP (.econst:ti_sysbios_knl_Event_Module__diagsMask__C)
                  0030833a    00000002     app_p28FP.o28FP (.econst:ti_sysbios_knl_Idle_funcList__A)
                  0030833c    00000002     app_p28FP.o28FP (.econst:ti_sysbios_knl_Semaphore_A_badContext__C)
                  0030833e    00000002     app_p28FP.o28FP (.econst:ti_sysbios_knl_Semaphore_A_noEvents__C)
                  00308340    00000002     app_p28FP.o28FP (.econst:ti_sysbios_knl_Semaphore_Instance_State_pendQ__O)
                  00308342    00000002     app_p28FP.o28FP (.econst:ti_sysbios_knl_Semaphore_Module__diagsEnabled__C)
                  00308344    00000002     app_p28FP.o28FP (.econst:ti_sysbios_knl_Semaphore_Module__diagsIncluded__C)
                  00308346    00000002     app_p28FP.o28FP (.econst:ti_sysbios_knl_Semaphore_Module__diagsMask__C)
                  00308348    00000002     app_p28FP.o28FP (.econst:ti_sysbios_knl_Task_A_badTimeout__C)
                  0030834a    00000002     app_p28FP.o28FP (.econst:ti_sysbios_knl_Task_E_spOutOfBounds__C)
                  0030834c    00000002     app_p28FP.o28FP (.econst:ti_sysbios_knl_Task_E_stackOverflow__C)
                  0030834e    00000002     app_p28FP.o28FP (.econst:ti_sysbios_knl_Task_Module_State_inactiveQ__O)
                  00308350    00000002     app_p28FP.o28FP (.econst:ti_sysbios_knl_Task_Module__diagsEnabled__C)
                  00308352    00000002     app_p28FP.o28FP (.econst:ti_sysbios_knl_Task_Module__diagsIncluded__C)
                  00308354    00000002     app_p28FP.o28FP (.econst:ti_sysbios_knl_Task_Module__diagsMask__C)
                  00308356    00000002     app_p28FP.o28FP (.econst:ti_sysbios_knl_Task_allBlockedFunc__C)
                  00308358    00000002     app_p28FP.o28FP (.econst:xdc_runtime_Assert_E_assertFailed__C)
                  0030835a    00000002     app_p28FP.o28FP (.econst:xdc_runtime_Core_A_initializedParams__C)
                  0030835c    00000002     app_p28FP.o28FP (.econst:xdc_runtime_Core_Module__diagsEnabled__C)
                  0030835e    00000002     app_p28FP.o28FP (.econst:xdc_runtime_Core_Module__diagsIncluded__C)
                  00308360    00000002     app_p28FP.o28FP (.econst:xdc_runtime_Core_Module__diagsMask__C)
                  00308362    00000002     app_p28FP.o28FP (.econst:xdc_runtime_Error_E_generic__C)
                  00308364    00000002     app_p28FP.o28FP (.econst:xdc_runtime_Error_E_memory__C)
                  00308366    00000002     app_p28FP.o28FP (.econst:xdc_runtime_Error_Module__diagsEnabled__C)
                  00308368    00000002     app_p28FP.o28FP (.econst:xdc_runtime_Error_Module__diagsIncluded__C)
                  0030836a    00000002     app_p28FP.o28FP (.econst:xdc_runtime_Error_Module__diagsMask__C)
                  0030836c    00000002     app_p28FP.o28FP (.econst:xdc_runtime_Error_Module__loggerFxn8__C)
                  0030836e    00000002     app_p28FP.o28FP (.econst:xdc_runtime_Error_Module__loggerObj__C)
                  00308370    00000002     app_p28FP.o28FP (.econst:xdc_runtime_Error_raiseHook__C)
                  00308372    00000002     app_p28FP.o28FP (.econst:xdc_runtime_IFilterLogger_Interface__BASE__C)
                  00308374    00000002     app_p28FP.o28FP (.econst:xdc_runtime_IGateProvider_Interface__BASE__C)
                  00308376    00000002     app_p28FP.o28FP (.econst:xdc_runtime_IHeap_Interface__BASE__C)
                  00308378    00000002     app_p28FP.o28FP (.econst:xdc_runtime_ILogger_Interface__BASE__C)
                  0030837a    00000002     app_p28FP.o28FP (.econst:xdc_runtime_IModule_Interface__BASE__C)
                  0030837c    00000002     app_p28FP.o28FP (.econst:xdc_runtime_Log_L_error__C)
                  0030837e    00000002     app_p28FP.o28FP (.econst:xdc_runtime_LoggerBuf_E_badLevel__C)
                  00308380    00000002     app_p28FP.o28FP (.econst:xdc_runtime_LoggerBuf_Module__gateObj__C)
                  00308382    00000002     app_p28FP.o28FP (.econst:xdc_runtime_LoggerBuf_statusLogger__C)
                  00308384    00000002     app_p28FP.o28FP (.econst:xdc_runtime_Memory_defaultHeapInstance__C)
                  00308386    00000002     app_p28FP.o28FP (.econst:xdc_runtime_Startup_execImpl__C)
                  00308388    00000002     app_p28FP.o28FP (.econst:xdc_runtime_Startup_firstFxns__A)
                  0030838a    00000002     app_p28FP.o28FP (.econst:xdc_runtime_Startup_lastFxns__A)
                  0030838c    00000002     app_p28FP.o28FP (.econst:xdc_runtime_Startup_sfxnRts__C)
                  0030838e    00000002     app_p28FP.o28FP (.econst:xdc_runtime_Startup_sfxnTab__C)
                  00308390    00000002     app_p28FP.o28FP (.econst:xdc_runtime_SysMin_bufSize__C)
                  00308392    00000002     app_p28FP.o28FP (.econst:xdc_runtime_SysMin_outputFunc__C)
                  00308394    00000002     app_p28FP.o28FP (.econst:xdc_runtime_System_Module__gateObj__C)
                  00308396    00000002     app_p28FP.o28FP (.econst:xdc_runtime_System_extendFxn__C)
                  00308398    00000002     app_p28FP.o28FP (.econst:xdc_runtime_Text_charTab__C)
                  0030839a    00000002     app_p28FP.o28FP (.econst:xdc_runtime_Text_nameEmpty__C)
                  0030839c    00000002     app_p28FP.o28FP (.econst:xdc_runtime_Text_nameStatic__C)
                  0030839e    00000002     app_p28FP.o28FP (.econst:xdc_runtime_Text_nameUnknown__C)
                  003083a0    00000002     app_p28FP.o28FP (.econst:xdc_runtime_Text_visitRopeFxn__C)
                  003083a2    00000001     app_p28FP.o28FP (.econst:ti_sysbios_hal_Hwi_Module__id__C)
                  003083a3    00000001     app_p28FP.o28FP (.econst:ti_sysbios_knl_Clock_Module__id__C)
                  003083a4    00000001     app_p28FP.o28FP (.econst:ti_sysbios_knl_Event_Module__id__C)
                  003083a5    00000001     app_p28FP.o28FP (.econst:ti_sysbios_knl_Semaphore_Module__id__C)
                  003083a6    00000001     app_p28FP.o28FP (.econst:ti_sysbios_knl_Swi_Object__count__C)
                  003083a7    00000001     app_p28FP.o28FP (.econst:ti_sysbios_knl_Task_Module__id__C)
                  003083a8    00000001     app_p28FP.o28FP (.econst:ti_sysbios_knl_Task_Object__count__C)
                  003083a9    00000001     app_p28FP.o28FP (.econst:ti_sysbios_knl_Task_initStackFlag__C)
                  003083aa    00000001     app_p28FP.o28FP (.econst:ti_sysbios_knl_Task_numConstructedTasks__C)
                  003083ab    00000001     app_p28FP.o28FP (.econst:xdc_runtime_Core_Module__id__C)
                  003083ac    00000001     app_p28FP.o28FP (.econst:xdc_runtime_Error_Module__loggerDefined__C)
                  003083ad    00000001     app_p28FP.o28FP (.econst:xdc_runtime_Error_maxDepth__C)
                  003083ae    00000001     app_p28FP.o28FP (.econst:xdc_runtime_Error_policy__C)
                  003083af    00000001     app_p28FP.o28FP (.econst:xdc_runtime_LoggerBuf_Module__id__C)
                  003083b0    00000001     app_p28FP.o28FP (.econst:xdc_runtime_LoggerBuf_Object__count__C)
                  003083b1    00000001     app_p28FP.o28FP (.econst:xdc_runtime_LoggerBuf_filterByLevel__C)
                  003083b2    00000001     app_p28FP.o28FP (.econst:xdc_runtime_Memory_Module__id__C)
                  003083b3    00000001     app_p28FP.o28FP (.econst:xdc_runtime_Startup_maxPasses__C)
                  003083b4    00000001     app_p28FP.o28FP (.econst:xdc_runtime_SysMin_flushAtExit__C)
                  003083b5    00000001     app_p28FP.o28FP (.econst:xdc_runtime_System_maxAtexitHandlers__C)
                  003083b6    00000001     app_p28FP.o28FP (.econst:xdc_runtime_Text_charCnt__C)
                  003083b7    00000001     app_p28FP.o28FP (.econst:xdc_runtime_Text_isLoaded__C)
                  003083b8    00000001     app_p28FP.o28FP (.econst:xdc_runtime_Text_registryModsLastId__C)
                  003083b9    00000001     app_p28FP.o28FP (.econst:xdc_runtime_Text_unnamedModsLastId__C)

.cinit     0    003083ba    00000814     
                  003083ba    0000074b     app_p28FP.o28FP (.cinit)
                  00308b05    0000005c     I2C.obj (.cinit)
                  00308b61    00000034     ALFAT.obj (.cinit)
                  00308b95    0000000a     rts2800_fpu32.lib : _lock.obj (.cinit)
                  00308b9f    0000000a                       : exit.obj (.cinit)
                  00308ba9    00000008                       : atexit.obj (.cinit)
                  00308bb1    00000006     sysbios.lib : BIOS.obj (.cinit)
                  00308bb7    00000005     rts2800_fpu32.lib : sinit.obj (.cinit)
                  00308bbc    00000004     BQ.obj (.cinit)
                  00308bc0    00000004     adc.obj (.cinit)
                  00308bc4    00000004     eCAN.obj (.cinit)
                  00308bc8    00000004     rts2800_fpu32.lib : errno.obj (.cinit)
                  00308bcc    00000002     --HOLE-- [fill = 0]

ramfuncs   0    00308bce    0000001f     RUN ADDR = 0000e628
                  00308bce    0000001b     DSP2833x_SysCtrl.obj (ramfuncs)
                  00308be9    00000004     DSP2833x_usDelay.obj (ramfuncs)

.switch    0    00308bee    0000001c     
                  00308bee    0000001c     sysbios.lib : BIOS.obj (.switch:_ti_sysbios_family_c28_Hwi_clearInterrupt__E)

csm_rsvd   0    0033ff80    00000076     
                  0033ff80    00000076     DSP2833x_CSMPasswords.obj (csm_rsvd)

codestart 
*          0    0033fff6    00000002     
                  0033fff6    00000002     DSP2833x_CodeStartBranch.obj (codestart)

csmpasswds 
*          0    0033fff8    00000008     
                  0033fff8    00000008     DSP2833x_CSMPasswords.obj (csmpasswds)

.adc_cal   0    00380080    00000007     NOLOAD SECTION
                  00380080    00000007     DSP2833x_ADC_cal.obj (.adc_cal)

.stack     1    00000000    00000400     UNINITIALIZED
                  00000000    00000400     --HOLE--

DevEmuRegsFile 
*          1    00000880    000000d0     UNINITIALIZED
                  00000880    000000d0     DSP2833x_GlobalVariableDefs.obj (DevEmuRegsFile)

FlashRegsFile 
*          1    00000a80    00000008     UNINITIALIZED
                  00000a80    00000008     DSP2833x_GlobalVariableDefs.obj (FlashRegsFile)

CsmRegsFile 
*          1    00000ae0    00000010     UNINITIALIZED
                  00000ae0    00000010     DSP2833x_GlobalVariableDefs.obj (CsmRegsFile)

AdcMirrorFile 
*          1    00000b00    00000010     UNINITIALIZED
                  00000b00    00000010     DSP2833x_GlobalVariableDefs.obj (AdcMirrorFile)

XintfRegsFile 
*          1    00000b20    0000001e     UNINITIALIZED
                  00000b20    0000001e     DSP2833x_GlobalVariableDefs.obj (XintfRegsFile)

CpuTimer0RegsFile 
*          1    00000c00    00000008     UNINITIALIZED
                  00000c00    00000008     DSP2833x_GlobalVariableDefs.obj (CpuTimer0RegsFile)

CpuTimer1RegsFile 
*          1    00000c08    00000008     UNINITIALIZED
                  00000c08    00000008     DSP2833x_GlobalVariableDefs.obj (CpuTimer1RegsFile)

CpuTimer2RegsFile 
*          1    00000c10    00000008     UNINITIALIZED
                  00000c10    00000008     DSP2833x_GlobalVariableDefs.obj (CpuTimer2RegsFile)

PieCtrlRegsFile 
*          1    00000ce0    0000001a     UNINITIALIZED
                  00000ce0    0000001a     DSP2833x_GlobalVariableDefs.obj (PieCtrlRegsFile)

DmaRegsFile 
*          1    00001000    000000e0     UNINITIALIZED
                  00001000    000000e0     DSP2833x_GlobalVariableDefs.obj (DmaRegsFile)

McbspaRegsFile 
*          1    00005000    00000025     UNINITIALIZED
                  00005000    00000025     DSP2833x_GlobalVariableDefs.obj (McbspaRegsFile)

McbspbRegsFile 
*          1    00005040    00000025     UNINITIALIZED
                  00005040    00000025     DSP2833x_GlobalVariableDefs.obj (McbspbRegsFile)

ECanaRegsFile 
*          1    00006000    00000034     UNINITIALIZED
                  00006000    00000034     DSP2833x_GlobalVariableDefs.obj (ECanaRegsFile)

ECanaLAMRegsFile 
*          1    00006040    00000040     UNINITIALIZED
                  00006040    00000040     DSP2833x_GlobalVariableDefs.obj (ECanaLAMRegsFile)

ECanaMOTSRegsFile 
*          1    00006080    00000040     UNINITIALIZED
                  00006080    00000040     DSP2833x_GlobalVariableDefs.obj (ECanaMOTSRegsFile)

ECanaMOTORegsFile 
*          1    000060c0    00000040     UNINITIALIZED
                  000060c0    00000040     DSP2833x_GlobalVariableDefs.obj (ECanaMOTORegsFile)

ECanaMboxesFile 
*          1    00006100    00000100     UNINITIALIZED
                  00006100    00000100     DSP2833x_GlobalVariableDefs.obj (ECanaMboxesFile)

ECanbRegsFile 
*          1    00006200    00000034     UNINITIALIZED
                  00006200    00000034     DSP2833x_GlobalVariableDefs.obj (ECanbRegsFile)

ECanbLAMRegsFile 
*          1    00006240    00000040     UNINITIALIZED
                  00006240    00000040     DSP2833x_GlobalVariableDefs.obj (ECanbLAMRegsFile)

ECanbMOTSRegsFile 
*          1    00006280    00000040     UNINITIALIZED
                  00006280    00000040     DSP2833x_GlobalVariableDefs.obj (ECanbMOTSRegsFile)

ECanbMOTORegsFile 
*          1    000062c0    00000040     UNINITIALIZED
                  000062c0    00000040     DSP2833x_GlobalVariableDefs.obj (ECanbMOTORegsFile)

ECanbMboxesFile 
*          1    00006300    00000100     UNINITIALIZED
                  00006300    00000100     DSP2833x_GlobalVariableDefs.obj (ECanbMboxesFile)

EPwm1RegsFile 
*          1    00006800    00000022     UNINITIALIZED
                  00006800    00000022     DSP2833x_GlobalVariableDefs.obj (EPwm1RegsFile)

EPwm2RegsFile 
*          1    00006840    00000022     UNINITIALIZED
                  00006840    00000022     DSP2833x_GlobalVariableDefs.obj (EPwm2RegsFile)

EPwm3RegsFile 
*          1    00006880    00000022     UNINITIALIZED
                  00006880    00000022     DSP2833x_GlobalVariableDefs.obj (EPwm3RegsFile)

EPwm4RegsFile 
*          1    000068c0    00000022     UNINITIALIZED
                  000068c0    00000022     DSP2833x_GlobalVariableDefs.obj (EPwm4RegsFile)

EPwm5RegsFile 
*          1    00006900    00000022     UNINITIALIZED
                  00006900    00000022     DSP2833x_GlobalVariableDefs.obj (EPwm5RegsFile)

EPwm6RegsFile 
*          1    00006940    00000022     UNINITIALIZED
                  00006940    00000022     DSP2833x_GlobalVariableDefs.obj (EPwm6RegsFile)

ECap1RegsFile 
*          1    00006a00    00000020     UNINITIALIZED
                  00006a00    00000020     DSP2833x_GlobalVariableDefs.obj (ECap1RegsFile)

ECap2RegsFile 
*          1    00006a20    00000020     UNINITIALIZED
                  00006a20    00000020     DSP2833x_GlobalVariableDefs.obj (ECap2RegsFile)

ECap3RegsFile 
*          1    00006a40    00000020     UNINITIALIZED
                  00006a40    00000020     DSP2833x_GlobalVariableDefs.obj (ECap3RegsFile)

ECap4RegsFile 
*          1    00006a60    00000020     UNINITIALIZED
                  00006a60    00000020     DSP2833x_GlobalVariableDefs.obj (ECap4RegsFile)

ECap5RegsFile 
*          1    00006a80    00000020     UNINITIALIZED
                  00006a80    00000020     DSP2833x_GlobalVariableDefs.obj (ECap5RegsFile)

ECap6RegsFile 
*          1    00006aa0    00000020     UNINITIALIZED
                  00006aa0    00000020     DSP2833x_GlobalVariableDefs.obj (ECap6RegsFile)

EQep1RegsFile 
*          1    00006b00    00000040     UNINITIALIZED
                  00006b00    00000040     DSP2833x_GlobalVariableDefs.obj (EQep1RegsFile)

EQep2RegsFile 
*          1    00006b40    00000040     UNINITIALIZED
                  00006b40    00000040     DSP2833x_GlobalVariableDefs.obj (EQep2RegsFile)

GpioCtrlRegsFile 
*          1    00006f80    0000002e     UNINITIALIZED
                  00006f80    0000002e     DSP2833x_GlobalVariableDefs.obj (GpioCtrlRegsFile)

GpioDataRegsFile 
*          1    00006fc0    00000020     UNINITIALIZED
                  00006fc0    00000020     DSP2833x_GlobalVariableDefs.obj (GpioDataRegsFile)

GpioIntRegsFile 
*          1    00006fe0    0000000a     UNINITIALIZED
                  00006fe0    0000000a     DSP2833x_GlobalVariableDefs.obj (GpioIntRegsFile)

SysCtrlRegsFile 
*          1    00007010    00000020     UNINITIALIZED
                  00007010    00000020     DSP2833x_GlobalVariableDefs.obj (SysCtrlRegsFile)

SpiaRegsFile 
*          1    00007040    00000010     UNINITIALIZED
                  00007040    00000010     DSP2833x_GlobalVariableDefs.obj (SpiaRegsFile)

SciaRegsFile 
*          1    00007050    00000010     UNINITIALIZED
                  00007050    00000010     DSP2833x_GlobalVariableDefs.obj (SciaRegsFile)

XIntruptRegsFile 
*          1    00007070    00000010     UNINITIALIZED
                  00007070    00000010     DSP2833x_GlobalVariableDefs.obj (XIntruptRegsFile)

AdcRegsFile 
*          1    00007100    0000001e     UNINITIALIZED
                  00007100    0000001e     DSP2833x_GlobalVariableDefs.obj (AdcRegsFile)

ScibRegsFile 
*          1    00007750    00000010     UNINITIALIZED
                  00007750    00000010     DSP2833x_GlobalVariableDefs.obj (ScibRegsFile)

ScicRegsFile 
*          1    00007770    00000010     UNINITIALIZED
                  00007770    00000010     DSP2833x_GlobalVariableDefs.obj (ScicRegsFile)

I2caRegsFile 
*          1    00007900    00000022     UNINITIALIZED
                  00007900    00000022     DSP2833x_GlobalVariableDefs.obj (I2caRegsFile)

.ebss      1    00008000    00006628     UNINITIALIZED
                  00008000    00004800     app_p28FP.o28FP (.ebss:taskStackSection)
                  0000c800    0000107f     ALFAT.obj (.ebss)
                  0000d87f    00000001     Sleep.obj (.ebss)
                  0000d880    00000840     app_p28FP.o28FP (.ebss)
                  0000e0c0    000001e2     bq_pack.obj (.ebss)
                  0000e2a2    00000018     DSP2833x_CpuTimers.obj (.ebss)
                  0000e2ba    00000006     main.obj (.ebss)
                  0000e2c0    00000108     rts2800_fpu32.lib : trgdrv.obj (.ebss)
                  0000e3c8    0000000c     Bluetooth.obj (.ebss)
                  0000e3d4    0000000c     LCD.obj (.ebss)
                  0000e3e0    00000008     adc.obj (.ebss)
                  0000e3e8    00000008     ext_adc.obj (.ebss)
                  0000e3f0    00000004     rts2800_fpu32.lib : _lock.obj (.ebss)
                  0000e3f4    00000004                       : exit.obj (.ebss)
                  0000e3f8    00000003     sysbios.lib : BIOS.obj (.ebss)
                  0000e3fb    00000002     BQ.obj (.ebss)
                  0000e3fd    00000001     rts2800_fpu32.lib : errno.obj (.ebss)
                  0000e3fe    00000002                       : sinit.obj (.ebss)
                  0000e400    00000100                       : atexit.obj (.ebss)
                  0000e500    0000008b     I2C.obj (.ebss)
                  0000e58b    00000001     spi_if.obj (.ebss)
                  0000e58c    00000034     --HOLE--
                  0000e5c0    00000068     eCAN.obj (.ebss)

.cio       1    0000e680    00000120     UNINITIALIZED
                  0000e680    00000120     rts2800_fpu32.lib : ankmsg.obj (.cio)

CsmPwlFile 
*          1    0033fff8    00000008     UNINITIALIZED
                  0033fff8    00000008     DSP2833x_GlobalVariableDefs.obj (CsmPwlFile)

PartIdRegsFile 
*          1    00380090    00000001     UNINITIALIZED
                  00380090    00000001     DSP2833x_GlobalVariableDefs.obj (PartIdRegsFile)


GLOBAL SYMBOLS: SORTED ALPHABETICALLY BY Name 

address    name
--------   ----
00300000   .text
00306fcc   C$$EXIT
00305b10   C$$IO$$
003059b8   FS$$DIV
00306cd6   I$$DIV
00306ce7   I$$MOD
00306aec   L$$DIV
00306afb   L$$MOD
00304a23   LL$$DIV
00304a5f   LL$$MOD
003071bb   LL$$MPY
00306b09   UL$$DIV
00306b10   UL$$MOD
00304a99   ULL$$DIV
00304ac8   ULL$$MOD
0000e3e4   _ADC
00303172   _ADCINT_ISR
00307e98   _ADC_CLOCK
00380080   _ADC_cal
00307e9e   _ADC_complete
00307ede   _ALFAT_CLOCK
00300000   _ALFAT_Disable
00300025   _ALFAT_Startup
0000c80b   _ALFAT_status
00000b00   _AdcMirror
00007100   _AdcRegs
00307ebe   _Alfat
00301422   _BMM_Sleep
0030144c   _BMM_Wake
00307eac   _BQ
00307eb4   _BQAlert
00307ea8   _BQAlertTask
00307eb2   _BQFault
00307ea6   _BQFualtTask
00307ed6   _BQ_CLOCK
00307ea4   _BQ_DRDY
003043d0   _BQ_Disable
003043a4   _BQ_Startup
0000e3c8   _BT
00307ec8   _BT_CLOCK
00301d92   _BT_Disable
00301d84   _BT_Startup
0030216f   _BT_msg
003017c4   _BatteryPackManager
003013b3   _Battery_Voltage_Headers
0000e2ba   _Bike
00307edc   _Bluetooth
0000e600   _CAN_cache
0030494b   _CLK_ADC
00300558   _CLK_Alfat
00301d9b   _CLK_BT
00303d47   _CLK_Ext_ADC
00302d23   _CLK_LCD
0030110a   _CLK_TimeStamp
00304738   _CPU_Sleep
00301790   _CellBalancing
00305803   _Charge
00307e8c   _Charge_Sense
0030162f   _CheckFaultConditions
0030376b   _Check_Mode
003037f3   _Close_Contactors
00305d68   _ConfigCpuTimer
0000e2b2   _CpuTimer0
00000c00   _CpuTimer0Regs
0000e2a2   _CpuTimer1
00000c08   _CpuTimer1Regs
0000e2aa   _CpuTimer2
00000c10   _CpuTimer2Regs
00307c8c   _CrcTable
0033fff8   _CsmPwl
00000ae0   _CsmRegs
00304ddf   _CsmUnlock
003030a0   _DATALOG_ISR
0030809c   _DATA_FLASH
00303294   _DINTCH1_ISR
0030329e   _DINTCH2_ISR
003032a8   _DINTCH3_ISR
003032b2   _DINTCH4_ISR
003032bc   _DINTCH5_ISR
003032c6   _DINTCH6_ISR
003021dd   _DMACH1AddrConfig
003021ef   _DMACH1BurstConfig
00302222   _DMACH1ModeConfig
003021ff   _DMACH1TransferConfig
0030220f   _DMACH1WrapConfig
00302284   _DMACH2AddrConfig
00302296   _DMACH2BurstConfig
003022c9   _DMACH2ModeConfig
003022a6   _DMACH2TransferConfig
003022b6   _DMACH2WrapConfig
0030232b   _DMACH3AddrConfig
0030233d   _DMACH3BurstConfig
00302370   _DMACH3ModeConfig
0030234d   _DMACH3TransferConfig
0030235d   _DMACH3WrapConfig
003023d2   _DMACH4AddrConfig
003023e4   _DMACH4BurstConfig
00302417   _DMACH4ModeConfig
003023f4   _DMACH4TransferConfig
00302404   _DMACH4WrapConfig
00302479   _DMACH5AddrConfig
0030248b   _DMACH5BurstConfig
003024be   _DMACH5ModeConfig
0030249b   _DMACH5TransferConfig
003024ab   _DMACH5WrapConfig
00302520   _DMACH6AddrConfig
00302532   _DMACH6BurstConfig
00302565   _DMACH6ModeConfig
00302542   _DMACH6TransferConfig
00302552   _DMACH6WrapConfig
003021d2   _DMAInitialize
00307557   _DSP28x_DisableInt
0030755b   _DSP28x_RestoreInt
0000e643   _DSP28x_usDelay
003005f3   _DataMerger
00000880   _DevEmuRegs
00304d2e   _DisableDog
00304942   _Disable_ADC
003075ff   _Disable_WAKEINT
003037cc   _Disconnect_Contactors
00001000   _DmaRegs
00303320   _ECAN0INTA_ISR
00303334   _ECAN0INTB_ISR
0030332a   _ECAN1INTA_ISR
0030333e   _ECAN1INTB_ISR
00303208   _ECAP1_INT_ISR
00303212   _ECAP2_INT_ISR
0030321c   _ECAP3_INT_ISR
00303226   _ECAP4_INT_ISR
00303230   _ECAP5_INT_ISR
0030323a   _ECAP6_INT_ISR
00006040   _ECanaLAMRegs
000060c0   _ECanaMOTORegs
00006080   _ECanaMOTSRegs
00006100   _ECanaMboxes
00006000   _ECanaRegs
00006240   _ECanbLAMRegs
000062c0   _ECanbMOTORegs
00006280   _ECanbMOTSRegs
00006300   _ECanbMboxes
00006200   _ECanbRegs
00006a00   _ECap1Regs
00006a20   _ECap2Regs
00006a40   _ECap3Regs
00006a60   _ECap4Regs
00006a80   _ECap5Regs
00006aa0   _ECap6Regs
003030b4   _EMUINT_ISR
003031cc   _EPWM1_INT_ISR
00303190   _EPWM1_TZINT_ISR
003031d6   _EPWM2_INT_ISR
0030319a   _EPWM2_TZINT_ISR
003031e0   _EPWM3_INT_ISR
003031a4   _EPWM3_TZINT_ISR
003031ea   _EPWM4_INT_ISR
003031ae   _EPWM4_TZINT_ISR
003031f4   _EPWM5_INT_ISR
003031b8   _EPWM5_TZINT_ISR
003031fe   _EPWM6_INT_ISR
003031c2   _EPWM6_TZINT_ISR
00006800   _EPwm1Regs
00006840   _EPwm2Regs
00006880   _EPwm3Regs
000068c0   _EPwm4Regs
00006900   _EPwm5Regs
00006940   _EPwm6Regs
00303244   _EQEP1_INT_ISR
0030324e   _EQEP2_INT_ISR
00006b00   _EQep1Regs
00006b40   _EQep2Regs
00307e90   _ESTOP
00307ee6   _EVT_ADC
00307ef8   _EVT_Alfat_CLK
00307efe   _EVT_Alfat_DONE
00307eaa   _EVT_BQ
00307ebc   _EVT_BQAlert
00307eba   _EVT_BQFault
00307ea2   _EVT_BQ_DRDY
00307ec6   _EVT_BT_CLK
00307e94   _EVT_Change_Mode
00307eae   _EVT_Error
00307efc   _EVT_Ext_ADC_CLK
00307ec4   _EVT_LCD_CLK
00307eca   _EVT_LCD_Tx
00307ee0   _EVT_SCIa_Rx
00307ed4   _EVT_SCIa_Tx
00307ef4   _EVT_SPI_Rx
00307ef2   _EVT_SPI_Tx
00307efa   _EVT_Sleep
00307e92   _EVT_Sleep_M
00307e9c   _EVT_TimeStamp_CLK
00307eec   _EVT_byteRec
00307ed8   _EVT_eCAN_Int
00307eee   _EXT_ADC_CLOCK
00307ed2   _Ecan_int
00306b35   _EnableInterrupts
00307eb0   _ErrorHandler
003011a3   _Event_Logger
00303d8a   _Ext_Adc_Error_Check
0000e50d   _FAIL_TEST
00307f02   _Fault_Override
00000a80   _FlashRegs
003012e6   _Flush_SD
00305845   _GPIO_Charge
0030364b   _GPIO_INIT
00305716   _GPIO_Race
00304704   _GPIO_Sleep
0030476c   _GPIO_Sleep_Measurment
00301407   _Get_Time
00006f80   _GpioCtrlRegs
00006fc0   _GpioDataRegs
00006fe0   _GpioIntRegs
00303c90   _HOSTclock
00303c69   _HOSTclose
00303c21   _HOSTlseek
00303be5   _HOSTopen
00303bab   _HOSTread
00303b6e   _HOSTrename
00303b42   _HOSTtime
00303b1d   _HOSTunlink
00303ae3   _HOSTwrite
00303782   _HWI_12v_Sense
00304964   _HWI_ADC_ConversionComplete
00304434   _HWI_BQAlert
003043f7   _HWI_BQFault
0030448f   _HWI_BQ_DRDY
0030379a   _HWI_Charge_Sense
003037b9   _HWI_Fault_Override
00302b96   _HWI_I2C
0030300b   _HWI_LCD_TxComplete
003037a7   _HWI_ON_SW
003021b9   _HWI_SCIa_RxRecieved
003021af   _HWI_SCIa_TxComplete
0030438d   _HWI_SPI_RxRecieved
00304383   _HWI_SPI_TxComplete
003047a8   _HWI_WAKEINT
00303516   _HWI_eCAN_Int
00307eea   _I2C
003032d0   _I2CINT1A_ISR
003032da   _I2CINT2A_ISR
003029b5   _I2C_Disable
003029d0   _I2C_Startup
00302ba8   _I2C_print
00007900   _I2caRegs
003030c8   _ILLEGAL_ISR
0030308c   _INT13_ISR
00303096   _INT14_ISR
00307193   _InitAdc
003044ad   _InitBQ76PL536ports
00305d2f   _InitCpuTimers
003047cf   _InitECan
003048d8   _InitECanGpio
003047d4   _InitECana
003048dd   _InitECanaGpio
00304857   _InitECanb
003048f3   _InitECanbGpio
00306086   _InitECap
00306094   _InitECap1Gpio
003060a2   _InitECap2Gpio
003060ae   _InitECap3Gpio
003060ba   _InitECap4Gpio
003060c6   _InitECap5Gpio
003060d4   _InitECap6Gpio
00306087   _InitECapGpio
0030526a   _InitEPwm
00305278   _InitEPwm1Gpio
0030528a   _InitEPwm2Gpio
0030529c   _InitEPwm3Gpio
003052b0   _InitEPwm4Gpio
003052c4   _InitEPwm5Gpio
003052d6   _InitEPwm6Gpio
0030526b   _InitEPwmGpio
003052e8   _InitEPwmSyncGpio
0030613a   _InitEQep
00306140   _InitEQep1Gpio
0030616a   _InitEQep2Gpio
0030613b   _InitEQepGpio
0000e628   _InitFlash
00306ee4   _InitGpio
00307045   _InitI2C
00307046   _InitI2CGpio
00304518   _InitMcbsp
003045f1   _InitMcbspGpio
0030451d   _InitMcbspa
0030457c   _InitMcbspa12bit
00304587   _InitMcbspa16bit
00304592   _InitMcbspa20bit
0030459d   _InitMcbspa24bit
003045a8   _InitMcbspa32bit
00304575   _InitMcbspa8bit
003045f6   _InitMcbspaGpio
00304549   _InitMcbspb
003045ba   _InitMcbspb12bit
003045c5   _InitMcbspb16bit
003045d0   _InitMcbspb20bit
003045db   _InitMcbspb24bit
003045e6   _InitMcbspb32bit
003045b3   _InitMcbspb8bit
00304630   _InitMcbspbGpio
00304d84   _InitPeripheralClocks
00306b16   _InitPieCtrl
00306d7c   _InitPieVectTable
00304d36   _InitPll
0030668f   _InitSci
00306690   _InitSciGpio
00306697   _InitSciaGpio
003066ad   _InitScibGpio
003066ba   _InitScicGpio
00306b8d   _InitSpi
00306b8e   _InitSpiGpio
00306b91   _InitSpiaGpio
00304d1b   _InitSysCtrl
003052fc   _InitTzGpio
00304c25   _InitXintf
00304cc1   _InitXintf16Gpio
00304c7a   _InitXintf32Gpio
003047bf   _Init_WAKEINT
003025c7   _Initialization
00307ec2   _LCD
0030302a   _LCD_Backlight
00303055   _LCD_Blink
00307ece   _LCD_CLOCK
00303015   _LCD_Clear
00303046   _LCD_Cursor
00302f9c   _LCD_Disable
00303066   _LCD_MoveCursor
00303085   _LCD_Reset
0000e3d4   _LCD_S
00303023   _LCD_ScrollL
0030301c   _LCD_ScrollR
00303077   _LCD_Splash
0030307e   _LCD_SplashSave
00302f89   _LCD_Startup
00307ed0   _LCD_TX
00303035   _LCD_Underline
00303384   _LUF_ISR
0030337a   _LVF_ISR
00307015   _LoggerBuf_instanceStartup
00303280   _MRINTA_ISR
0030326c   _MRINTB_ISR
0030328a   _MXINTA_ISR
00303276   _MXINTB_ISR
00005000   _McbspaRegs
00005040   _McbspbRegs
00307169   _MemCopy
0000c880   _MergedData
003030be   _NMI_ISR
00307e8e   _ON_SW
0030338e   _PIE_RESERVED
00380090   _PartIdRegs
00000ce0   _PieCtrlRegs
00000d00   _PieVectTable
00307b8c   _PieVectTableInit
003030aa   _RTOSINT_ISR
0030447b   _RTSK_BQ
00304471   _RTSK_BQ_Event
003056d5   _Race
00308bed   _RamfuncsLoadEnd
00308bce   _RamfuncsLoadStart
0000e628   _RamfuncsRunStart
003032f8   _SCIRXINTA_ISR
0030330c   _SCIRXINTB_ISR
003032e4   _SCIRXINTC_ISR
00303302   _SCITXINTA_ISR
00303316   _SCITXINTB_ISR
003032ee   _SCITXINTC_ISR
00307eda   _SCIa_RX
00307ecc   _SCIa_TX
0000e51e   _SD_error
00307eb6   _SEM_SPI_Tx
0030314a   _SEQ1INT_ISR
00303154   _SEQ2INT_ISR
00303258   _SPIRXINTA_ISR
00303262   _SPITXINTA_ISR
00007050   _SciaRegs
00007750   _ScibRegs
00007770   _ScicRegs
00302ff0   _Send_LCD
00302194   _Send_SCIA
00304368   _Send_SPI
00303502   _Send_eCAN
00304d24   _ServiceDog
00307602   _SetDBGIER
00300f98   _Set_RTC_Time
00304684   _Sleep
00304789   _Sleep_Peripherals
00007040   _SpiaRegs
00307eb8   _Start
0030227c   _StartDMACH1
00302323   _StartDMACH2
003023ca   _StartDMACH3
00302471   _StartDMACH4
00302518   _StartDMACH5
003025bf   _StartDMACH6
00305883   _Start_Charge_Peripheral
00305756   _Start_Race_Peripheral
00304798   _Start_Sleep_Measurment
00007010   _SysCtrlRegs
00307e96   _TIMESTAMP_CLOCK
0030317c   _TINT0_ISR
00300562   _TSK_Alfat
0030443e   _TSK_BQAlert
00304401   _TSK_BQFault
00304499   _TSK_BQ_DRDY
00301f9c   _TSK_BT
00302719   _TSK_Change_Mode
00302754   _TSK_ErrorHandler
00303d51   _TSK_Ext_ADC
00302d2d   _TSK_LCD
0030270b   _TSK_Powerup
00307ec0   _TSK_Rec
00302a02   _TSK_Received
0030474a   _TSK_Sleep_Measurment
00301114   _TSK_TimeStamp
00304952   _TSK_adc
0000e0a0   _TSK_idle
0000e512   _Time1
0000e50a   _Time2
00307e9a   _TimeStamp
0000e50c   _Timediff
0030312c   _USER10_ISR
00303136   _USER11_ISR
00303140   _USER12_ISR
003030d2   _USER1_ISR
003030dc   _USER2_ISR
003030e6   _USER3_ISR
003030f0   _USER4_ISR
[...]
00306fb3   __args_main
00306fcc   C$$EXIT
00306fcc   _abort
00306fce   _exit
00306fe5   _ti_sysbios_knl_Event_pendTimeout__I
00306ffd   _ti_sysbios_knl_Semaphore_pendTimeout__I
00307015   _LoggerBuf_instanceStartup
00307015   _xdc_runtime_LoggerBuf_reset__F
0030702d   _get_u16_value
00307039   _get_u32_value
00307045   _InitI2C
00307046   _InitI2CGpio
0030705c   _ti_sysbios_heaps_HeapNull_Object__create__S
00307073   _ti_sysbios_knl_Clock_doTick__I
0030708a   _ti_sysbios_knl_Swi_Module_startup__F
003070a1   _xdc_runtime_SysMin_abort__F
003070b8   _xdc_runtime_Text_printVisFxn__I
003070cf   _ti_sysbios_BIOS_exitFunc__I
003070e5   _ti_sysbios_family_c28_Timer_Module_startup__F
003070fb   _ti_sysbios_family_c28_Timer_startup__E
00307111   _ti_sysbios_knl_Task_restore__E
00307127   _xdc_runtime_System_aprintf_va__F
00307127   _xdc_runtime_System_avprintf__F
0030713d   _xdc_runtime_System_printf_va__F
0030713d   _xdc_runtime_System_vprintf__F
00307153   _frexp
00307169   _MemCopy
0030717e   _xdc_runtime_Text_cordText__F
00307193   _InitAdc
003071a7   _xdc_runtime_System_putchar__I
003071bb   LL$$MPY
003071cf   _ti_sysbios_BIOS_RtsGateProxy_Object__delete__S
003071cf   _ti_sysbios_gates_GateMutex_Object__delete__S
003071e2   _ti_sysbios_knl_Clock_Module_startup__F
003071f5   _ti_sysbios_family_c28_Timer_stop__E
00307207   _ti_sysbios_gates_GateHwi_Object__delete__S
00307207   _xdc_runtime_LoggerBuf_Module_GateProxy_Object__delete__S
00307207   _xdc_runtime_Main_Module_GateProxy_Object__delete__S
00307207   _xdc_runtime_System_Module_GateProxy_Object__delete__S
00307219   _ti_sysbios_heaps_HeapNull_Object__delete__S
00307219   _xdc_runtime_Memory_HeapProxy_Object__delete__S
0030722b   _xdc_runtime_LoggerBuf_Object__delete__S
0030723d   _ti_sysbios_family_c28_Hwi_Object__get__S
0030724e   _ti_sysbios_knl_Task_Object__get__S
0030725f   _ti_sysbios_knl_Task_sleepTimeout__I
00307280   _ti_sysbios_knl_Task_restoreHwi__E
0030729f   _ti_sysbios_BIOS_startFunc__I
003072ae   _ti_sysbios_knl_Task_allBlockedFunction__I
003072bd   _xdc_runtime_LoggerBuf_write2__F
003072cc   _xdc_runtime_LoggerBuf_write4__E
003072db   _ti_sysbios_knl_Clock_Object__destruct__S
003072e9   _ti_sysbios_knl_Semaphore_Object__destruct__S
003072f7   _xdc_runtime_Registry_findById__F
00307305   _xdc_runtime_SysMin_Module_startup__F
00307313   _strpbrk
00307321   _ti_sysbios_BIOS_registerRTSLock__I
0030732e   _ti_sysbios_family_xxx_Hwi_switchToIsrStack
0030733b   _ti_sysbios_gates_GateHwi_Handle__label__S
0030733b   _xdc_runtime_LoggerBuf_Module_GateProxy_Handle__label__S
0030733b   _xdc_runtime_Main_Module_GateProxy_Handle__label__S
0030733b   _xdc_runtime_System_Module_GateProxy_Handle__label__S
00307348   _ti_sysbios_BIOS_RtsGateProxy_Handle__label__S
00307348   _ti_sysbios_gates_GateMutex_Handle__label__S
00307355   _ti_sysbios_heaps_HeapNull_Handle__label__S
00307355   _xdc_runtime_Memory_HeapProxy_Handle__label__S
00307362   _ti_sysbios_knl_Clock_Params__init__S
0030736f   _ti_sysbios_knl_Queue_Object__destruct__S
0030737c   _ti_sysbios_knl_Task_enter__I
00307389   _xdc_runtime_Error_check__F
00307396   _xdc_runtime_LoggerBuf_Handle__label__S
003073a3   _xdc_runtime_LoggerBuf_write1__F
003073b0   _strcat
003073bd   _ti_sysbios_family_c28_Hwi_disableIER__E
003073c9   _ti_sysbios_gates_GateMutex_leave__E
003073d5   _ti_sysbios_knl_Queue_put__E
003073e1   _ti_sysbios_knl_Swi_Object__get__S
003073ed   _xdc_runtime_LoggerBuf_Object__get__S
003073f9   _xdc_runtime_Memory_free__F
00307405   _xdc_runtime_Text_ropeText__F
00307411   _ti_sysbios_family_c28_Hwi_Module__startupDone__F
00307411   _ti_sysbios_family_c28_Hwi_Module__startupDone__S
00307411   _ti_sysbios_hal_Hwi_HwiProxy_Module__startupDone__S
0030741c   _ti_sysbios_family_c28_Hwi_enableIER__E
00307427   _ti_sysbios_family_c28_Timer_Module__startupDone__F
00307427   _ti_sysbios_family_c28_Timer_Module__startupDone__S
00307427   _ti_sysbios_hal_Timer_TimerProxy_Module__startupDone__S
00307432   _ti_sysbios_hal_Timer_Module__startupDone__F
00307432   _ti_sysbios_hal_Timer_Module__startupDone__S
0030743d   _ti_sysbios_knl_Idle_loop__E
00307448   _ti_sysbios_knl_Queue_Object__get__S
00307453   _ti_sysbios_knl_Task_SupportProxy_start__E
0030745e   _ti_sysbios_knl_Task_unblock__E
00307469   _xdc_runtime_LoggerBuf_Instance_finalize__F
00307474   _xdc_runtime_LoggerBuf_write0__F
0030747f   _xdc_runtime_LoggerBuf_write2__E
0030748a   _xdc_runtime_SysMin_exit__F
00307495   _xdc_runtime_System_abort__F
003074a0   _ti_sysbios_family_c28_TaskSupport_checkStack__E
003074aa   _ti_sysbios_family_xxx_Hwi_switchToTaskStack
003074b4   _strcmp
003074be   _strlen
003074c8   _ti_sysbios_family_c28_Hwi_restoreIER__E
003074d1   _ti_sysbios_family_c28_TaskSupport_glue
003074da   _ti_sysbios_family_c28_Timer_getPeriod__E
003074e3   _ti_sysbios_hal_Hwi_Module_startup__F
003074ec   _ti_sysbios_hal_Timer_Module_startup__F
003074f5   _xdc_runtime_System_sprintf_va__F
003074f5   _xdc_runtime_System_vsprintf__F
003074fe   __register_unlock
00307502   __register_lock
00307506   __nop
00307507   _strcpy
00307518   _ti_sysbios_gates_GateMutex_Instance_finalize__F
00307520   _ti_sysbios_knl_Queue_empty__E
00307528   _ti_sysbios_knl_Semaphore_Instance_finalize__F
00307530   _xdc_runtime_Memory_HeapProxy_alloc__E
00307538   _xdc_runtime_Memory_calloc__F
00307540   _xdc_runtime_Startup_exec__I
00307548   _xdc_runtime_SysMin_ready__F
00307550   _ti_catalog_c2800_init_Boot_init
00307550   _xdc_runtime_Startup_reset__I
00307557   _DSP28x_DisableInt
0030755b   _DSP28x_RestoreInt
0030755e   _ti_sysbios_BIOS_setThreadType__E
00307565   _ti_sysbios_heaps_HeapNull_alloc__E
0030756c   _ti_sysbios_heaps_HeapNull_getStats__F
00307573   _xdc_runtime_Error_init__F
0030757a   _xdc_runtime_LoggerBuf_write1__E
00307581   _xdc_runtime_System_Module_startup__F
00307588   _memset
0030758f   _ti_sysbios_family_c28_IntrinsicsSupport_maxbit__E
00307595   _ti_sysbios_family_c28_TimestampProvider_rolloverFunc__F
0030759b   _ti_sysbios_family_c28_TimestampProvider_startTimer__F
003075a1   _ti_sysbios_knl_Swi_disable__E
003075a7   _ti_sysbios_knl_Task_disable__E
003075ad   _xdc_runtime_Gate_enterSystem__F
003075b3   _xdc_runtime_Gate_leaveSystem__F
003075b9   _xdc_runtime_System_aprintf__E
003075bf   _xdc_runtime_System_exit__F
003075c5   _xdc_runtime_System_printf__E
003075cb   _ti_sysbios_BIOS_start__E
003075d0   _ti_sysbios_family_c28_Hwi_switchFromBootStack__E
003075d5   _ti_sysbios_gates_GateHwi_enter__E
003075da   _xdc_runtime_LoggerBuf_enable__F
003075df   _ti_sysbios_family_c28_Hwi_disable__E
003075e3   _ti_sysbios_family_c28_Hwi_enable__E
003075e7   _ti_sysbios_family_c28_Hwi_startup__E
003075e7   _ti_sysbios_hal_Hwi_HwiProxy_startup__E
003075eb   _ti_sysbios_knl_Clock_getTicks__E
003075ef   _ti_sysbios_knl_Swi_startup__E
003075f3   _xdc_runtime_LoggerBuf_disable__F
003075f7   _xdc_runtime_Memory_HeapProxy_free__E
003075fb   _xdc_runtime_Memory_getMaxDefaultTypeAlign__F
003075ff   _Disable_WAKEINT
00307602   _SetDBGIER
00307605   ___xdc__init
00307608   _ti_catalog_c2800_init_Boot_limpAbort
0030760b   _ti_sysbios_BIOS_RtsGateProxy_enter__E
0030760e   _ti_sysbios_BIOS_RtsGateProxy_leave__E
00307611   _ti_sysbios_family_c28_Hwi_Module_startup__E
00307614   _ti_sysbios_family_c28_Hwi_getIFR__I
00307617   _ti_sysbios_family_c28_Timer_Module_startup__E
0030761a   _ti_sysbios_family_c28_TimestampProvider_Module_startup__E
0030761d   _ti_sysbios_family_c28_TimestampProvider_get64__E
0030761d   _xdc_runtime_LoggerBuf_TimestampProxy_get64__E
00307620   _ti_sysbios_family_c28_TimestampProvider_rolloverFunc__E
00307623   _ti_sysbios_family_c28_TimestampProvider_startTimer__E
00307626   _ti_sysbios_gates_GateHwi_leave__E
00307629   _ti_sysbios_gates_GateHwi_query__E
00307629   _xdc_runtime_LoggerBuf_Module_GateProxy_query__E
00307629   _xdc_runtime_Main_Module_GateProxy_query__E
00307629   _xdc_runtime_System_Module_GateProxy_query__E
0030762c   _ti_sysbios_BIOS_RtsGateProxy_query__E
0030762c   _ti_sysbios_gates_GateMutex_query__E
0030762f   _ti_sysbios_hal_Hwi_HwiProxy_switchFromBootStack__E
00307632   _ti_sysbios_hal_Hwi_Module_startup__E
00307635   _ti_sysbios_hal_Hwi_startup__E
00307638   _ti_sysbios_hal_Timer_Module_startup__E
0030763b   _ti_sysbios_hal_Timer_TimerProxy_getPeriod__E
0030763e   _ti_sysbios_hal_Timer_TimerProxy_startup__E
00307641   _ti_sysbios_hal_Timer_startup__E
00307644   _ti_sysbios_heaps_HeapNull_free__E
00307647   _ti_sysbios_heaps_HeapNull_getStats__E
0030764a   _ti_sysbios_heaps_HeapNull_isBlocking__E
0030764d   _ti_sysbios_knl_Clock_Module_startup__E
00307650   _ti_sysbios_knl_Clock_stop__E
00307653   _ti_sysbios_knl_Queue_Instance_init__F
00307656   _ti_sysbios_knl_Swi_Module_startup__E
00307659   _ti_sysbios_knl_Task_Module_startup__E
0030765c   _ti_sysbios_knl_Task_SupportProxy_checkStack__E
0030765f   _ti_sysbios_knl_Task_SupportProxy_swap__E
00307662   _xdc_runtime_Error_check__E
00307665   _xdc_runtime_Error_print__E
00307668   _xdc_runtime_LoggerBuf_Module_GateProxy_enter__E
0030766b   _xdc_runtime_LoggerBuf_Module_GateProxy_leave__E
0030766e   _xdc_runtime_LoggerBuf_Module_startup__E
00307671   _xdc_runtime_LoggerBuf_disable__E
00307674   _xdc_runtime_LoggerBuf_enable__E
00307677   _xdc_runtime_LoggerBuf_getFilterLevel__E
0030767a   _xdc_runtime_LoggerBuf_setFilterLevel__E
0030767d   _xdc_runtime_LoggerBuf_write0__E
00307680   _xdc_runtime_SysMin_Module_startup__E
00307683   _xdc_runtime_SysMin_abort__E
00307683   _xdc_runtime_System_SupportProxy_abort__E
00307686   _xdc_runtime_SysMin_exit__E
00307686   _xdc_runtime_System_SupportProxy_exit__E
00307689   _xdc_runtime_SysMin_putch__E
00307689   _xdc_runtime_System_SupportProxy_putch__E
0030768c   _xdc_runtime_SysMin_ready__E
0030768c   _xdc_runtime_System_SupportProxy_ready__E
0030768f   _xdc_runtime_System_Module_GateProxy_enter__E
00307692   _xdc_runtime_System_Module_GateProxy_leave__E
00307695   _xdc_runtime_System_Module_startup__E
00307698   _xdc_runtime_System_atexit__E
0030769b   _xdc_runtime_Text_putLab__E
0030769e   _xdc_runtime_Text_putSite__E
003076a1   _xdc_runtime_Text_visitRope__I
003076a4   _ti_catalog_c2800_init_Boot_defaultLimpAbortFunction
003076a6   _ti_sysbios_family_c28_TaskSupport_Module__startupDone__S
003076a6   _ti_sysbios_knl_Task_SupportProxy_Module__startupDone__S
003076a8   _ti_sysbios_gates_GateHwi_query__F
003076aa   _ti_sysbios_gates_GateMutex_query__F
003076ac   _ti_sysbios_heaps_HeapNull_alloc__F
003076ae   _ti_sysbios_heaps_HeapNull_isBlocking__F
003076b0   _xdc_runtime_Error_getSite__F
003076b3   _ti_sysbios_family_c28_Hwi_interruptReturn__I
003076b4   _ti_sysbios_gates_GateHwi_Instance_init__F
003076b5   _ti_sysbios_heaps_HeapNull_free__F
003076b6   _ti_sysbios_knl_Clock_logTick__E
003076b7   ___etext__
003076b7   etext
00307b8c   _PieVectTableInit
00307c8c   _CrcTable
00307d8c   _ti_sysbios_family_c28_Hwi_vectors
00307e8c   _Charge_Sense
00307e8e   _ON_SW
00307e90   _ESTOP
00307e92   _EVT_Sleep_M
00307e94   _EVT_Change_Mode
00307e96   _TIMESTAMP_CLOCK
00307e98   _ADC_CLOCK
00307e9a   _TimeStamp
00307e9c   _EVT_TimeStamp_CLK
00307e9e   _ADC_complete
00307ea0   _adc_task
00307ea2   _EVT_BQ_DRDY
00307ea4   _BQ_DRDY
00307ea6   _BQFualtTask
00307ea8   _BQAlertTask
00307eaa   _EVT_BQ
00307eac   _BQ
00307eae   _EVT_Error
00307eb0   _ErrorHandler
00307eb2   _BQFault
00307eb4   _BQAlert
00307eb6   _SEM_SPI_Tx
00307eb8   _Start
00307eba   _EVT_BQFault
00307ebc   _EVT_BQAlert
00307ebe   _Alfat
00307ec0   _TSK_Rec
00307ec2   _LCD
00307ec4   _EVT_LCD_CLK
00307ec6   _EVT_BT_CLK
00307ec8   _BT_CLOCK
00307eca   _EVT_LCD_Tx
00307ecc   _SCIa_TX
00307ece   _LCD_CLOCK
00307ed0   _LCD_TX
00307ed2   _Ecan_int
00307ed4   _EVT_SCIa_Tx
00307ed6   _BQ_CLOCK
00307ed8   _EVT_eCAN_Int
00307eda   _SCIa_RX
00307edc   _Bluetooth
00307ede   _ALFAT_CLOCK
00307ee0   _EVT_SCIa_Rx
00307ee2   _wakeint
00307ee4   _change_mode
00307ee6   _EVT_ADC
00307ee8   _sleep_measurement
00307eea   _I2C
00307eec   _EVT_byteRec
00307eee   _EXT_ADC_CLOCK
00307ef0   _spitx
00307ef2   _EVT_SPI_Tx
00307ef4   _EVT_SPI_Rx
00307ef6   _spirx
00307ef8   _EVT_Alfat_CLK
00307efa   _EVT_Sleep
00307efc   _EVT_Ext_ADC_CLK
00307efe   _EVT_Alfat_DONE
00307f00   _ext_adc
00307f02   _Fault_Override
00307f61   _ti_sysbios_BIOS_Module__id__C
00307fba   _spi_regs_rw_mask
00308055   _ti_sysbios_family_c28_Hwi_Module__id__C
0030809b   _ti_sysbios_family_c28_Hwi_Object__count__C
0030809c   _DATA_FLASH
00308125   _ti_sysbios_family_c28_Hwi_zeroLatencyIERMask__C
00308126   _xdc_runtime_LoggerBuf_Module__FXNS__C
0030815a   _xdc_runtime_Startup_sfxnTab__A
00308185   _ti_sysbios_family_c28_TaskSupport_Module__id__C
0030819a   _ti_sysbios_heaps_HeapNull_Module__FXNS__C
003081ae   _ti_sysbios_gates_GateHwi_Module__FXNS__C
003081c0   _ti_sysbios_gates_GateMutex_Module__FXNS__C
003081d2   _xdc_runtime_LoggerBuf_Object__PARAMS__C
003081f5   _ti_sysbios_family_c28_Timer_startupNeeded__C
003081f6   _ti_sysbios_gates_GateHwi_Object__DESC__C
00308206   _ti_sysbios_gates_GateMutex_Object__DESC__C
00308216   _ti_sysbios_heaps_HeapNull_Object__DESC__C
00308226   _ti_sysbios_knl_Clock_Object__DESC__C
00308236   _ti_sysbios_knl_Clock_Object__PARAMS__C
00308246   _ti_sysbios_knl_Queue_Object__DESC__C
00308256   _ti_sysbios_knl_Semaphore_Object__DESC__C
00308266   _ti_sysbios_knl_Semaphore_Object__PARAMS__C
00308276   _xdc_runtime_LoggerBuf_Object__DESC__C
00308286   _ti_sysbios_gates_GateHwi_Object__PARAMS__C
00308292   _ti_sysbios_gates_GateMutex_Object__PARAMS__C
0030829e   _ti_sysbios_heaps_HeapNull_Object__PARAMS__C
003082aa   _ti_sysbios_knl_Queue_Object__PARAMS__C
003082b6   _ti_sysbios_knl_Task_hooks__A
003082c2   _xdc_runtime_Startup_sfxnRts__A
003082cd   _ti_sysbios_family_c28_TimestampProvider_Module__id__C
003082dd   _ti_sysbios_family_c28_TimestampProvider_useClockTimer__C
003082e3   _ti_sysbios_gates_GateMutex_Module__id__C
003082e8   _ti_sysbios_knl_Idle_funcList__C
003082ec   _ti_sysbios_knl_Task_hooks__C
003082f0   _xdc_runtime_Startup_firstFxns__C
003082f4   _xdc_runtime_Startup_lastFxns__C
003082f8   _ti_sysbios_BIOS_Module__diagsEnabled__C
003082fa   _ti_sysbios_BIOS_Module__diagsIncluded__C
003082fc   _ti_sysbios_BIOS_Module__diagsMask__C
003082fe   _ti_sysbios_BIOS_installedErrorHook__C
00308300   _ti_sysbios_family_c28_Hwi_A_badIntNum__C
00308302   _ti_sysbios_family_c28_Hwi_A_invalidArg__C
00308304   _ti_sysbios_family_c28_Hwi_E_unpluggedInterrupt__C
00308306   _ti_sysbios_family_c28_Hwi_Module__diagsEnabled__C
00308308   _ti_sysbios_family_c28_Hwi_Module__diagsIncluded__C
0030830a   _ti_sysbios_family_c28_Hwi_Module__diagsMask__C
0030830c   _ti_sysbios_family_c28_TaskSupport_E_invalidStack__C
0030830e   _ti_sysbios_family_c28_TimestampProvider_Module__diagsEnabled__C
00308310   _ti_sysbios_family_c28_TimestampProvider_Module__diagsIncluded__C
00308312   _ti_sysbios_family_c28_TimestampProvider_Module__diagsMask__C
00308314   _ti_sysbios_gates_GateMutex_A_badContext__C
00308316   _ti_sysbios_gates_GateMutex_Instance_State_sem__O
00308318   _ti_sysbios_gates_GateMutex_Module__diagsEnabled__C
0030831a   _ti_sysbios_gates_GateMutex_Module__diagsIncluded__C
0030831c   _ti_sysbios_gates_GateMutex_Module__diagsMask__C
0030831e   _ti_sysbios_hal_Hwi_E_stackOverflow__C
00308320   _ti_sysbios_knl_Clock_A_badThreadType__C
00308322   _ti_sysbios_knl_Clock_Module_State_clockQ__O
00308324   _ti_sysbios_knl_Clock_Module__diagsEnabled__C
00308326   _ti_sysbios_knl_Clock_Module__diagsIncluded__C
00308328   _ti_sysbios_knl_Clock_Module__diagsMask__C
0030832a   _ti_sysbios_knl_Event_A_badContext__C
0030832c   _ti_sysbios_knl_Event_A_eventInUse__C
0030832e   _ti_sysbios_knl_Event_A_nullEventId__C
00308330   _ti_sysbios_knl_Event_A_nullEventMasks__C
00308332   _ti_sysbios_knl_Event_Instance_State_pendQ__O
00308334   _ti_sysbios_knl_Event_Module__diagsEnabled__C
00308336   _ti_sysbios_knl_Event_Module__diagsIncluded__C
00308338   _ti_sysbios_knl_Event_Module__diagsMask__C
0030833a   _ti_sysbios_knl_Idle_funcList__A
0030833c   _ti_sysbios_knl_Semaphore_A_badContext__C
0030833e   _ti_sysbios_knl_Semaphore_A_noEvents__C
00308340   _ti_sysbios_knl_Semaphore_Instance_State_pendQ__O
00308342   _ti_sysbios_knl_Semaphore_Module__diagsEnabled__C
00308344   _ti_sysbios_knl_Semaphore_Module__diagsIncluded__C
00308346   _ti_sysbios_knl_Semaphore_Module__diagsMask__C
00308348   _ti_sysbios_knl_Task_A_badTimeout__C
0030834a   _ti_sysbios_knl_Task_E_spOutOfBounds__C
0030834c   _ti_sysbios_knl_Task_E_stackOverflow__C
0030834e   _ti_sysbios_knl_Task_Module_State_inactiveQ__O
00308350   _ti_sysbios_knl_Task_Module__diagsEnabled__C
00308352   _ti_sysbios_knl_Task_Module__diagsIncluded__C
00308354   _ti_sysbios_knl_Task_Module__diagsMask__C
00308356   _ti_sysbios_knl_Task_allBlockedFunc__C
00308358   _xdc_runtime_Assert_E_assertFailed__C
0030835a   _xdc_runtime_Core_A_initializedParams__C
0030835c   _xdc_runtime_Core_Module__diagsEnabled__C
0030835e   _xdc_runtime_Core_Module__diagsIncluded__C
00308360   _xdc_runtime_Core_Module__diagsMask__C
00308362   _xdc_runtime_Error_E_generic__C
00308364   _xdc_runtime_Error_E_memory__C
00308366   _xdc_runtime_Error_Module__diagsEnabled__C
00308368   _xdc_runtime_Error_Module__diagsIncluded__C
0030836a   _xdc_runtime_Error_Module__diagsMask__C
0030836c   _xdc_runtime_Error_Module__loggerFxn8__C
0030836e   _xdc_runtime_Error_Module__loggerObj__C
00308370   _xdc_runtime_Error_raiseHook__C
00308372   _xdc_runtime_IFilterLogger_Interface__BASE__C
00308374   _xdc_runtime_IGateProvider_Interface__BASE__C
00308376   _xdc_runtime_IHeap_Interface__BASE__C
00308378   _xdc_runtime_ILogger_Interface__BASE__C
0030837a   _xdc_runtime_IModule_Interface__BASE__C
0030837c   _xdc_runtime_Log_L_error__C
0030837e   _xdc_runtime_LoggerBuf_E_badLevel__C
00308380   _xdc_runtime_LoggerBuf_Module__gateObj__C
00308382   _xdc_runtime_LoggerBuf_statusLogger__C
00308384   _xdc_runtime_Memory_defaultHeapInstance__C
00308386   _xdc_runtime_Startup_execImpl__C
00308388   _xdc_runtime_Startup_firstFxns__A
0030838a   _xdc_runtime_Startup_lastFxns__A
0030838c   _xdc_runtime_Startup_sfxnRts__C
0030838e   _xdc_runtime_Startup_sfxnTab__C
00308390   _xdc_runtime_SysMin_bufSize__C
00308392   _xdc_runtime_SysMin_outputFunc__C
00308394   _xdc_runtime_System_Module__gateObj__C
00308396   _xdc_runtime_System_extendFxn__C
00308398   _xdc_runtime_Text_charTab__C
0030839a   _xdc_runtime_Text_nameEmpty__C
0030839c   _xdc_runtime_Text_nameStatic__C
0030839e   _xdc_runtime_Text_nameUnknown__C
003083a0   _xdc_runtime_Text_visitRopeFxn__C
003083a2   _ti_sysbios_hal_Hwi_Module__id__C
003083a3   _ti_sysbios_knl_Clock_Module__id__C
003083a4   _ti_sysbios_knl_Event_Module__id__C
003083a5   _ti_sysbios_knl_Semaphore_Module__id__C
003083a6   _ti_sysbios_knl_Swi_Object__count__C
003083a7   _ti_sysbios_knl_Task_Module__id__C
003083a8   _ti_sysbios_knl_Task_Object__count__C
003083a9   _ti_sysbios_knl_Task_initStackFlag__C
003083aa   _ti_sysbios_knl_Task_numConstructedTasks__C
003083ab   _xdc_runtime_Core_Module__id__C
003083ac   _xdc_runtime_Error_Module__loggerDefined__C
003083ad   _xdc_runtime_Error_maxDepth__C
003083ae   _xdc_runtime_Error_policy__C
003083af   _xdc_runtime_LoggerBuf_Module__id__C
003083b0   _xdc_runtime_LoggerBuf_Object__count__C
003083b1   _xdc_runtime_LoggerBuf_filterByLevel__C
003083b2   _xdc_runtime_Memory_Module__id__C
003083b3   _xdc_runtime_Startup_maxPasses__C
003083b4   _xdc_runtime_SysMin_flushAtExit__C
003083b5   _xdc_runtime_System_maxAtexitHandlers__C
003083b6   _xdc_runtime_Text_charCnt__C
003083b7   _xdc_runtime_Text_isLoaded__C
003083b8   _xdc_runtime_Text_registryModsLastId__C
003083b9   _xdc_runtime_Text_unnamedModsLastId__C
003083ba   ___cinit__
003083ba   cinit
00308bce   _RamfuncsLoadStart
00308bed   _RamfuncsLoadEnd
0033fff6   code_start
0033fff8   _CsmPwl
00380080   _ADC_cal
00380090   _PartIdRegs
ffffffff   ___binit__
ffffffff   ___c_args__
ffffffff   ___pinit__
ffffffff   binit
ffffffff   pinit

[1144 symbols]
