******************************************************************************
             TMS320C2000 Linker PC v6.0.2                      
******************************************************************************
>> Linked Sat Apr 13 01:02:55 2013

OUTPUT FILE NAME:   <Full_RTOS_system_barebones.out>
ENTRY POINT SYMBOL: "_c_int00"  address: 00305f9c


MEMORY CONFIGURATION

         name            origin    length      used     unused   attr    fill
----------------------  --------  ---------  --------  --------  ----  --------
PAGE 0:
  FLASH                 00300000   0003ff80  00008a22  0003755e  RWIX
  CSM_RSVD              0033ff80   00000076  00000076  00000000  RWIX
  BEGIN                 0033fff6   00000002  00000002  00000000  RWIX
  CSM_PWL               0033fff8   00000008  00000008  00000000  RWIX
  ADC_CAL               00380080   00000009  00000007  00000002  RWIX
  OTP                   00380400   00000400  00000000  00000400  RWIX
  IQTABLES              003fe000   00000b50  00000000  00000b50  RWIX
  IQTABLES2             003feb50   0000008c  00000000  0000008c  RWIX
  FPUTABLES             003febdc   000006a0  00000000  000006a0  RWIX
  ROM                   003ff27c   00000d44  00000000  00000d44  RWIX
  RESET                 003fffc0   00000002  00000000  00000002  RWIX
  VECTORS               003fffc2   0000003e  00000000  0000003e  RWIX

PAGE 1:
  M01SARAM              00000000   00000800  00000400  00000400  RWIX
  DEV_EMU               00000880   00000180  000000d0  000000b0  RWIX
  FLASH_REGS            00000a80   00000060  00000008  00000058  RWIX
  CSM                   00000ae0   00000010  00000010  00000000  RWIX
  ADC_MIRROR            00000b00   00000010  00000010  00000000  RWIX
  XINTF                 00000b20   00000020  0000001e  00000002  RWIX
  CPU_TIMER0            00000c00   00000008  00000008  00000000  RWIX
  CPU_TIMER1            00000c08   00000008  00000008  00000000  RWIX
  CPU_TIMER2            00000c10   00000008  00000008  00000000  RWIX
  PIE_CTRL              00000ce0   00000020  0000001a  00000006  RWIX
  PIEVECT               00000d00   00000100  00000000  00000100  RWIX
  DMA                   00001000   00000200  000000e0  00000120  RWIX
  MCBSPA                00005000   00000040  00000025  0000001b  RWIX
  MCBSPB                00005040   00000040  00000025  0000001b  RWIX
  ECANA                 00006000   00000040  00000034  0000000c  RWIX
  ECANA_LAM             00006040   00000040  00000040  00000000  RWIX
  ECANA_MOTS            00006080   00000040  00000040  00000000  RWIX
  ECANA_MOTO            000060c0   00000040  00000040  00000000  RWIX
  ECANA_MBOX            00006100   00000100  00000100  00000000  RWIX
  ECANB                 00006200   00000040  00000034  0000000c  RWIX
  ECANB_LAM             00006240   00000040  00000040  00000000  RWIX
  ECANB_MOTS            00006280   00000040  00000040  00000000  RWIX
  ECANB_MOTO            000062c0   00000040  00000040  00000000  RWIX
  ECANB_MBOX            00006300   00000100  00000100  00000000  RWIX
  EPWM1                 00006800   00000022  00000022  00000000  RWIX
  EPWM2                 00006840   00000022  00000022  00000000  RWIX
  EPWM3                 00006880   00000022  00000022  00000000  RWIX
  EPWM4                 000068c0   00000022  00000022  00000000  RWIX
  EPWM5                 00006900   00000022  00000022  00000000  RWIX
  EPWM6                 00006940   00000022  00000022  00000000  RWIX
  ECAP1                 00006a00   00000020  00000020  00000000  RWIX
  ECAP2                 00006a20   00000020  00000020  00000000  RWIX
  ECAP3                 00006a40   00000020  00000020  00000000  RWIX
  ECAP4                 00006a60   00000020  00000020  00000000  RWIX
  ECAP5                 00006a80   00000020  00000020  00000000  RWIX
  ECAP6                 00006aa0   00000020  00000020  00000000  RWIX
  EQEP1                 00006b00   00000040  00000040  00000000  RWIX
  EQEP2                 00006b40   00000040  00000040  00000000  RWIX
  GPIOCTRL              00006f80   00000040  0000002e  00000012  RWIX
  GPIODAT               00006fc0   00000020  00000020  00000000  RWIX
  GPIOINT               00006fe0   00000020  0000000a  00000016  RWIX
  SYSTEM                00007010   00000020  00000020  00000000  RWIX
  SPIA                  00007040   00000010  00000010  00000000  RWIX
  SCIA                  00007050   00000010  00000010  00000000  RWIX
  XINTRUPT              00007070   00000010  00000010  00000000  RWIX
  ADC                   00007100   00000020  0000001e  00000002  RWIX
  SCIB                  00007750   00000010  00000010  00000000  RWIX
  SCIC                  00007770   00000010  00000010  00000000  RWIX
  I2CA                  00007900   00000040  00000022  0000001e  RWIX
  L07SARAM              00008000   00008000  00006767  00001899  RWIX
  CSM_PWL               0033fff8   00000008  00000008  00000000  RWIX
  PARTID                00380090   00000001  00000001  00000000  RWIX


SECTION ALLOCATION MAP

 output                                  attributes/
section   page    origin      length       input sections
--------  ----  ----------  ----------   ----------------
xdc.meta   0    00000000    000000f6     COPY SECTION
                  00000000    000000f6     app_p28FP.o28FP (xdc.meta)

xdc.noload 
*          0    00000000    0000133c     COPY SECTION
                  00000000    0000133c     app_p28FP.o28FP (xdc.noload)

.pinit     0    00300000    00000000     UNINITIALIZED

PieVectTableFile 
*          1    00000d00    00000100     DSECT
                  00000d00    00000100     DSP2833x_GlobalVariableDefs.obj (PieVectTableFile)

.text      0    00300000    0000746d     
                  00300000    00001070     ALFAT.obj (.text)
                  00301070    00000964     bq_pack.obj (.text)
                  003019d4    0000044d     Bluetooth.obj (.text)
                  00301e21    0000041f     LCD.obj (.text)
                  00302240    000003f5     DSP2833x_DMA.obj (.text)
                  00302635    000003ee     main.obj (.text)
                  00302a23    00000387     I2C.obj (.text)
                  00302daa    00000316     DSP2833x_DefaultIsr.obj (.text:retain)
                  003030c0    000002a8     eCAN.obj (.text)
                  00303368    00000273     GPIO.obj (.text)
                  003035db    00000236     ti.targets.rts2800.a28FP : System.o28FP (.text:_xdc_runtime_System_doPrint__I)
                  00303811    00000205     ext_adc.obj (.text)
                  00303a16    00000202     rts2800_fpu32.lib : trgdrv.obj (.text)
                  00303c18    000001c2     Boot.a28FP : Boot.o28FP (.text:.bootCodeSection)
                  00303dda    000001a8     sysbios.lib : BIOS.obj (.text:_ti_sysbios_knl_Event_pend__E)
                  00303f82    0000019f     spi_if.obj (.text)
                  00304121    00000177     BQ.obj (.text)
                  00304298    0000016c     DSP2833x_Mcbsp.obj (.text)
                  00304404    0000016a     DSP2833x_ECan.obj (.text)
                  0030456e    0000014f     Sleep.obj (.text)
                  003046bd    0000011c     adc.obj (.text)
                  003047d9    00000107     rts2800_fpu32.lib : ll_div.obj (.text)
                  003048e0    000000fb     ti.targets.rts2800.a28FP : Core-mem.o28FP (.text:_xdc_runtime_Core_createObject__I)
                  003049db    000000f7     DSP2833x_SysCtrl.obj (.text)
                  00304ad2    000000f6     DSP2833x_Xintf.obj (.text)
                  00304bc8    000000e8     sysbios.lib : BIOS.obj (.text:_ti_sysbios_knl_Semaphore_pend__E)
                  00304cb0    000000e1                 : BIOS.obj (.text:_ti_sysbios_family_c28_Hwi_clearInterrupt__E)
                  00304d91    000000e1     ti.targets.rts2800.a28FP : LoggerBuf.o28FP (.text:_xdc_runtime_LoggerBuf_write8__F)
                  00304e72    000000da     sysbios.lib : BIOS.obj (.text:_ti_sysbios_family_c28_Hwi_disablePIEIER__E)
                  00304f4c    000000d6                 : BIOS.obj (.text:_ti_sysbios_family_c28_Hwi_enablePIEIER__E)
                  00305022    000000c8     DSP2833x_EPwm.obj (.text)
                  003050ea    000000c8     sysbios.lib : c28_Hwi_disp.obj (.text:_ti_sysbios_family_c28_Hwi_dispatch)
                  003051b2    000000bb     ti.targets.rts2800.a28FP : Error.o28FP (.text:_xdc_runtime_Error_raiseX__F)
                  0030526d    000000ba     app_p28FP.o28FP (.text:_xdc_runtime_System_printfExtend__I)
                  00305327    000000b6     sysbios.lib : BIOS.obj (.text:_ti_sysbios_knl_Clock_Instance_init__F)
                  003053dd    000000b0                 : BIOS.obj (.text:_ti_sysbios_knl_Task_sleep__E)
                  0030548d    00000098     Charge.obj (.text)
                  00305525    00000097     ti.targets.rts2800.a28FP : LoggerBuf.o28FP (.text:_xdc_runtime_LoggerBuf_write4__F)
                  003055bc    00000096     sysbios.lib : BIOS.obj (.text:_ti_sysbios_knl_Event_post__E)
                  00305652    00000093     Race.obj (.text)
                  003056e5    00000089     sysbios.lib : BIOS.obj (.text:_ti_sysbios_family_c28_Hwi_enableInterrupt__E)
                  0030576e    00000088     rts2800_fpu32.lib : fs_div.obj (.text)
                  003057f6    00000084     sysbios.lib : BIOS.obj (.text:_ti_sysbios_family_c28_Hwi_disableInterrupt__E)
                  0030587a    00000081     rts2800_fpu32.lib : ankmsg.obj (.text)
                  003058fb    0000007f     ti.targets.rts2800.a28FP : Startup.o28FP (.text:_xdc_runtime_Startup_startMods__I)
                  0030597a    0000007a     sysbios.lib : BIOS.obj (.text:_ti_sysbios_knl_Semaphore_Instance_init__F)
                  003059f4    00000079                 : BIOS.obj (.text:_ti_sysbios_gates_GateMutex_enter__E)
                  00305a6d    00000078                 : BIOS.obj (.text:_stopAndClear$3)
                  00305ae5    00000074     DSP2833x_CpuTimers.obj (.text)
                  00305b59    00000072     sysbios.lib : BIOS.obj (.text:_ti_sysbios_knl_Task_postInit__I)
                  00305bcb    0000006d                 : BIOS.obj (.text:_ti_sysbios_knl_Clock_Instance_finalize__F)
                  00305c38    0000006d     ti.targets.rts2800.a28FP : Text.o28FP (.text:_xdc_runtime_Text_putSite__F)
                  00305ca5    0000006b     sysbios.lib : BIOS.obj (.text:_ti_sysbios_knl_Task_checkStacks__E)
                  00305d10    00000068     rts2800_fpu32.lib : exp.obj (.text)
                  00305d78    00000065     sysbios.lib : BIOS.obj (.text:_ti_sysbios_knl_Swi_schedule__I)
                  00305ddd    0000005f                 : BIOS.obj (.text:_ti_sysbios_family_c28_Hwi_dispatchC__I)
                  00305e3c    0000005c     DSP2833x_ECap.obj (.text)
                  00305e98    00000058     rts2800_fpu32.lib : pow.obj (.text)
                  00305ef0    00000056     DSP2833x_EQep.obj (.text)
                  00305f46    00000056     sysbios.lib : BIOS.obj (.text:_ti_sysbios_knl_Task_schedule__I)
                  00305f9c    00000056     boot.a28FP : boot_cg.o28FP (.text)
                  00305ff2    00000054     rts2800_fpu32.lib : _log.obj (.text)
                  00306046    00000051     sysbios.lib : BIOS.obj (.text:_ti_sysbios_knl_Task_startup__E)
                  00306097    00000051     ti.targets.rts2800.a28FP : Core-mem.o28FP (.text:_xdc_runtime_Core_deleteObject__I)
                  003060e8    0000004e     sysbios.lib : BIOS.obj (.text:_ti_sysbios_knl_Task_exit__E)
                  00306136    0000004e     ti.targets.rts2800.a28FP : Memory.o28FP (.text:_xdc_runtime_Memory_alloc__F)
                  00306184    0000004d     sysbios.lib : BIOS.obj (.text:_ti_sysbios_family_c28_TimestampProvider_get64__F)
                  003061d1    0000004d                 : BIOS.obj (.text:_ti_sysbios_knl_Task_Module_startup__F)
                  0030621e    0000004c                 : BIOS.obj (.text:_ti_sysbios_knl_Clock_workFunc__E)
                  0030626a    00000047                 : BIOS.obj (.text:_ti_sysbios_family_c28_Hwi_Module_startup__F)
                  003062b1    00000046                 : BIOS.obj (.text:_ti_sysbios_knl_Swi_run__I)
                  003062f7    00000044                 : BIOS.obj (.text:_ti_sysbios_knl_Clock_start__E)
                  0030633b    00000043                 : BIOS.obj (.text:_ti_sysbios_family_c28_TimestampProvider_Module_startup__F)
                  0030637e    00000043     ti.targets.rts2800.a28FP : Text.o28FP (.text:_xdc_runtime_Text_putLab__F)
                  003063c1    00000042     sysbios.lib : BIOS.obj (.text:_rtsUnlock$0)
                  00306403    00000042     ti.targets.rts2800.a28FP : Core-params.o28FP (.text:_xdc_runtime_Core_assignParams__I)
                  00306445    00000041     DSP2833x_Sci.obj (.text)
                  00306486    00000041     sysbios.lib : BIOS.obj (.text:_postInit$3)
                  003064c7    00000041                 : BIOS.obj (.text:_ti_sysbios_family_c28_Hwi_unPluggedInterrupt__I)
                  00306508    00000040     ti.targets.rts2800.a28FP : System.o28FP (.text:_xdc_runtime_System_formatNum__I)
                  00306548    0000003f     app_p28FP.o28FP (.text:_xdc_runtime_LoggerBuf_Object__create__S)
                  00306587    0000003f     ti.targets.rts2800.a28FP : LoggerBuf.o28FP (.text:_xdc_runtime_LoggerBuf_setFilterLevel__F)
                  003065c6    0000003c                              : LoggerBuf.o28FP (.text:_xdc_runtime_LoggerBuf_getFilterLevel__F)
                  00306602    0000003b     sysbios.lib : BIOS.obj (.text:_ti_sysbios_family_c28_TaskSupport_start__E)
                  0030663d    00000039     rts2800_fpu32.lib : ldexp.obj (.text)
                  00306676    00000038     sysbios.lib : BIOS.obj (.text:_ti_sysbios_knl_Swi_restoreHwi__E)
                  003066ae    00000037                 : BIOS.obj (.text:_ti_sysbios_knl_Task_unblockI__E)
                  003066e5    00000036     ti.targets.rts2800.a28FP : Error.o28FP (.text:_xdc_runtime_Error_print__F)
                  0030671b    00000035                              : Startup.o28FP (.text:_xdc_runtime_Startup_exec__F)
                  00306750    00000034                              : Text.o28FP (.text:_xdc_runtime_Text_putMod__F)
                  00306784    00000032     sysbios.lib : BIOS.obj (.text:_ti_sysbios_family_c28_Timer_start__E)
                  003067b6    00000032     ti.targets.rts2800.a28FP : Assert.o28FP (.text:_xdc_runtime_Assert_raise__I)
                  003067e8    00000032                              : LoggerBuf.o28FP (.text:_xdc_runtime_LoggerBuf_Instance_init__F)
                  0030681a    00000030     sysbios.lib : BIOS.obj (.text:_ti_sysbios_knl_Semaphore_post__E)
                  0030684a    0000002e     rts2800_fpu32.lib : ltoa.obj (.text)
                  00306878    0000002a     sysbios.lib : BIOS.obj (.text:_ti_sysbios_family_c28_Timer_getExpiredCounts64__E)
                  003068a2    0000002a     rts2800_fpu32.lib : l_div.obj (.text)
                  003068cc    00000028     DSP2833x_PieCtrl.obj (.text)
                  003068f4    00000028     ti.targets.rts2800.a28FP : SysMin.o28FP (.text:_xdc_runtime_SysMin_flush__F)
                  0030691c    00000027     rts2800_fpu32.lib : sinit.obj (.text)
                  00306943    00000026     DSP2833x_Spi.obj (.text)
                  00306969    00000026     sysbios.lib : BIOS.obj (.text:_ti_sysbios_family_c28_Timer_getExpiredCounts__E)
                  0030698f    00000026                 : BIOS.obj (.text:_ti_sysbios_family_c28_Timer_setPrescale__F)
                  003069b5    00000026     rts2800_fpu32.lib : atexit.obj (.text)
                  003069db    00000025     sysbios.lib : c28_TaskSupport_asm.obj (.text:_ti_sysbios_family_c28_TaskSupport_buildTaskStack)
                  00306a00    00000024     app_p28FP.o28FP (.text:_ti_sysbios_knl_Clock_Object__create__S)
                  00306a24    00000024     sysbios.lib : BIOS.obj (.text:_ti_sysbios_knl_Swi_post__E)
                  00306a48    00000022                 : BIOS.obj (.text:_ti_sysbios_knl_Task_blockI__E)
                  00306a6a    00000022     ti.targets.rts2800.a28FP : System.o28FP (.text:_xdc_runtime_System_rtsExit__I)
                  00306a8c    00000022     rts2800_fpu32.lib : i_div.obj (.text)
                  00306aae    00000021     app_p28FP.o28FP (.text:_ti_sysbios_knl_Semaphore_Object__create__S)
                  00306acf    00000021     ti.targets.rts2800.a28FP : System.o28FP (.text:_xdc_runtime_System_atexit__F)
                  00306af0    00000021     rts2800_fpu32.lib : memcpy_ff.obj (.text)
                  00306b11    00000021     sysbios.lib : BIOS.obj (.text:ti_sysbios_hal_Hwi_checkStack:_ti_sysbios_hal_Hwi_checkStack)
                  00306b32    00000020     DSP2833x_PieVect.obj (.text)
                  00306b52    00000020     sysbios.lib : BIOS.obj (.text:_ti_sysbios_BIOS_errorRaiseHook__I)
                  00306b72    00000020     ti.targets.rts2800.a28FP : Text.o28FP (.text:_xdc_runtime_Text_xprintf__I)
                  00306b92    0000001e     sysbios.lib : BIOS.obj (.text:_ti_sysbios_family_c28_Hwi_getInterruptFlag__E)
                  00306bb0    0000001e                 : BIOS.obj (.text:_ti_sysbios_knl_Idle_run__E)
                  00306bce    0000001e     ti.targets.rts2800.a28FP : SysMin.o28FP (.text:_xdc_runtime_SysMin_putch__F)
                  00306bec    0000001d     sysbios.lib : c28_TaskSupport_asm.obj (.text:_ti_sysbios_family_c28_TaskSupport_swap__E)
                  00306c09    0000001d     app_p28FP.o28FP (.text:_ti_sysbios_gates_GateHwi_Object__create__S)
                  00306c26    0000001d     app_p28FP.o28FP (.text:_ti_sysbios_gates_GateMutex_Object__create__S)
                  00306c43    0000001d     app_p28FP.o28FP (.text:_ti_sysbios_knl_Queue_Object__create__S)
                  00306c60    0000001d     ti.targets.rts2800.a28FP : LoggerBuf.o28FP (.text:_xdc_runtime_LoggerBuf_filterOutEvent__I)
                  00306c7d    0000001d     app_p28FP.o28FP (.text:_xdc_runtime_LoggerBuf_write8__E)
                  00306c9a    0000001c     DSP2833x_Gpio.obj (.text)
                  00306cb6    0000001a     ti.targets.rts2800.a28FP : Core-label.o28FP (.text:_xdc_runtime_Core_assignLabel__I)
                  00306cd0    0000001a                              : LoggerBuf.o28FP (.text:_xdc_runtime_LoggerBuf_Module_startup__F)
                  00306cea    0000001a     app_p28FP.o28FP (.text:_xdc_runtime_SysMin_output__I)
                  00306d04    0000001a     sysbios.lib : BIOS.obj (.text:ti_sysbios_hal_Hwi_initStack:_ti_sysbios_hal_Hwi_initStack)
                  00306d1e    00000019                 : BIOS.obj (.text:_ti_sysbios_gates_GateMutex_Instance_init__F)
                  00306d37    00000019                 : BIOS.obj (.text:_ti_sysbios_knl_Swi_restore__E)
                  00306d50    00000019     ti.targets.rts2800.a28FP : Memory.o28FP (.text:_xdc_runtime_Memory_valloc__F)
                  00306d69    00000019     rts2800_fpu32.lib : args_main.obj (.text)
                  00306d82    00000019                       : exit.obj (.text)
                  00306d9b    00000018     sysbios.lib : BIOS.obj (.text:_ti_sysbios_knl_Event_pendTimeout__I)
                  00306db3    00000018                 : BIOS.obj (.text:_ti_sysbios_knl_Semaphore_pendTimeout__I)
                  00306dcb    00000018     ti.targets.rts2800.a28FP : LoggerBuf.o28FP (.text:_xdc_runtime_LoggerBuf_reset__F)
                  00306de3    00000018     data_flash.obj (.text)
                  00306dfb    00000017     DSP2833x_I2C.obj (.text)
                  00306e12    00000017     app_p28FP.o28FP (.text:_ti_sysbios_heaps_HeapNull_Object__create__S)
                  00306e29    00000017     app_p28FP.o28FP (.text:_ti_sysbios_knl_Clock_doTick__I)
                  00306e40    00000017     sysbios.lib : BIOS.obj (.text:_ti_sysbios_knl_Swi_Module_startup__F)
                  00306e57    00000017     ti.targets.rts2800.a28FP : SysMin.o28FP (.text:_xdc_runtime_SysMin_abort__F)
                  00306e6e    00000017                              : Text.o28FP (.text:_xdc_runtime_Text_printVisFxn__I)
                  00306e85    00000016     app_p28FP.o28FP (.text:_ti_sysbios_BIOS_exitFunc__I)
                  00306e9b    00000016     sysbios.lib : BIOS.obj (.text:_ti_sysbios_family_c28_Timer_Module_startup__F)
                  00306eb1    00000016                 : BIOS.obj (.text:_ti_sysbios_family_c28_Timer_startup__E)
                  00306ec7    00000016                 : BIOS.obj (.text:_ti_sysbios_knl_Task_restore__E)
                  00306edd    00000016     ti.targets.rts2800.a28FP : System.o28FP (.text:_xdc_runtime_System_avprintf__F)
                  00306ef3    00000016                              : System.o28FP (.text:_xdc_runtime_System_vprintf__F)
                  00306f09    00000016     rts2800_fpu32.lib : frexp.obj (.text)
                  00306f1f    00000015     DSP2833x_MemCopy.obj (.text)
                  00306f34    00000015     ti.targets.rts2800.a28FP : Text.o28FP (.text:_xdc_runtime_Text_cordText__F)
                  00306f49    00000014     DSP2833x_Adc.obj (.text)
                  00306f5d    00000014     ti.targets.rts2800.a28FP : System.o28FP (.text:_xdc_runtime_System_putchar__I)
                  00306f71    00000014     rts2800_fpu32.lib : ll_mpy.obj (.text)
                  00306f85    00000013     app_p28FP.o28FP (.text:_ti_sysbios_gates_GateMutex_Object__delete__S)
                  00306f98    00000013     sysbios.lib : BIOS.obj (.text:_ti_sysbios_knl_Clock_Module_startup__F)
                  00306fab    00000012                 : BIOS.obj (.text:_ti_sysbios_family_c28_Timer_stop__E)
                  00306fbd    00000012     app_p28FP.o28FP (.text:_ti_sysbios_gates_GateHwi_Object__delete__S)
                  00306fcf    00000012     app_p28FP.o28FP (.text:_ti_sysbios_heaps_HeapNull_Object__delete__S)
                  00306fe1    00000012     app_p28FP.o28FP (.text:_xdc_runtime_LoggerBuf_Object__delete__S)
                  00306ff3    00000011     app_p28FP.o28FP (.text:_ti_sysbios_family_c28_Hwi_Object__get__S)
                  00307004    00000011     app_p28FP.o28FP (.text:_ti_sysbios_knl_Task_Object__get__S)
                  00307015    00000011     sysbios.lib : BIOS.obj (.text:_ti_sysbios_knl_Task_sleepTimeout__I)
                  00307026    00000010                 : BIOS.obj (.text:_rtsLock$0)
                  00307036    00000010                 : BIOS.obj (.text:_ti_sysbios_knl_Task_restoreHwi__E)
                  00307046    0000000f                 : BIOS.obj (.text:_checkEvents$12)
                  00307055    0000000f     app_p28FP.o28FP (.text:_ti_sysbios_BIOS_startFunc__I)
                  00307064    0000000f     sysbios.lib : BIOS.obj (.text:_ti_sysbios_knl_Task_allBlockedFunction__I)
                  00307073    0000000f     ti.targets.rts2800.a28FP : LoggerBuf.o28FP (.text:_xdc_runtime_LoggerBuf_write2__F)
                  00307082    0000000f     app_p28FP.o28FP (.text:_xdc_runtime_LoggerBuf_write4__E)
                  00307091    0000000e     app_p28FP.o28FP (.text:_ti_sysbios_knl_Clock_Object__destruct__S)
                  0030709f    0000000e     app_p28FP.o28FP (.text:_ti_sysbios_knl_Semaphore_Object__destruct__S)
                  003070ad    0000000e     ti.targets.rts2800.a28FP : Registry.o28FP (.text:_xdc_runtime_Registry_findById__F)
                  003070bb    0000000e                              : SysMin.o28FP (.text:_xdc_runtime_SysMin_Module_startup__F)
                  003070c9    0000000e     rts2800_fpu32.lib : strpbrk.obj (.text)
                  003070d7    0000000d     sysbios.lib : BIOS.obj (.text:_ti_sysbios_BIOS_registerRTSLock__I)
                  003070e4    0000000d                 : c28_Hwi_asm.obj (.text:_ti_sysbios_family_xxx_Hwi_switchToIsrStack)
                  003070f1    0000000d     app_p28FP.o28FP (.text:_ti_sysbios_gates_GateHwi_Handle__label__S)
                  003070fe    0000000d     app_p28FP.o28FP (.text:_ti_sysbios_gates_GateMutex_Handle__label__S)
                  0030710b    0000000d     app_p28FP.o28FP (.text:_ti_sysbios_heaps_HeapNull_Handle__label__S)
                  00307118    0000000d     app_p28FP.o28FP (.text:_ti_sysbios_knl_Clock_Params__init__S)
                  00307125    0000000d     app_p28FP.o28FP (.text:_ti_sysbios_knl_Queue_Object__destruct__S)
                  00307132    0000000d     sysbios.lib : BIOS.obj (.text:_ti_sysbios_knl_Task_enter__I)
                  0030713f    0000000d     ti.targets.rts2800.a28FP : Error.o28FP (.text:_xdc_runtime_Error_check__F)
                  0030714c    0000000d     app_p28FP.o28FP (.text:_xdc_runtime_LoggerBuf_Handle__label__S)
                  00307159    0000000d     ti.targets.rts2800.a28FP : LoggerBuf.o28FP (.text:_xdc_runtime_LoggerBuf_write1__F)
                  00307166    0000000d     rts2800_fpu32.lib : strcat.obj (.text)
                  00307173    0000000c     app_p28FP.o28FP (.text:_ti_sysbios_family_c28_Hwi_disableIER__E)
                  0030717f    0000000c     sysbios.lib : BIOS.obj (.text:_ti_sysbios_gates_GateMutex_leave__E)
                  0030718b    0000000c                 : BIOS.obj (.text:_ti_sysbios_knl_Queue_put__E)
                  00307197    0000000c     app_p28FP.o28FP (.text:_ti_sysbios_knl_Swi_Object__get__S)
                  003071a3    0000000c     app_p28FP.o28FP (.text:_xdc_runtime_LoggerBuf_Object__get__S)
                  003071af    0000000c     ti.targets.rts2800.a28FP : Memory.o28FP (.text:_xdc_runtime_Memory_free__F)
                  003071bb    0000000c                              : Text.o28FP (.text:_xdc_runtime_Text_ropeText__F)
                  003071c7    0000000b     app_p28FP.o28FP (.text:_ti_sysbios_family_c28_Hwi_Module__startupDone__F)
                  003071d2    0000000b     app_p28FP.o28FP (.text:_ti_sysbios_family_c28_Hwi_enableIER__E)
                  003071dd    0000000b     app_p28FP.o28FP (.text:_ti_sysbios_family_c28_Timer_Module__startupDone__F)
                  003071e8    0000000b     app_p28FP.o28FP (.text:_ti_sysbios_hal_Timer_Module__startupDone__F)
                  003071f3    0000000b     sysbios.lib : BIOS.obj (.text:_ti_sysbios_knl_Idle_loop__E)
                  003071fe    0000000b     app_p28FP.o28FP (.text:_ti_sysbios_knl_Queue_Object__get__S)
                  00307209    0000000b     app_p28FP.o28FP (.text:_ti_sysbios_knl_Task_SupportProxy_start__E)
                  00307214    0000000b     sysbios.lib : BIOS.obj (.text:_ti_sysbios_knl_Task_unblock__E)
                  0030721f    0000000b     ti.targets.rts2800.a28FP : LoggerBuf.o28FP (.text:_xdc_runtime_LoggerBuf_Instance_finalize__F)
                  0030722a    0000000b                              : LoggerBuf.o28FP (.text:_xdc_runtime_LoggerBuf_write0__F)
                  00307235    0000000b     app_p28FP.o28FP (.text:_xdc_runtime_LoggerBuf_write2__E)
                  00307240    0000000b     ti.targets.rts2800.a28FP : SysMin.o28FP (.text:_xdc_runtime_SysMin_exit__F)
                  0030724b    0000000b                              : System.o28FP (.text:_xdc_runtime_System_abort__F)
                  00307256    0000000a     sysbios.lib : BIOS.obj (.text:_ti_sysbios_family_c28_TaskSupport_checkStack__E)
                  00307260    0000000a                 : c28_Hwi_asm.obj (.text:_ti_sysbios_family_xxx_Hwi_switchToTaskStack)
                  0030726a    0000000a     rts2800_fpu32.lib : strcmp.obj (.text)
                  00307274    0000000a                       : strlen.obj (.text)
                  0030727e    00000009     app_p28FP.o28FP (.text:_ti_sysbios_family_c28_Hwi_restoreIER__E)
                  00307287    00000009     sysbios.lib : c28_TaskSupport_asm.obj (.text:_ti_sysbios_family_c28_TaskSupport_glue)
                  00307290    00000009                 : BIOS.obj (.text:_ti_sysbios_family_c28_Timer_getPeriod__E)
                  00307299    00000009                 : BIOS.obj (.text:_ti_sysbios_hal_Hwi_Module_startup__F)
                  003072a2    00000009                 : BIOS.obj (.text:_ti_sysbios_hal_Timer_Module_startup__F)
                  003072ab    00000009     ti.targets.rts2800.a28FP : System.o28FP (.text:_xdc_runtime_System_vsprintf__F)
                  003072b4    00000009     rts2800_fpu32.lib : _lock.obj (.text)
                  003072bd    00000009                       : strcpy.obj (.text)
                  003072c6    00000008     DSP2833x_CodeStartBranch.obj (.text)
                  003072ce    00000008     sysbios.lib : BIOS.obj (.text:_ti_sysbios_gates_GateMutex_Instance_finalize__F)
                  003072d6    00000008                 : BIOS.obj (.text:_ti_sysbios_knl_Queue_empty__E)
                  003072de    00000008                 : BIOS.obj (.text:_ti_sysbios_knl_Semaphore_Instance_finalize__F)
                  003072e6    00000008     app_p28FP.o28FP (.text:_xdc_runtime_Memory_HeapProxy_alloc__E)
                  003072ee    00000008     ti.targets.rts2800.a28FP : Memory.o28FP (.text:_xdc_runtime_Memory_calloc__F)
                  003072f6    00000008     app_p28FP.o28FP (.text:_xdc_runtime_Startup_exec__I)
                  003072fe    00000008     ti.targets.rts2800.a28FP : SysMin.o28FP (.text:_xdc_runtime_SysMin_ready__F)
                  00307306    00000007     app_p28FP.o28FP (.text:.bootCodeSection:_ti_catalog_c2800_init_Boot_init)
                  0030730d    00000007     DSP2833x_DisInt.obj (.text)
                  00307314    00000007     sysbios.lib : BIOS.obj (.text:_ti_sysbios_BIOS_setThreadType__E)
                  0030731b    00000007     app_p28FP.o28FP (.text:_ti_sysbios_heaps_HeapNull_alloc__E)
                  00307322    00000007     sysbios.lib : BIOS.obj (.text:_ti_sysbios_heaps_HeapNull_getStats__F)
                  00307329    00000007     ti.targets.rts2800.a28FP : Error.o28FP (.text:_xdc_runtime_Error_init__F)
                  00307330    00000007     app_p28FP.o28FP (.text:_xdc_runtime_LoggerBuf_write1__E)
                  00307337    00000007     ti.targets.rts2800.a28FP : System.o28FP (.text:_xdc_runtime_System_Module_startup__F)
                  0030733e    00000007     rts2800_fpu32.lib : memset.obj (.text)
                  00307345    00000006     sysbios.lib : c28_IntrinsicsSupport_asm.obj (.text:_ti_sysbios_family_c28_IntrinsicsSupport_maxbit__E)
                  0030734b    00000006                 : BIOS.obj (.text:_ti_sysbios_family_c28_TimestampProvider_rolloverFunc__F)
                  00307351    00000006                 : BIOS.obj (.text:_ti_sysbios_family_c28_TimestampProvider_startTimer__F)
                  00307357    00000006                 : BIOS.obj (.text:_ti_sysbios_knl_Swi_disable__E)
                  0030735d    00000006                 : BIOS.obj (.text:_ti_sysbios_knl_Task_disable__E)
                  00307363    00000006     ti.targets.rts2800.a28FP : Gate.o28FP (.text:_xdc_runtime_Gate_enterSystem__F)
                  00307369    00000006                              : Gate.o28FP (.text:_xdc_runtime_Gate_leaveSystem__F)
                  0030736f    00000006     app_p28FP.o28FP (.text:_xdc_runtime_System_aprintf__E)
                  00307375    00000006     ti.targets.rts2800.a28FP : System.o28FP (.text:_xdc_runtime_System_exit__F)
                  0030737b    00000006     app_p28FP.o28FP (.text:_xdc_runtime_System_printf__E)
                  00307381    00000005     sysbios.lib : BIOS.obj (.text:_ti_sysbios_BIOS_start__E)
                  00307386    00000005                 : BIOS.obj (.text:_ti_sysbios_family_c28_Hwi_switchFromBootStack__E)
                  0030738b    00000005                 : BIOS.obj (.text:_ti_sysbios_gates_GateHwi_enter__E)
                  00307390    00000005     ti.targets.rts2800.a28FP : LoggerBuf.o28FP (.text:_xdc_runtime_LoggerBuf_enable__F)
                  00307395    00000004     app_p28FP.o28FP (.text:_ti_sysbios_family_c28_Hwi_disable__E)
                  00307399    00000004     app_p28FP.o28FP (.text:_ti_sysbios_family_c28_Hwi_enable__E)
                  0030739d    00000004     app_p28FP.o28FP (.text:_ti_sysbios_family_c28_Hwi_startup__E)
                  003073a1    00000004     sysbios.lib : BIOS.obj (.text:_ti_sysbios_knl_Clock_getTicks__E)
                  003073a5    00000004                 : BIOS.obj (.text:_ti_sysbios_knl_Swi_startup__E)
                  003073a9    00000004     ti.targets.rts2800.a28FP : LoggerBuf.o28FP (.text:_xdc_runtime_LoggerBuf_disable__F)
                  003073ad    00000004     app_p28FP.o28FP (.text:_xdc_runtime_Memory_HeapProxy_free__E)
                  003073b1    00000004     ti.targets.rts2800.a28FP : Memory.o28FP (.text:_xdc_runtime_Memory_getMaxDefaultTypeAlign__F)
                  003073b5    00000003     Action.obj (.text)
                  003073b8    00000003     DSP2833x_DBGIER.obj (.text)
                  003073bb    00000003     ti.targets.rts2800.a28FP : xdc_noinit.o28FP (.text:___xdc__init)
                  003073be    00000003     app_p28FP.o28FP (.text:_ti_catalog_c2800_init_Boot_limpAbort)
                  003073c1    00000003     app_p28FP.o28FP (.text:_ti_sysbios_BIOS_RtsGateProxy_enter__E)
                  003073c4    00000003     app_p28FP.o28FP (.text:_ti_sysbios_BIOS_RtsGateProxy_leave__E)
                  003073c7    00000003     app_p28FP.o28FP (.text:_ti_sysbios_family_c28_Hwi_Module_startup__E)
                  003073ca    00000003     sysbios.lib : c28_Hwi_asm.obj (.text:_ti_sysbios_family_c28_Hwi_getIFR__I)
                  003073cd    00000003     app_p28FP.o28FP (.text:_ti_sysbios_family_c28_Timer_Module_startup__E)
                  003073d0    00000003     app_p28FP.o28FP (.text:_ti_sysbios_family_c28_TimestampProvider_Module_startup__E)
                  003073d3    00000003     app_p28FP.o28FP (.text:_ti_sysbios_family_c28_TimestampProvider_get64__E)
                  003073d6    00000003     app_p28FP.o28FP (.text:_ti_sysbios_family_c28_TimestampProvider_rolloverFunc__E)
                  003073d9    00000003     app_p28FP.o28FP (.text:_ti_sysbios_family_c28_TimestampProvider_startTimer__E)
                  003073dc    00000003     sysbios.lib : BIOS.obj (.text:_ti_sysbios_gates_GateHwi_leave__E)
                  003073df    00000003     app_p28FP.o28FP (.text:_ti_sysbios_gates_GateHwi_query__E)
                  003073e2    00000003     app_p28FP.o28FP (.text:_ti_sysbios_gates_GateMutex_query__E)
                  003073e5    00000003     app_p28FP.o28FP (.text:_ti_sysbios_hal_Hwi_HwiProxy_switchFromBootStack__E)
                  003073e8    00000003     app_p28FP.o28FP (.text:_ti_sysbios_hal_Hwi_Module_startup__E)
                  003073eb    00000003     sysbios.lib : BIOS.obj (.text:_ti_sysbios_hal_Hwi_startup__E)
                  003073ee    00000003     app_p28FP.o28FP (.text:_ti_sysbios_hal_Timer_Module_startup__E)
                  003073f1    00000003     app_p28FP.o28FP (.text:_ti_sysbios_hal_Timer_TimerProxy_getPeriod__E)
                  003073f4    00000003     app_p28FP.o28FP (.text:_ti_sysbios_hal_Timer_TimerProxy_startup__E)
                  003073f7    00000003     sysbios.lib : BIOS.obj (.text:_ti_sysbios_hal_Timer_startup__E)
                  003073fa    00000003     app_p28FP.o28FP (.text:_ti_sysbios_heaps_HeapNull_free__E)
                  003073fd    00000003     app_p28FP.o28FP (.text:_ti_sysbios_heaps_HeapNull_getStats__E)
                  00307400    00000003     app_p28FP.o28FP (.text:_ti_sysbios_heaps_HeapNull_isBlocking__E)
                  00307403    00000003     app_p28FP.o28FP (.text:_ti_sysbios_knl_Clock_Module_startup__E)
                  00307406    00000003     sysbios.lib : BIOS.obj (.text:_ti_sysbios_knl_Clock_stop__E)
                  00307409    00000003                 : BIOS.obj (.text:_ti_sysbios_knl_Queue_Instance_init__F)
                  0030740c    00000003     app_p28FP.o28FP (.text:_ti_sysbios_knl_Swi_Module_startup__E)
                  0030740f    00000003     app_p28FP.o28FP (.text:_ti_sysbios_knl_Task_Module_startup__E)
                  00307412    00000003     app_p28FP.o28FP (.text:_ti_sysbios_knl_Task_SupportProxy_checkStack__E)
                  00307415    00000003     app_p28FP.o28FP (.text:_ti_sysbios_knl_Task_SupportProxy_swap__E)
                  00307418    00000003     app_p28FP.o28FP (.text:_xdc_runtime_Error_check__E)
                  0030741b    00000003     app_p28FP.o28FP (.text:_xdc_runtime_Error_print__E)
                  0030741e    00000003     app_p28FP.o28FP (.text:_xdc_runtime_LoggerBuf_Module_GateProxy_enter__E)
                  00307421    00000003     app_p28FP.o28FP (.text:_xdc_runtime_LoggerBuf_Module_GateProxy_leave__E)
                  00307424    00000003     app_p28FP.o28FP (.text:_xdc_runtime_LoggerBuf_Module_startup__E)
                  00307427    00000003     app_p28FP.o28FP (.text:_xdc_runtime_LoggerBuf_disable__E)
                  0030742a    00000003     app_p28FP.o28FP (.text:_xdc_runtime_LoggerBuf_enable__E)
                  0030742d    00000003     app_p28FP.o28FP (.text:_xdc_runtime_LoggerBuf_getFilterLevel__E)
                  00307430    00000003     app_p28FP.o28FP (.text:_xdc_runtime_LoggerBuf_setFilterLevel__E)
                  00307433    00000003     app_p28FP.o28FP (.text:_xdc_runtime_LoggerBuf_write0__E)
                  00307436    00000003     app_p28FP.o28FP (.text:_xdc_runtime_SysMin_Module_startup__E)
                  00307439    00000003     app_p28FP.o28FP (.text:_xdc_runtime_SysMin_abort__E)
                  0030743c    00000003     app_p28FP.o28FP (.text:_xdc_runtime_SysMin_exit__E)
                  0030743f    00000003     app_p28FP.o28FP (.text:_xdc_runtime_SysMin_putch__E)
                  00307442    00000003     app_p28FP.o28FP (.text:_xdc_runtime_SysMin_ready__E)
                  00307445    00000003     app_p28FP.o28FP (.text:_xdc_runtime_System_Module_GateProxy_enter__E)
                  00307448    00000003     app_p28FP.o28FP (.text:_xdc_runtime_System_Module_GateProxy_leave__E)
                  0030744b    00000003     app_p28FP.o28FP (.text:_xdc_runtime_System_Module_startup__E)
                  0030744e    00000003     app_p28FP.o28FP (.text:_xdc_runtime_System_atexit__E)
                  00307451    00000003     app_p28FP.o28FP (.text:_xdc_runtime_Text_putLab__E)
                  00307454    00000003     app_p28FP.o28FP (.text:_xdc_runtime_Text_putSite__E)
                  00307457    00000003     app_p28FP.o28FP (.text:_xdc_runtime_Text_visitRope__I)
                  0030745a    00000002     Boot.a28FP : Boot.o28FP (.text)
                  0030745c    00000002     app_p28FP.o28FP (.text:_ti_sysbios_family_c28_TaskSupport_Module__startupDone__S)
                  0030745e    00000002     sysbios.lib : BIOS.obj (.text:_ti_sysbios_gates_GateHwi_query__F)
                  00307460    00000002                 : BIOS.obj (.text:_ti_sysbios_gates_GateMutex_query__F)
                  00307462    00000002                 : BIOS.obj (.text:_ti_sysbios_heaps_HeapNull_alloc__F)
                  00307464    00000002                 : BIOS.obj (.text:_ti_sysbios_heaps_HeapNull_isBlocking__F)
                  00307466    00000002     ti.targets.rts2800.a28FP : Error.o28FP (.text:_xdc_runtime_Error_getSite__F)
                  00307468    00000001     sysbios.lib : BIOS.obj (.text:_nullFunc$0)
                  00307469    00000001                 : c28_Hwi_asm.obj (.text:_ti_sysbios_family_c28_Hwi_interruptReturn__I)
                  0030746a    00000001                 : BIOS.obj (.text:_ti_sysbios_gates_GateHwi_Instance_init__F)
                  0030746b    00000001                 : BIOS.obj (.text:_ti_sysbios_heaps_HeapNull_free__F)
                  0030746c    00000001                 : BIOS.obj (.text:_ti_sysbios_knl_Clock_logTick__E)

.econst    0    0030746e    00000d66     
                  0030746e    0000037a     ALFAT.obj (.econst:.string)
                  003077e8    000001ba     Bluetooth.obj (.econst:.string)
                  003079a2    00000100     DSP2833x_PieVect.obj (.econst)
                  00307aa2    00000100     spi_if.obj (.econst:_CrcTable)
                  00307ba2    00000100     app_p28FP.o28FP (.econst:_ti_sysbios_family_c28_Hwi_vectors)
                  00307ca2    00000078     app_p28FP.o28FP (.econst)
                  00307d1a    0000005d     app_p28FP.o28FP (.econst:.string)
                  00307d77    00000001     app_p28FP.o28FP (.econst:ti_sysbios_BIOS_Module__id__C)
                  00307d78    00000058     ti.targets.rts2800.a28FP : Error.o28FP (.econst:.string)
                  00307dd0    00000050     spi_if.obj (.econst:_spi_regs_rw_mask)
                  00307e20    0000004b     ti.targets.rts2800.a28FP : Log.o28FP (.econst:.string)
                  00307e6b    00000001     app_p28FP.o28FP (.econst:ti_sysbios_family_c28_Hwi_Module__id__C)
                  00307e6c    00000045     ti.targets.rts2800.a28FP : Text.o28FP (.econst:.string)
                  00307eb1    00000001     app_p28FP.o28FP (.econst:ti_sysbios_family_c28_Hwi_Object__count__C)
                  00307eb2    00000040     data_flash.obj (.econst:_DATA_FLASH)
                  00307ef2    0000002a     ti.targets.rts2800.a28FP : Startup.o28FP (.econst:.string)
                  00307f1c    0000001f                              : Core-mem.o28FP (.econst:.string)
                  00307f3b    00000001     app_p28FP.o28FP (.econst:ti_sysbios_family_c28_Hwi_zeroLatencyIERMask__C)
                  00307f3c    0000001e     app_p28FP.o28FP (.econst:xdc_runtime_LoggerBuf_Module__FXNS__C)
                  00307f5a    00000016     Charge.obj (.econst:.string)
                  00307f70    00000016     app_p28FP.o28FP (.econst:xdc_runtime_Startup_sfxnTab__A)
                  00307f86    00000015     Sleep.obj (.econst:.string)
                  00307f9b    00000001     app_p28FP.o28FP (.econst:ti_sysbios_family_c28_TaskSupport_Module__id__C)
                  00307f9c    00000014     Race.obj (.econst:.string)
                  00307fb0    00000014     app_p28FP.o28FP (.econst:ti_sysbios_heaps_HeapNull_Module__FXNS__C)
                  00307fc4    00000012     app_p28FP.o28FP (.econst:ti_sysbios_gates_GateHwi_Module__FXNS__C)
                  00307fd6    00000012     app_p28FP.o28FP (.econst:ti_sysbios_gates_GateMutex_Module__FXNS__C)
                  00307fe8    00000012     app_p28FP.o28FP (.econst:xdc_runtime_LoggerBuf_Object__PARAMS__C)
                  00307ffa    00000011     ti.targets.rts2800.a28FP : System.o28FP (.econst:_digtohex)
                  0030800b    00000001     app_p28FP.o28FP (.econst:ti_sysbios_family_c28_Timer_startupNeeded__C)
                  0030800c    00000010     app_p28FP.o28FP (.econst:ti_sysbios_gates_GateHwi_Object__DESC__C)
                  0030801c    00000010     app_p28FP.o28FP (.econst:ti_sysbios_gates_GateMutex_Object__DESC__C)
                  0030802c    00000010     app_p28FP.o28FP (.econst:ti_sysbios_heaps_HeapNull_Object__DESC__C)
                  0030803c    00000010     app_p28FP.o28FP (.econst:ti_sysbios_knl_Clock_Object__DESC__C)
                  0030804c    00000010     app_p28FP.o28FP (.econst:ti_sysbios_knl_Clock_Object__PARAMS__C)
                  0030805c    00000010     app_p28FP.o28FP (.econst:ti_sysbios_knl_Queue_Object__DESC__C)
                  0030806c    00000010     app_p28FP.o28FP (.econst:ti_sysbios_knl_Semaphore_Object__DESC__C)
                  0030807c    00000010     app_p28FP.o28FP (.econst:ti_sysbios_knl_Semaphore_Object__PARAMS__C)
                  0030808c    00000010     app_p28FP.o28FP (.econst:xdc_runtime_LoggerBuf_Object__DESC__C)
                  0030809c    0000000c     LCD.obj (.econst:.string)
                  003080a8    0000000c     app_p28FP.o28FP (.econst:ti_sysbios_gates_GateHwi_Object__PARAMS__C)
                  003080b4    0000000c     app_p28FP.o28FP (.econst:ti_sysbios_gates_GateMutex_Object__PARAMS__C)
                  003080c0    0000000c     app_p28FP.o28FP (.econst:ti_sysbios_heaps_HeapNull_Object__PARAMS__C)
                  003080cc    0000000c     app_p28FP.o28FP (.econst:ti_sysbios_knl_Queue_Object__PARAMS__C)
                  003080d8    0000000c     app_p28FP.o28FP (.econst:ti_sysbios_knl_Task_hooks__A)
                  003080e4    0000000b     app_p28FP.o28FP (.econst:xdc_runtime_Startup_sfxnRts__A)
                  003080ef    00000001     app_p28FP.o28FP (.econst:ti_sysbios_family_c28_TimestampProvider_Module__id__C)
                  003080f0    00000007     ti.targets.rts2800.a28FP : System.o28FP (.econst:.string)
                  003080f7    00000001     app_p28FP.o28FP (.econst:ti_sysbios_family_c28_TimestampProvider_useClockTimer__C)
                  003080f8    00000005     ti.targets.rts2800.a28FP : Assert.o28FP (.econst:.string)
                  003080fd    00000001     app_p28FP.o28FP (.econst:ti_sysbios_gates_GateMutex_Module__id__C)
                  003080fe    00000004     ti.targets.rts2800.a28FP : Diags.o28FP (.econst:.string)
                  00308102    00000004     app_p28FP.o28FP (.econst:ti_sysbios_knl_Idle_funcList__C)
                  00308106    00000004     app_p28FP.o28FP (.econst:ti_sysbios_knl_Task_hooks__C)
                  0030810a    00000004     app_p28FP.o28FP (.econst:xdc_runtime_Startup_firstFxns__C)
                  0030810e    00000004     app_p28FP.o28FP (.econst:xdc_runtime_Startup_lastFxns__C)
                  00308112    00000002     app_p28FP.o28FP (.econst:ti_sysbios_BIOS_Module__diagsEnabled__C)
                  00308114    00000002     app_p28FP.o28FP (.econst:ti_sysbios_BIOS_Module__diagsIncluded__C)
                  00308116    00000002     app_p28FP.o28FP (.econst:ti_sysbios_BIOS_Module__diagsMask__C)
                  00308118    00000002     app_p28FP.o28FP (.econst:ti_sysbios_BIOS_installedErrorHook__C)
                  0030811a    00000002     app_p28FP.o28FP (.econst:ti_sysbios_family_c28_Hwi_A_badIntNum__C)
                  0030811c    00000002     app_p28FP.o28FP (.econst:ti_sysbios_family_c28_Hwi_A_invalidArg__C)
                  0030811e    00000002     app_p28FP.o28FP (.econst:ti_sysbios_family_c28_Hwi_E_unpluggedInterrupt__C)
                  00308120    00000002     app_p28FP.o28FP (.econst:ti_sysbios_family_c28_Hwi_Module__diagsEnabled__C)
                  00308122    00000002     app_p28FP.o28FP (.econst:ti_sysbios_family_c28_Hwi_Module__diagsIncluded__C)
                  00308124    00000002     app_p28FP.o28FP (.econst:ti_sysbios_family_c28_Hwi_Module__diagsMask__C)
                  00308126    00000002     app_p28FP.o28FP (.econst:ti_sysbios_family_c28_TaskSupport_E_invalidStack__C)
                  00308128    00000002     app_p28FP.o28FP (.econst:ti_sysbios_family_c28_TimestampProvider_Module__diagsEnabled__C)
                  0030812a    00000002     app_p28FP.o28FP (.econst:ti_sysbios_family_c28_TimestampProvider_Module__diagsIncluded__C)
                  0030812c    00000002     app_p28FP.o28FP (.econst:ti_sysbios_family_c28_TimestampProvider_Module__diagsMask__C)
                  0030812e    00000002     app_p28FP.o28FP (.econst:ti_sysbios_gates_GateMutex_A_badContext__C)
                  00308130    00000002     app_p28FP.o28FP (.econst:ti_sysbios_gates_GateMutex_Instance_State_sem__O)
                  00308132    00000002     app_p28FP.o28FP (.econst:ti_sysbios_gates_GateMutex_Module__diagsEnabled__C)
                  00308134    00000002     app_p28FP.o28FP (.econst:ti_sysbios_gates_GateMutex_Module__diagsIncluded__C)
                  00308136    00000002     app_p28FP.o28FP (.econst:ti_sysbios_gates_GateMutex_Module__diagsMask__C)
                  00308138    00000002     app_p28FP.o28FP (.econst:ti_sysbios_hal_Hwi_E_stackOverflow__C)
                  0030813a    00000002     app_p28FP.o28FP (.econst:ti_sysbios_knl_Clock_A_badThreadType__C)
                  0030813c    00000002     app_p28FP.o28FP (.econst:ti_sysbios_knl_Clock_Module_State_clockQ__O)
                  0030813e    00000002     app_p28FP.o28FP (.econst:ti_sysbios_knl_Clock_Module__diagsEnabled__C)
                  00308140    00000002     app_p28FP.o28FP (.econst:ti_sysbios_knl_Clock_Module__diagsIncluded__C)
                  00308142    00000002     app_p28FP.o28FP (.econst:ti_sysbios_knl_Clock_Module__diagsMask__C)
                  00308144    00000002     app_p28FP.o28FP (.econst:ti_sysbios_knl_Event_A_badContext__C)
                  00308146    00000002     app_p28FP.o28FP (.econst:ti_sysbios_knl_Event_A_eventInUse__C)
                  00308148    00000002     app_p28FP.o28FP (.econst:ti_sysbios_knl_Event_A_nullEventId__C)
                  0030814a    00000002     app_p28FP.o28FP (.econst:ti_sysbios_knl_Event_A_nullEventMasks__C)
                  0030814c    00000002     app_p28FP.o28FP (.econst:ti_sysbios_knl_Event_Instance_State_pendQ__O)
                  0030814e    00000002     app_p28FP.o28FP (.econst:ti_sysbios_knl_Event_Module__diagsEnabled__C)
                  00308150    00000002     app_p28FP.o28FP (.econst:ti_sysbios_knl_Event_Module__diagsIncluded__C)
                  00308152    00000002     app_p28FP.o28FP (.econst:ti_sysbios_knl_Event_Module__diagsMask__C)
                  00308154    00000002     app_p28FP.o28FP (.econst:ti_sysbios_knl_Idle_funcList__A)
                  00308156    00000002     app_p28FP.o28FP (.econst:ti_sysbios_knl_Semaphore_A_badContext__C)
                  00308158    00000002     app_p28FP.o28FP (.econst:ti_sysbios_knl_Semaphore_A_noEvents__C)
                  0030815a    00000002     app_p28FP.o28FP (.econst:ti_sysbios_knl_Semaphore_Instance_State_pendQ__O)
                  0030815c    00000002     app_p28FP.o28FP (.econst:ti_sysbios_knl_Semaphore_Module__diagsEnabled__C)
                  0030815e    00000002     app_p28FP.o28FP (.econst:ti_sysbios_knl_Semaphore_Module__diagsIncluded__C)
                  00308160    00000002     app_p28FP.o28FP (.econst:ti_sysbios_knl_Semaphore_Module__diagsMask__C)
                  00308162    00000002     app_p28FP.o28FP (.econst:ti_sysbios_knl_Task_A_badTimeout__C)
                  00308164    00000002     app_p28FP.o28FP (.econst:ti_sysbios_knl_Task_E_spOutOfBounds__C)
                  00308166    00000002     app_p28FP.o28FP (.econst:ti_sysbios_knl_Task_E_stackOverflow__C)
                  00308168    00000002     app_p28FP.o28FP (.econst:ti_sysbios_knl_Task_Module_State_inactiveQ__O)
                  0030816a    00000002     app_p28FP.o28FP (.econst:ti_sysbios_knl_Task_Module__diagsEnabled__C)
                  0030816c    00000002     app_p28FP.o28FP (.econst:ti_sysbios_knl_Task_Module__diagsIncluded__C)
                  0030816e    00000002     app_p28FP.o28FP (.econst:ti_sysbios_knl_Task_Module__diagsMask__C)
                  00308170    00000002     app_p28FP.o28FP (.econst:ti_sysbios_knl_Task_allBlockedFunc__C)
                  00308172    00000002     app_p28FP.o28FP (.econst:xdc_runtime_Assert_E_assertFailed__C)
                  00308174    00000002     app_p28FP.o28FP (.econst:xdc_runtime_Core_A_initializedParams__C)
                  00308176    00000002     app_p28FP.o28FP (.econst:xdc_runtime_Core_Module__diagsEnabled__C)
                  00308178    00000002     app_p28FP.o28FP (.econst:xdc_runtime_Core_Module__diagsIncluded__C)
                  0030817a    00000002     app_p28FP.o28FP (.econst:xdc_runtime_Core_Module__diagsMask__C)
                  0030817c    00000002     app_p28FP.o28FP (.econst:xdc_runtime_Error_E_generic__C)
                  0030817e    00000002     app_p28FP.o28FP (.econst:xdc_runtime_Error_E_memory__C)
                  00308180    00000002     app_p28FP.o28FP (.econst:xdc_runtime_Error_Module__diagsEnabled__C)
                  00308182    00000002     app_p28FP.o28FP (.econst:xdc_runtime_Error_Module__diagsIncluded__C)
                  00308184    00000002     app_p28FP.o28FP (.econst:xdc_runtime_Error_Module__diagsMask__C)
                  00308186    00000002     app_p28FP.o28FP (.econst:xdc_runtime_Error_Module__loggerFxn8__C)
                  00308188    00000002     app_p28FP.o28FP (.econst:xdc_runtime_Error_Module__loggerObj__C)
                  0030818a    00000002     app_p28FP.o28FP (.econst:xdc_runtime_Error_raiseHook__C)
                  0030818c    00000002     app_p28FP.o28FP (.econst:xdc_runtime_IFilterLogger_Interface__BASE__C)
                  0030818e    00000002     app_p28FP.o28FP (.econst:xdc_runtime_IGateProvider_Interface__BASE__C)
                  00308190    00000002     app_p28FP.o28FP (.econst:xdc_runtime_IHeap_Interface__BASE__C)
                  00308192    00000002     app_p28FP.o28FP (.econst:xdc_runtime_ILogger_Interface__BASE__C)
                  00308194    00000002     app_p28FP.o28FP (.econst:xdc_runtime_IModule_Interface__BASE__C)
                  00308196    00000002     app_p28FP.o28FP (.econst:xdc_runtime_Log_L_error__C)
                  00308198    00000002     app_p28FP.o28FP (.econst:xdc_runtime_LoggerBuf_E_badLevel__C)
                  0030819a    00000002     app_p28FP.o28FP (.econst:xdc_runtime_LoggerBuf_Module__gateObj__C)
                  0030819c    00000002     app_p28FP.o28FP (.econst:xdc_runtime_LoggerBuf_statusLogger__C)
                  0030819e    00000002     app_p28FP.o28FP (.econst:xdc_runtime_Memory_defaultHeapInstance__C)
                  003081a0    00000002     app_p28FP.o28FP (.econst:xdc_runtime_Startup_execImpl__C)
                  003081a2    00000002     app_p28FP.o28FP (.econst:xdc_runtime_Startup_firstFxns__A)
                  003081a4    00000002     app_p28FP.o28FP (.econst:xdc_runtime_Startup_lastFxns__A)
                  003081a6    00000002     app_p28FP.o28FP (.econst:xdc_runtime_Startup_sfxnRts__C)
                  003081a8    00000002     app_p28FP.o28FP (.econst:xdc_runtime_Startup_sfxnTab__C)
                  003081aa    00000002     app_p28FP.o28FP (.econst:xdc_runtime_SysMin_bufSize__C)
                  003081ac    00000002     app_p28FP.o28FP (.econst:xdc_runtime_SysMin_outputFunc__C)
                  003081ae    00000002     app_p28FP.o28FP (.econst:xdc_runtime_System_Module__gateObj__C)
                  003081b0    00000002     app_p28FP.o28FP (.econst:xdc_runtime_System_extendFxn__C)
                  003081b2    00000002     app_p28FP.o28FP (.econst:xdc_runtime_Text_charTab__C)
                  003081b4    00000002     app_p28FP.o28FP (.econst:xdc_runtime_Text_nameEmpty__C)
                  003081b6    00000002     app_p28FP.o28FP (.econst:xdc_runtime_Text_nameStatic__C)
                  003081b8    00000002     app_p28FP.o28FP (.econst:xdc_runtime_Text_nameUnknown__C)
                  003081ba    00000002     app_p28FP.o28FP (.econst:xdc_runtime_Text_visitRopeFxn__C)
                  003081bc    00000001     app_p28FP.o28FP (.econst:ti_sysbios_hal_Hwi_Module__id__C)
                  003081bd    00000001     app_p28FP.o28FP (.econst:ti_sysbios_knl_Clock_Module__id__C)
                  003081be    00000001     app_p28FP.o28FP (.econst:ti_sysbios_knl_Event_Module__id__C)
                  003081bf    00000001     app_p28FP.o28FP (.econst:ti_sysbios_knl_Semaphore_Module__id__C)
                  003081c0    00000001     app_p28FP.o28FP (.econst:ti_sysbios_knl_Swi_Object__count__C)
                  003081c1    00000001     app_p28FP.o28FP (.econst:ti_sysbios_knl_Task_Module__id__C)
                  003081c2    00000001     app_p28FP.o28FP (.econst:ti_sysbios_knl_Task_Object__count__C)
                  003081c3    00000001     app_p28FP.o28FP (.econst:ti_sysbios_knl_Task_initStackFlag__C)
                  003081c4    00000001     app_p28FP.o28FP (.econst:ti_sysbios_knl_Task_numConstructedTasks__C)
                  003081c5    00000001     app_p28FP.o28FP (.econst:xdc_runtime_Core_Module__id__C)
                  003081c6    00000001     app_p28FP.o28FP (.econst:xdc_runtime_Error_Module__loggerDefined__C)
                  003081c7    00000001     app_p28FP.o28FP (.econst:xdc_runtime_Error_maxDepth__C)
                  003081c8    00000001     app_p28FP.o28FP (.econst:xdc_runtime_Error_policy__C)
                  003081c9    00000001     app_p28FP.o28FP (.econst:xdc_runtime_LoggerBuf_Module__id__C)
                  003081ca    00000001     app_p28FP.o28FP (.econst:xdc_runtime_LoggerBuf_Object__count__C)
                  003081cb    00000001     app_p28FP.o28FP (.econst:xdc_runtime_LoggerBuf_filterByLevel__C)
                  003081cc    00000001     app_p28FP.o28FP (.econst:xdc_runtime_Memory_Module__id__C)
                  003081cd    00000001     app_p28FP.o28FP (.econst:xdc_runtime_Startup_maxPasses__C)
                  003081ce    00000001     app_p28FP.o28FP (.econst:xdc_runtime_SysMin_flushAtExit__C)
                  003081cf    00000001     app_p28FP.o28FP (.econst:xdc_runtime_System_maxAtexitHandlers__C)
                  003081d0    00000001     app_p28FP.o28FP (.econst:xdc_runtime_Text_charCnt__C)
                  003081d1    00000001     app_p28FP.o28FP (.econst:xdc_runtime_Text_isLoaded__C)
                  003081d2    00000001     app_p28FP.o28FP (.econst:xdc_runtime_Text_registryModsLastId__C)
                  003081d3    00000001     app_p28FP.o28FP (.econst:xdc_runtime_Text_unnamedModsLastId__C)

.cinit     0    003081d4    00000814     
                  003081d4    0000074b     app_p28FP.o28FP (.cinit)
                  0030891f    0000005c     I2C.obj (.cinit)
                  0030897b    00000034     ALFAT.obj (.cinit)
                  003089af    0000000a     rts2800_fpu32.lib : _lock.obj (.cinit)
                  003089b9    0000000a                       : exit.obj (.cinit)
                  003089c3    00000008                       : atexit.obj (.cinit)
                  003089cb    00000006     sysbios.lib : BIOS.obj (.cinit)
                  003089d1    00000005     rts2800_fpu32.lib : sinit.obj (.cinit)
                  003089d6    00000004     BQ.obj (.cinit)
                  003089da    00000004     adc.obj (.cinit)
                  003089de    00000004     eCAN.obj (.cinit)
                  003089e2    00000004     rts2800_fpu32.lib : errno.obj (.cinit)
                  003089e6    00000002     --HOLE-- [fill = 0]

ramfuncs   0    003089e8    0000001f     RUN ADDR = 0000e628
                  003089e8    0000001b     DSP2833x_SysCtrl.obj (ramfuncs)
                  00308a03    00000004     DSP2833x_usDelay.obj (ramfuncs)

.switch    0    00308a08    0000001c     
                  00308a08    0000001c     sysbios.lib : BIOS.obj (.switch:_ti_sysbios_family_c28_Hwi_clearInterrupt__E)

csm_rsvd   0    0033ff80    00000076     
                  0033ff80    00000076     DSP2833x_CSMPasswords.obj (csm_rsvd)

codestart 
*          0    0033fff6    00000002     
                  0033fff6    00000002     DSP2833x_CodeStartBranch.obj (codestart)

csmpasswds 
*          0    0033fff8    00000008     
                  0033fff8    00000008     DSP2833x_CSMPasswords.obj (csmpasswds)

.adc_cal   0    00380080    00000007     NOLOAD SECTION
                  00380080    00000007     DSP2833x_ADC_cal.obj (.adc_cal)

.stack     1    00000000    00000400     UNINITIALIZED
                  00000000    00000400     --HOLE--

DevEmuRegsFile 
*          1    00000880    000000d0     UNINITIALIZED
                  00000880    000000d0     DSP2833x_GlobalVariableDefs.obj (DevEmuRegsFile)

FlashRegsFile 
*          1    00000a80    00000008     UNINITIALIZED
                  00000a80    00000008     DSP2833x_GlobalVariableDefs.obj (FlashRegsFile)

CsmRegsFile 
*          1    00000ae0    00000010     UNINITIALIZED
                  00000ae0    00000010     DSP2833x_GlobalVariableDefs.obj (CsmRegsFile)

AdcMirrorFile 
*          1    00000b00    00000010     UNINITIALIZED
                  00000b00    00000010     DSP2833x_GlobalVariableDefs.obj (AdcMirrorFile)

XintfRegsFile 
*          1    00000b20    0000001e     UNINITIALIZED
                  00000b20    0000001e     DSP2833x_GlobalVariableDefs.obj (XintfRegsFile)

CpuTimer0RegsFile 
*          1    00000c00    00000008     UNINITIALIZED
                  00000c00    00000008     DSP2833x_GlobalVariableDefs.obj (CpuTimer0RegsFile)

CpuTimer1RegsFile 
*          1    00000c08    00000008     UNINITIALIZED
                  00000c08    00000008     DSP2833x_GlobalVariableDefs.obj (CpuTimer1RegsFile)

CpuTimer2RegsFile 
*          1    00000c10    00000008     UNINITIALIZED
                  00000c10    00000008     DSP2833x_GlobalVariableDefs.obj (CpuTimer2RegsFile)

PieCtrlRegsFile 
*          1    00000ce0    0000001a     UNINITIALIZED
                  00000ce0    0000001a     DSP2833x_GlobalVariableDefs.obj (PieCtrlRegsFile)

DmaRegsFile 
*          1    00001000    000000e0     UNINITIALIZED
                  00001000    000000e0     DSP2833x_GlobalVariableDefs.obj (DmaRegsFile)

McbspaRegsFile 
*          1    00005000    00000025     UNINITIALIZED
                  00005000    00000025     DSP2833x_GlobalVariableDefs.obj (McbspaRegsFile)

McbspbRegsFile 
*          1    00005040    00000025     UNINITIALIZED
                  00005040    00000025     DSP2833x_GlobalVariableDefs.obj (McbspbRegsFile)

ECanaRegsFile 
*          1    00006000    00000034     UNINITIALIZED
                  00006000    00000034     DSP2833x_GlobalVariableDefs.obj (ECanaRegsFile)

ECanaLAMRegsFile 
*          1    00006040    00000040     UNINITIALIZED
                  00006040    00000040     DSP2833x_GlobalVariableDefs.obj (ECanaLAMRegsFile)

ECanaMOTSRegsFile 
*          1    00006080    00000040     UNINITIALIZED
                  00006080    00000040     DSP2833x_GlobalVariableDefs.obj (ECanaMOTSRegsFile)

ECanaMOTORegsFile 
*          1    000060c0    00000040     UNINITIALIZED
                  000060c0    00000040     DSP2833x_GlobalVariableDefs.obj (ECanaMOTORegsFile)

ECanaMboxesFile 
*          1    00006100    00000100     UNINITIALIZED
                  00006100    00000100     DSP2833x_GlobalVariableDefs.obj (ECanaMboxesFile)

ECanbRegsFile 
*          1    00006200    00000034     UNINITIALIZED
                  00006200    00000034     DSP2833x_GlobalVariableDefs.obj (ECanbRegsFile)

ECanbLAMRegsFile 
*          1    00006240    00000040     UNINITIALIZED
                  00006240    00000040     DSP2833x_GlobalVariableDefs.obj (ECanbLAMRegsFile)

ECanbMOTSRegsFile 
*          1    00006280    00000040     UNINITIALIZED
                  00006280    00000040     DSP2833x_GlobalVariableDefs.obj (ECanbMOTSRegsFile)

ECanbMOTORegsFile 
*          1    000062c0    00000040     UNINITIALIZED
                  000062c0    00000040     DSP2833x_GlobalVariableDefs.obj (ECanbMOTORegsFile)

ECanbMboxesFile 
*          1    00006300    00000100     UNINITIALIZED
                  00006300    00000100     DSP2833x_GlobalVariableDefs.obj (ECanbMboxesFile)

EPwm1RegsFile 
*          1    00006800    00000022     UNINITIALIZED
                  00006800    00000022     DSP2833x_GlobalVariableDefs.obj (EPwm1RegsFile)

EPwm2RegsFile 
*          1    00006840    00000022     UNINITIALIZED
                  00006840    00000022     DSP2833x_GlobalVariableDefs.obj (EPwm2RegsFile)

EPwm3RegsFile 
*          1    00006880    00000022     UNINITIALIZED
                  00006880    00000022     DSP2833x_GlobalVariableDefs.obj (EPwm3RegsFile)

EPwm4RegsFile 
*          1    000068c0    00000022     UNINITIALIZED
                  000068c0    00000022     DSP2833x_GlobalVariableDefs.obj (EPwm4RegsFile)

EPwm5RegsFile 
*          1    00006900    00000022     UNINITIALIZED
                  00006900    00000022     DSP2833x_GlobalVariableDefs.obj (EPwm5RegsFile)

EPwm6RegsFile 
*          1    00006940    00000022     UNINITIALIZED
                  00006940    00000022     DSP2833x_GlobalVariableDefs.obj (EPwm6RegsFile)

ECap1RegsFile 
*          1    00006a00    00000020     UNINITIALIZED
                  00006a00    00000020     DSP2833x_GlobalVariableDefs.obj (ECap1RegsFile)

ECap2RegsFile 
*          1    00006a20    00000020     UNINITIALIZED
                  00006a20    00000020     DSP2833x_GlobalVariableDefs.obj (ECap2RegsFile)

ECap3RegsFile 
*          1    00006a40    00000020     UNINITIALIZED
                  00006a40    00000020     DSP2833x_GlobalVariableDefs.obj (ECap3RegsFile)

ECap4RegsFile 
*          1    00006a60    00000020     UNINITIALIZED
                  00006a60    00000020     DSP2833x_GlobalVariableDefs.obj (ECap4RegsFile)

ECap5RegsFile 
*          1    00006a80    00000020     UNINITIALIZED
                  00006a80    00000020     DSP2833x_GlobalVariableDefs.obj (ECap5RegsFile)

ECap6RegsFile 
*          1    00006aa0    00000020     UNINITIALIZED
                  00006aa0    00000020     DSP2833x_GlobalVariableDefs.obj (ECap6RegsFile)

EQep1RegsFile 
*          1    00006b00    00000040     UNINITIALIZED
                  00006b00    00000040     DSP2833x_GlobalVariableDefs.obj (EQep1RegsFile)

EQep2RegsFile 
*          1    00006b40    00000040     UNINITIALIZED
                  00006b40    00000040     DSP2833x_GlobalVariableDefs.obj (EQep2RegsFile)

GpioCtrlRegsFile 
*          1    00006f80    0000002e     UNINITIALIZED
                  00006f80    0000002e     DSP2833x_GlobalVariableDefs.obj (GpioCtrlRegsFile)

GpioDataRegsFile 
*          1    00006fc0    00000020     UNINITIALIZED
                  00006fc0    00000020     DSP2833x_GlobalVariableDefs.obj (GpioDataRegsFile)

GpioIntRegsFile 
*          1    00006fe0    0000000a     UNINITIALIZED
                  00006fe0    0000000a     DSP2833x_GlobalVariableDefs.obj (GpioIntRegsFile)

SysCtrlRegsFile 
*          1    00007010    00000020     UNINITIALIZED
                  00007010    00000020     DSP2833x_GlobalVariableDefs.obj (SysCtrlRegsFile)

SpiaRegsFile 
*          1    00007040    00000010     UNINITIALIZED
                  00007040    00000010     DSP2833x_GlobalVariableDefs.obj (SpiaRegsFile)

SciaRegsFile 
*          1    00007050    00000010     UNINITIALIZED
                  00007050    00000010     DSP2833x_GlobalVariableDefs.obj (SciaRegsFile)

XIntruptRegsFile 
*          1    00007070    00000010     UNINITIALIZED
                  00007070    00000010     DSP2833x_GlobalVariableDefs.obj (XIntruptRegsFile)

AdcRegsFile 
*          1    00007100    0000001e     UNINITIALIZED
                  00007100    0000001e     DSP2833x_GlobalVariableDefs.obj (AdcRegsFile)

ScibRegsFile 
*          1    00007750    00000010     UNINITIALIZED
                  00007750    00000010     DSP2833x_GlobalVariableDefs.obj (ScibRegsFile)

ScicRegsFile 
*          1    00007770    00000010     UNINITIALIZED
                  00007770    00000010     DSP2833x_GlobalVariableDefs.obj (ScicRegsFile)

I2caRegsFile 
*          1    00007900    00000022     UNINITIALIZED
                  00007900    00000022     DSP2833x_GlobalVariableDefs.obj (I2caRegsFile)

.ebss      1    00008000    00006628     UNINITIALIZED
                  00008000    00004800     app_p28FP.o28FP (.ebss:taskStackSection)
                  0000c800    0000107f     ALFAT.obj (.ebss)
                  0000d87f    00000001     Sleep.obj (.ebss)
                  0000d880    00000840     app_p28FP.o28FP (.ebss)
                  0000e0c0    000001e2     bq_pack.obj (.ebss)
                  0000e2a2    00000018     DSP2833x_CpuTimers.obj (.ebss)
                  0000e2ba    00000006     main.obj (.ebss)
                  0000e2c0    00000108     rts2800_fpu32.lib : trgdrv.obj (.ebss)
                  0000e3c8    0000000c     Bluetooth.obj (.ebss)
                  0000e3d4    0000000c     LCD.obj (.ebss)
                  0000e3e0    0000000a     ext_adc.obj (.ebss)
                  0000e3ea    00000008     adc.obj (.ebss)
                  0000e3f2    00000004     rts2800_fpu32.lib : _lock.obj (.ebss)
                  0000e3f6    00000004                       : exit.obj (.ebss)
                  0000e3fa    00000003     sysbios.lib : BIOS.obj (.ebss)
                  0000e3fd    00000002     BQ.obj (.ebss)
                  0000e3ff    00000001     rts2800_fpu32.lib : errno.obj (.ebss)
                  0000e400    00000100                       : atexit.obj (.ebss)
                  0000e500    0000008b     I2C.obj (.ebss)
                  0000e58b    00000001     spi_if.obj (.ebss)
                  0000e58c    00000002     rts2800_fpu32.lib : sinit.obj (.ebss)
                  0000e58e    00000032     --HOLE--
                  0000e5c0    00000068     eCAN.obj (.ebss)

.cio       1    0000e680    00000120     UNINITIALIZED
                  0000e680    00000120     rts2800_fpu32.lib : ankmsg.obj (.cio)

CsmPwlFile 
*          1    0033fff8    00000008     UNINITIALIZED
                  0033fff8    00000008     DSP2833x_GlobalVariableDefs.obj (CsmPwlFile)

PartIdRegsFile 
*          1    00380090    00000001     UNINITIALIZED
                  00380090    00000001     DSP2833x_GlobalVariableDefs.obj (PartIdRegsFile)


GLOBAL SYMBOLS: SORTED ALPHABETICALLY BY Name 

address    name
--------   ----
00300000   .text
00306d82   C$$EXIT
003058c6   C$$IO$$
0030576e   FS$$DIV
00306a8c   I$$DIV
00306a9d   I$$MOD
003068a2   L$$DIV
003068b1   L$$MOD
003047d9   LL$$DIV
00304815   LL$$MOD
00306f71   LL$$MPY
003068bf   UL$$DIV
003068c6   UL$$MOD
0030484f   ULL$$DIV
0030487e   ULL$$MOD
0000e3ee   _ADC
00302e90   _ADCINT_ISR
00307cae   _ADC_CLOCK
00380080   _ADC_cal
00307cb4   _ADC_complete
00307cf4   _ALFAT_CLOCK
00300000   _ALFAT_Disable
00300025   _ALFAT_Startup
0000c80b   _ALFAT_status
00000b00   _AdcMirror
00007100   _AdcRegs
00307cd4   _Alfat
00301070   _BMM_Sleep
0030109a   _BMM_Wake
00307cc2   _BQ
00307cca   _BQAlert
00307cbe   _BQAlertTask
00307cc8   _BQFault
00307cbc   _BQFualtTask
00307cec   _BQ_CLOCK
00307cba   _BQ_DRDY
0030414d   _BQ_Disable
00304121   _BQ_Startup
0000e3c8   _BT
00307cde   _BT_CLOCK
003019e2   _BT_Disable
003019d4   _BT_Startup
00301dbe   _BT_msg
00301414   _BatteryPackManager
00301002   _Battery_Voltage_Headers
0000e2ba   _Bike
00307cf2   _Bluetooth
0000e600   _CAN_cache
00304701   _CLK_ADC
003005ec   _CLK_Alfat
003019eb   _CLK_BT
0030389d   _CLK_Ext_ADC
00301e21   _CLK_LCD
00300d59   _CLK_TimeStamp
00304622   _CPU_Sleep
003013e0   _CellBalancing
0030548d   _Charge
00307ca2   _Charge_Sense
0030127f   _CheckFaultConditions
003034c2   _Check_Mode
0030354a   _Close_Contactors
00305b1e   _ConfigCpuTimer
0000e2b2   _CpuTimer0
00000c00   _CpuTimer0Regs
0000e2a2   _CpuTimer1
00000c08   _CpuTimer1Regs
0000e2aa   _CpuTimer2
00000c10   _CpuTimer2Regs
00307aa2   _CrcTable
0033fff8   _CsmPwl
00000ae0   _CsmRegs
00304aa1   _CsmUnlock
00302dbe   _DATALOG_ISR
00307eb2   _DATA_FLASH
00302fb2   _DINTCH1_ISR
00302fbc   _DINTCH2_ISR
00302fc6   _DINTCH3_ISR
00302fd0   _DINTCH4_ISR
00302fda   _DINTCH5_ISR
00302fe4   _DINTCH6_ISR
0030224b   _DMACH1AddrConfig
0030225d   _DMACH1BurstConfig
00302290   _DMACH1ModeConfig
0030226d   _DMACH1TransferConfig
0030227d   _DMACH1WrapConfig
003022f2   _DMACH2AddrConfig
00302304   _DMACH2BurstConfig
00302337   _DMACH2ModeConfig
00302314   _DMACH2TransferConfig
00302324   _DMACH2WrapConfig
00302399   _DMACH3AddrConfig
003023ab   _DMACH3BurstConfig
003023de   _DMACH3ModeConfig
003023bb   _DMACH3TransferConfig
003023cb   _DMACH3WrapConfig
00302440   _DMACH4AddrConfig
00302452   _DMACH4BurstConfig
00302485   _DMACH4ModeConfig
00302462   _DMACH4TransferConfig
00302472   _DMACH4WrapConfig
003024e7   _DMACH5AddrConfig
003024f9   _DMACH5BurstConfig
0030252c   _DMACH5ModeConfig
00302509   _DMACH5TransferConfig
00302519   _DMACH5WrapConfig
0030258e   _DMACH6AddrConfig
003025a0   _DMACH6BurstConfig
003025d3   _DMACH6ModeConfig
003025b0   _DMACH6TransferConfig
003025c0   _DMACH6WrapConfig
00302240   _DMAInitialize
0030730d   _DSP28x_DisableInt
00307311   _DSP28x_RestoreInt
0000e643   _DSP28x_usDelay
00300687   _DataMerger
00000880   _DevEmuRegs
003049ee   _DisableDog
003046f8   _Disable_ADC
003073b5   _Disable_WAKEINT
00303523   _Disconnect_Contactors
00001000   _DmaRegs
0030303e   _ECAN0INTA_ISR
00303052   _ECAN0INTB_ISR
00303048   _ECAN1INTA_ISR
0030305c   _ECAN1INTB_ISR
00302f26   _ECAP1_INT_ISR
00302f30   _ECAP2_INT_ISR
00302f3a   _ECAP3_INT_ISR
00302f44   _ECAP4_INT_ISR
00302f4e   _ECAP5_INT_ISR
00302f58   _ECAP6_INT_ISR
00006040   _ECanaLAMRegs
000060c0   _ECanaMOTORegs
00006080   _ECanaMOTSRegs
00006100   _ECanaMboxes
00006000   _ECanaRegs
00006240   _ECanbLAMRegs
000062c0   _ECanbMOTORegs
00006280   _ECanbMOTSRegs
00006300   _ECanbMboxes
00006200   _ECanbRegs
00006a00   _ECap1Regs
00006a20   _ECap2Regs
00006a40   _ECap3Regs
00006a60   _ECap4Regs
00006a80   _ECap5Regs
00006aa0   _ECap6Regs
00302dd2   _EMUINT_ISR
00302eea   _EPWM1_INT_ISR
00302eae   _EPWM1_TZINT_ISR
00302ef4   _EPWM2_INT_ISR
00302eb8   _EPWM2_TZINT_ISR
00302efe   _EPWM3_INT_ISR
00302ec2   _EPWM3_TZINT_ISR
00302f08   _EPWM4_INT_ISR
00302ecc   _EPWM4_TZINT_ISR
00302f12   _EPWM5_INT_ISR
00302ed6   _EPWM5_TZINT_ISR
00302f1c   _EPWM6_INT_ISR
00302ee0   _EPWM6_TZINT_ISR
00006800   _EPwm1Regs
00006840   _EPwm2Regs
00006880   _EPwm3Regs
000068c0   _EPwm4Regs
00006900   _EPwm5Regs
00006940   _EPwm6Regs
00302f62   _EQEP1_INT_ISR
00302f6c   _EQEP2_INT_ISR
00006b00   _EQep1Regs
00006b40   _EQep2Regs
00307ca6   _ESTOP
00307cfc   _EVT_ADC
00307d0e   _EVT_Alfat_CLK
00307d14   _EVT_Alfat_DONE
00307cc0   _EVT_BQ
00307cd2   _EVT_BQAlert
00307cd0   _EVT_BQFault
00307cb8   _EVT_BQ_DRDY
00307cdc   _EVT_BT_CLK
00307caa   _EVT_Change_Mode
00307cc4   _EVT_Error
00307d12   _EVT_Ext_ADC_CLK
00307cda   _EVT_LCD_CLK
00307ce0   _EVT_LCD_Tx
00307cf6   _EVT_SCIa_Rx
00307cea   _EVT_SCIa_Tx
00307d0a   _EVT_SPI_Rx
00307d08   _EVT_SPI_Tx
00307d10   _EVT_Sleep
00307ca8   _EVT_Sleep_M
00307cb2   _EVT_TimeStamp_CLK
00307d02   _EVT_byteRec
00307cee   _EVT_eCAN_Int
00307d04   _EXT_ADC_CLOCK
00307ce8   _Ecan_int
003068eb   _EnableInterrupts
00307cc6   _ErrorHandler
00300df2   _Event_Logger
003038ff   _Ext_Adc_Error_Check
0000e50d   _FAIL_TEST
00307d18   _Fault_Override
00000a80   _FlashRegs
00300f35   _Flush_SD
003054cf   _GPIO_Charge
00303368   _GPIO_INIT
00305693   _GPIO_Race
003045ee   _GPIO_Sleep
00304656   _GPIO_Sleep_Measurment
00301055   _Get_Time
00006f80   _GpioCtrlRegs
00006fc0   _GpioDataRegs
00006fe0   _GpioIntRegs
00303bec   _HOSTclock
00303bc5   _HOSTclose
00303b7d   _HOSTlseek
00303b41   _HOSTopen
00303b07   _HOSTread
00303aca   _HOSTrename
00303a9e   _HOSTtime
00303a79   _HOSTunlink
00303a3f   _HOSTwrite
003034d9   _HWI_12v_Sense
0030471a   _HWI_ADC_ConversionComplete
003041b4   _HWI_BQAlert
00304177   _HWI_BQFault
0030420f   _HWI_BQ_DRDY
003034f1   _HWI_Charge_Sense
00303510   _HWI_Fault_Override
00302c1d   _HWI_I2C
003021bf   _HWI_LCD_TxComplete
003034fe   _HWI_ON_SW
00301e08   _HWI_SCIa_RxRecieved
00301dfe   _HWI_SCIa_TxComplete
0030410a   _HWI_SPI_RxRecieved
00304100   _HWI_SPI_TxComplete
00304696   _HWI_WAKEINT
0030323b   _HWI_eCAN_Int
00307d00   _I2C
00302fee   _I2CINT1A_ISR
00302ff8   _I2CINT2A_ISR
00302a23   _I2C_Disable
00302a3e   _I2C_Startup
00302c2f   _I2C_print
00007900   _I2caRegs
00302de6   _ILLEGAL_ISR
00302daa   _INT13_ISR
00302db4   _INT14_ISR
00306f49   _InitAdc
0030422d   _InitBQ76PL536ports
00305ae5   _InitCpuTimers
00304404   _InitECan
0030453f   _InitECanGpio
00304409   _InitECana
00304544   _InitECanaGpio
003044be   _InitECanb
0030455a   _InitECanbGpio
00305e3c   _InitECap
00305e4a   _InitECap1Gpio
00305e58   _InitECap2Gpio
00305e64   _InitECap3Gpio
00305e70   _InitECap4Gpio
00305e7c   _InitECap5Gpio
00305e8a   _InitECap6Gpio
00305e3d   _InitECapGpio
00305022   _InitEPwm
00305030   _InitEPwm1Gpio
00305042   _InitEPwm2Gpio
00305054   _InitEPwm3Gpio
00305068   _InitEPwm4Gpio
0030507c   _InitEPwm5Gpio
0030508e   _InitEPwm6Gpio
00305023   _InitEPwmGpio
003050a0   _InitEPwmSyncGpio
00305ef0   _InitEQep
00305ef6   _InitEQep1Gpio
00305f20   _InitEQep2Gpio
00305ef1   _InitEQepGpio
0000e628   _InitFlash
00306c9a   _InitGpio
00306dfb   _InitI2C
00306dfc   _InitI2CGpio
00304298   _InitMcbsp
00304371   _InitMcbspGpio
0030429d   _InitMcbspa
003042fc   _InitMcbspa12bit
00304307   _InitMcbspa16bit
00304312   _InitMcbspa20bit
0030431d   _InitMcbspa24bit
00304328   _InitMcbspa32bit
003042f5   _InitMcbspa8bit
00304376   _InitMcbspaGpio
003042c9   _InitMcbspb
0030433a   _InitMcbspb12bit
00304345   _InitMcbspb16bit
00304350   _InitMcbspb20bit
0030435b   _InitMcbspb24bit
00304366   _InitMcbspb32bit
00304333   _InitMcbspb8bit
003043b0   _InitMcbspbGpio
00304a44   _InitPeripheralClocks
003068cc   _InitPieCtrl
00306b32   _InitPieVectTable
003049f6   _InitPll
00306445   _InitSci
00306446   _InitSciGpio
0030644d   _InitSciaGpio
00306463   _InitScibGpio
00306470   _InitScicGpio
00306943   _InitSpi
00306944   _InitSpiGpio
00306947   _InitSpiaGpio
003049db   _InitSysCtrl
003050b4   _InitTzGpio
00304ad2   _InitXintf
00304b6e   _InitXintf16Gpio
00304b27   _InitXintf32Gpio
003046ad   _Init_WAKEINT
00302635   _Initialization
00307cd8   _LCD
003021de   _LCD_Backlight
00302209   _LCD_Blink
00307ce4   _LCD_CLOCK
003021c9   _LCD_Clear
003021fa   _LCD_Cursor
00302151   _LCD_Disable
0030221a   _LCD_MoveCursor
00302239   _LCD_Reset
0000e3d4   _LCD_S
003021d7   _LCD_ScrollL
003021d0   _LCD_ScrollR
0030222b   _LCD_Splash
00302232   _LCD_SplashSave
0030213e   _LCD_Startup
00307ce6   _LCD_TX
003021e9   _LCD_Underline
003030a2   _LUF_ISR
00303098   _LVF_ISR
00306dcb   _LoggerBuf_instanceStartup
00302f9e   _MRINTA_ISR
00302f8a   _MRINTB_ISR
00302fa8   _MXINTA_ISR
00302f94   _MXINTB_ISR
00005000   _McbspaRegs
00005040   _McbspbRegs
00306f1f   _MemCopy
0000c880   _MergedData
00302ddc   _NMI_ISR
00307ca4   _ON_SW
003030ac   _PIE_RESERVED
00380090   _PartIdRegs
00000ce0   _PieCtrlRegs
00000d00   _PieVectTable
003079a2   _PieVectTableInit
00302dc8   _RTOSINT_ISR
003041fb   _RTSK_BQ
003041f1   _RTSK_BQ_Event
00305652   _Race
00308a07   _RamfuncsLoadEnd
003089e8   _RamfuncsLoadStart
0000e628   _RamfuncsRunStart
00303016   _SCIRXINTA_ISR
0030302a   _SCIRXINTB_ISR
00303002   _SCIRXINTC_ISR
00303020   _SCITXINTA_ISR
00303034   _SCITXINTB_ISR
0030300c   _SCITXINTC_ISR
00307cf0   _SCIa_RX
00307ce2   _SCIa_TX
0000e51e   _SD_error
00307ccc   _SEM_SPI_Tx
00302e68   _SEQ1INT_ISR
00302e72   _SEQ2INT_ISR
00302f76   _SPIRXINTA_ISR
00302f80   _SPITXINTA_ISR
00007050   _SciaRegs
00007750   _ScibRegs
00007770   _ScicRegs
003021a4   _Send_LCD
00301de3   _Send_SCIA
003040e5   _Send_SPI
00303227   _Send_eCAN
003049e4   _ServiceDog
003073b8   _SetDBGIER
00300be7   _Set_RTC_Time
0030456e   _Sleep
00304673   _Sleep_Peripherals
00007040   _SpiaRegs
00307cce   _Start
003022ea   _StartDMACH1
00302391   _StartDMACH2
00302438   _StartDMACH3
003024df   _StartDMACH4
00302586   _StartDMACH5
0030262d   _StartDMACH6
0030550d   _Start_Charge_Peripheral
003056d3   _Start_Race_Peripheral
00304684   _Start_Sleep_Measurment
00007010   _SysCtrlRegs
00307cac   _TIMESTAMP_CLOCK
00302e9a   _TINT0_ISR
003005f6   _TSK_Alfat
003041be   _TSK_BQAlert
00304181   _TSK_BQFault
00304219   _TSK_BQ_DRDY
00301bec   _TSK_BT
00302787   _TSK_Change_Mode
003027c2   _TSK_ErrorHandler
003038a7   _TSK_Ext_ADC
00301e2b   _TSK_LCD
00302779   _TSK_Powerup
00307cd6   _TSK_Rec
00302a70   _TSK_Received
00304634   _TSK_Sleep_Measurment
00300d63   _TSK_TimeStamp
00304708   _TSK_adc
0000e0a0   _TSK_idle
0000e512   _Time1
0000e50a   _Time2
00307cb0   _TimeStamp
0000e50c   _Timediff
00302e4a   _USER10_ISR
00302e54   _USER11_ISR
00302e5e   _USER12_ISR
00302df0   _USER1_ISR
00302dfa   _USER2_ISR
00302e04   _USER3_ISR
00302e0e   _USER4_ISR
[...]
00306d69   __args_main
00306d82   C$$EXIT
00306d82   _abort
00306d84   _exit
00306d9b   _ti_sysbios_knl_Event_pendTimeout__I
00306db3   _ti_sysbios_knl_Semaphore_pendTimeout__I
00306dcb   _LoggerBuf_instanceStartup
00306dcb   _xdc_runtime_LoggerBuf_reset__F
00306de3   _get_u16_value
00306def   _get_u32_value
00306dfb   _InitI2C
00306dfc   _InitI2CGpio
00306e12   _ti_sysbios_heaps_HeapNull_Object__create__S
00306e29   _ti_sysbios_knl_Clock_doTick__I
00306e40   _ti_sysbios_knl_Swi_Module_startup__F
00306e57   _xdc_runtime_SysMin_abort__F
00306e6e   _xdc_runtime_Text_printVisFxn__I
00306e85   _ti_sysbios_BIOS_exitFunc__I
00306e9b   _ti_sysbios_family_c28_Timer_Module_startup__F
00306eb1   _ti_sysbios_family_c28_Timer_startup__E
00306ec7   _ti_sysbios_knl_Task_restore__E
00306edd   _xdc_runtime_System_aprintf_va__F
00306edd   _xdc_runtime_System_avprintf__F
00306ef3   _xdc_runtime_System_printf_va__F
00306ef3   _xdc_runtime_System_vprintf__F
00306f09   _frexp
00306f1f   _MemCopy
00306f34   _xdc_runtime_Text_cordText__F
00306f49   _InitAdc
00306f5d   _xdc_runtime_System_putchar__I
00306f71   LL$$MPY
00306f85   _ti_sysbios_BIOS_RtsGateProxy_Object__delete__S
00306f85   _ti_sysbios_gates_GateMutex_Object__delete__S
00306f98   _ti_sysbios_knl_Clock_Module_startup__F
00306fab   _ti_sysbios_family_c28_Timer_stop__E
00306fbd   _ti_sysbios_gates_GateHwi_Object__delete__S
00306fbd   _xdc_runtime_LoggerBuf_Module_GateProxy_Object__delete__S
00306fbd   _xdc_runtime_Main_Module_GateProxy_Object__delete__S
00306fbd   _xdc_runtime_System_Module_GateProxy_Object__delete__S
00306fcf   _ti_sysbios_heaps_HeapNull_Object__delete__S
00306fcf   _xdc_runtime_Memory_HeapProxy_Object__delete__S
00306fe1   _xdc_runtime_LoggerBuf_Object__delete__S
00306ff3   _ti_sysbios_family_c28_Hwi_Object__get__S
00307004   _ti_sysbios_knl_Task_Object__get__S
00307015   _ti_sysbios_knl_Task_sleepTimeout__I
00307036   _ti_sysbios_knl_Task_restoreHwi__E
00307055   _ti_sysbios_BIOS_startFunc__I
00307064   _ti_sysbios_knl_Task_allBlockedFunction__I
00307073   _xdc_runtime_LoggerBuf_write2__F
00307082   _xdc_runtime_LoggerBuf_write4__E
00307091   _ti_sysbios_knl_Clock_Object__destruct__S
0030709f   _ti_sysbios_knl_Semaphore_Object__destruct__S
003070ad   _xdc_runtime_Registry_findById__F
003070bb   _xdc_runtime_SysMin_Module_startup__F
003070c9   _strpbrk
003070d7   _ti_sysbios_BIOS_registerRTSLock__I
003070e4   _ti_sysbios_family_xxx_Hwi_switchToIsrStack
003070f1   _ti_sysbios_gates_GateHwi_Handle__label__S
003070f1   _xdc_runtime_LoggerBuf_Module_GateProxy_Handle__label__S
003070f1   _xdc_runtime_Main_Module_GateProxy_Handle__label__S
003070f1   _xdc_runtime_System_Module_GateProxy_Handle__label__S
003070fe   _ti_sysbios_BIOS_RtsGateProxy_Handle__label__S
003070fe   _ti_sysbios_gates_GateMutex_Handle__label__S
0030710b   _ti_sysbios_heaps_HeapNull_Handle__label__S
0030710b   _xdc_runtime_Memory_HeapProxy_Handle__label__S
00307118   _ti_sysbios_knl_Clock_Params__init__S
00307125   _ti_sysbios_knl_Queue_Object__destruct__S
00307132   _ti_sysbios_knl_Task_enter__I
0030713f   _xdc_runtime_Error_check__F
0030714c   _xdc_runtime_LoggerBuf_Handle__label__S
00307159   _xdc_runtime_LoggerBuf_write1__F
00307166   _strcat
00307173   _ti_sysbios_family_c28_Hwi_disableIER__E
0030717f   _ti_sysbios_gates_GateMutex_leave__E
0030718b   _ti_sysbios_knl_Queue_put__E
00307197   _ti_sysbios_knl_Swi_Object__get__S
003071a3   _xdc_runtime_LoggerBuf_Object__get__S
003071af   _xdc_runtime_Memory_free__F
003071bb   _xdc_runtime_Text_ropeText__F
003071c7   _ti_sysbios_family_c28_Hwi_Module__startupDone__F
003071c7   _ti_sysbios_family_c28_Hwi_Module__startupDone__S
003071c7   _ti_sysbios_hal_Hwi_HwiProxy_Module__startupDone__S
003071d2   _ti_sysbios_family_c28_Hwi_enableIER__E
003071dd   _ti_sysbios_family_c28_Timer_Module__startupDone__F
003071dd   _ti_sysbios_family_c28_Timer_Module__startupDone__S
003071dd   _ti_sysbios_hal_Timer_TimerProxy_Module__startupDone__S
003071e8   _ti_sysbios_hal_Timer_Module__startupDone__F
003071e8   _ti_sysbios_hal_Timer_Module__startupDone__S
003071f3   _ti_sysbios_knl_Idle_loop__E
003071fe   _ti_sysbios_knl_Queue_Object__get__S
00307209   _ti_sysbios_knl_Task_SupportProxy_start__E
00307214   _ti_sysbios_knl_Task_unblock__E
0030721f   _xdc_runtime_LoggerBuf_Instance_finalize__F
0030722a   _xdc_runtime_LoggerBuf_write0__F
00307235   _xdc_runtime_LoggerBuf_write2__E
00307240   _xdc_runtime_SysMin_exit__F
0030724b   _xdc_runtime_System_abort__F
00307256   _ti_sysbios_family_c28_TaskSupport_checkStack__E
00307260   _ti_sysbios_family_xxx_Hwi_switchToTaskStack
0030726a   _strcmp
00307274   _strlen
0030727e   _ti_sysbios_family_c28_Hwi_restoreIER__E
00307287   _ti_sysbios_family_c28_TaskSupport_glue
00307290   _ti_sysbios_family_c28_Timer_getPeriod__E
00307299   _ti_sysbios_hal_Hwi_Module_startup__F
003072a2   _ti_sysbios_hal_Timer_Module_startup__F
003072ab   _xdc_runtime_System_sprintf_va__F
003072ab   _xdc_runtime_System_vsprintf__F
003072b4   __register_unlock
003072b8   __register_lock
003072bc   __nop
003072bd   _strcpy
003072ce   _ti_sysbios_gates_GateMutex_Instance_finalize__F
003072d6   _ti_sysbios_knl_Queue_empty__E
003072de   _ti_sysbios_knl_Semaphore_Instance_finalize__F
003072e6   _xdc_runtime_Memory_HeapProxy_alloc__E
003072ee   _xdc_runtime_Memory_calloc__F
003072f6   _xdc_runtime_Startup_exec__I
003072fe   _xdc_runtime_SysMin_ready__F
00307306   _ti_catalog_c2800_init_Boot_init
00307306   _xdc_runtime_Startup_reset__I
0030730d   _DSP28x_DisableInt
00307311   _DSP28x_RestoreInt
00307314   _ti_sysbios_BIOS_setThreadType__E
0030731b   _ti_sysbios_heaps_HeapNull_alloc__E
00307322   _ti_sysbios_heaps_HeapNull_getStats__F
00307329   _xdc_runtime_Error_init__F
00307330   _xdc_runtime_LoggerBuf_write1__E
00307337   _xdc_runtime_System_Module_startup__F
0030733e   _memset
00307345   _ti_sysbios_family_c28_IntrinsicsSupport_maxbit__E
0030734b   _ti_sysbios_family_c28_TimestampProvider_rolloverFunc__F
00307351   _ti_sysbios_family_c28_TimestampProvider_startTimer__F
00307357   _ti_sysbios_knl_Swi_disable__E
0030735d   _ti_sysbios_knl_Task_disable__E
00307363   _xdc_runtime_Gate_enterSystem__F
00307369   _xdc_runtime_Gate_leaveSystem__F
0030736f   _xdc_runtime_System_aprintf__E
00307375   _xdc_runtime_System_exit__F
0030737b   _xdc_runtime_System_printf__E
00307381   _ti_sysbios_BIOS_start__E
00307386   _ti_sysbios_family_c28_Hwi_switchFromBootStack__E
0030738b   _ti_sysbios_gates_GateHwi_enter__E
00307390   _xdc_runtime_LoggerBuf_enable__F
00307395   _ti_sysbios_family_c28_Hwi_disable__E
00307399   _ti_sysbios_family_c28_Hwi_enable__E
0030739d   _ti_sysbios_family_c28_Hwi_startup__E
0030739d   _ti_sysbios_hal_Hwi_HwiProxy_startup__E
003073a1   _ti_sysbios_knl_Clock_getTicks__E
003073a5   _ti_sysbios_knl_Swi_startup__E
003073a9   _xdc_runtime_LoggerBuf_disable__F
003073ad   _xdc_runtime_Memory_HeapProxy_free__E
003073b1   _xdc_runtime_Memory_getMaxDefaultTypeAlign__F
003073b5   _Disable_WAKEINT
003073b8   _SetDBGIER
003073bb   ___xdc__init
003073be   _ti_catalog_c2800_init_Boot_limpAbort
003073c1   _ti_sysbios_BIOS_RtsGateProxy_enter__E
003073c4   _ti_sysbios_BIOS_RtsGateProxy_leave__E
003073c7   _ti_sysbios_family_c28_Hwi_Module_startup__E
003073ca   _ti_sysbios_family_c28_Hwi_getIFR__I
003073cd   _ti_sysbios_family_c28_Timer_Module_startup__E
003073d0   _ti_sysbios_family_c28_TimestampProvider_Module_startup__E
003073d3   _ti_sysbios_family_c28_TimestampProvider_get64__E
003073d3   _xdc_runtime_LoggerBuf_TimestampProxy_get64__E
003073d6   _ti_sysbios_family_c28_TimestampProvider_rolloverFunc__E
003073d9   _ti_sysbios_family_c28_TimestampProvider_startTimer__E
003073dc   _ti_sysbios_gates_GateHwi_leave__E
003073df   _ti_sysbios_gates_GateHwi_query__E
003073df   _xdc_runtime_LoggerBuf_Module_GateProxy_query__E
003073df   _xdc_runtime_Main_Module_GateProxy_query__E
003073df   _xdc_runtime_System_Module_GateProxy_query__E
003073e2   _ti_sysbios_BIOS_RtsGateProxy_query__E
003073e2   _ti_sysbios_gates_GateMutex_query__E
003073e5   _ti_sysbios_hal_Hwi_HwiProxy_switchFromBootStack__E
003073e8   _ti_sysbios_hal_Hwi_Module_startup__E
003073eb   _ti_sysbios_hal_Hwi_startup__E
003073ee   _ti_sysbios_hal_Timer_Module_startup__E
003073f1   _ti_sysbios_hal_Timer_TimerProxy_getPeriod__E
003073f4   _ti_sysbios_hal_Timer_TimerProxy_startup__E
003073f7   _ti_sysbios_hal_Timer_startup__E
003073fa   _ti_sysbios_heaps_HeapNull_free__E
003073fd   _ti_sysbios_heaps_HeapNull_getStats__E
00307400   _ti_sysbios_heaps_HeapNull_isBlocking__E
00307403   _ti_sysbios_knl_Clock_Module_startup__E
00307406   _ti_sysbios_knl_Clock_stop__E
00307409   _ti_sysbios_knl_Queue_Instance_init__F
0030740c   _ti_sysbios_knl_Swi_Module_startup__E
0030740f   _ti_sysbios_knl_Task_Module_startup__E
00307412   _ti_sysbios_knl_Task_SupportProxy_checkStack__E
00307415   _ti_sysbios_knl_Task_SupportProxy_swap__E
00307418   _xdc_runtime_Error_check__E
0030741b   _xdc_runtime_Error_print__E
0030741e   _xdc_runtime_LoggerBuf_Module_GateProxy_enter__E
00307421   _xdc_runtime_LoggerBuf_Module_GateProxy_leave__E
00307424   _xdc_runtime_LoggerBuf_Module_startup__E
00307427   _xdc_runtime_LoggerBuf_disable__E
0030742a   _xdc_runtime_LoggerBuf_enable__E
0030742d   _xdc_runtime_LoggerBuf_getFilterLevel__E
00307430   _xdc_runtime_LoggerBuf_setFilterLevel__E
00307433   _xdc_runtime_LoggerBuf_write0__E
00307436   _xdc_runtime_SysMin_Module_startup__E
00307439   _xdc_runtime_SysMin_abort__E
00307439   _xdc_runtime_System_SupportProxy_abort__E
0030743c   _xdc_runtime_SysMin_exit__E
0030743c   _xdc_runtime_System_SupportProxy_exit__E
0030743f   _xdc_runtime_SysMin_putch__E
0030743f   _xdc_runtime_System_SupportProxy_putch__E
00307442   _xdc_runtime_SysMin_ready__E
00307442   _xdc_runtime_System_SupportProxy_ready__E
00307445   _xdc_runtime_System_Module_GateProxy_enter__E
00307448   _xdc_runtime_System_Module_GateProxy_leave__E
0030744b   _xdc_runtime_System_Module_startup__E
0030744e   _xdc_runtime_System_atexit__E
00307451   _xdc_runtime_Text_putLab__E
00307454   _xdc_runtime_Text_putSite__E
00307457   _xdc_runtime_Text_visitRope__I
0030745a   _ti_catalog_c2800_init_Boot_defaultLimpAbortFunction
0030745c   _ti_sysbios_family_c28_TaskSupport_Module__startupDone__S
0030745c   _ti_sysbios_knl_Task_SupportProxy_Module__startupDone__S
0030745e   _ti_sysbios_gates_GateHwi_query__F
00307460   _ti_sysbios_gates_GateMutex_query__F
00307462   _ti_sysbios_heaps_HeapNull_alloc__F
00307464   _ti_sysbios_heaps_HeapNull_isBlocking__F
00307466   _xdc_runtime_Error_getSite__F
00307469   _ti_sysbios_family_c28_Hwi_interruptReturn__I
0030746a   _ti_sysbios_gates_GateHwi_Instance_init__F
0030746b   _ti_sysbios_heaps_HeapNull_free__F
0030746c   _ti_sysbios_knl_Clock_logTick__E
0030746d   ___etext__
0030746d   etext
003079a2   _PieVectTableInit
00307aa2   _CrcTable
00307ba2   _ti_sysbios_family_c28_Hwi_vectors
00307ca2   _Charge_Sense
00307ca4   _ON_SW
00307ca6   _ESTOP
00307ca8   _EVT_Sleep_M
00307caa   _EVT_Change_Mode
00307cac   _TIMESTAMP_CLOCK
00307cae   _ADC_CLOCK
00307cb0   _TimeStamp
00307cb2   _EVT_TimeStamp_CLK
00307cb4   _ADC_complete
00307cb6   _adc_task
00307cb8   _EVT_BQ_DRDY
00307cba   _BQ_DRDY
00307cbc   _BQFualtTask
00307cbe   _BQAlertTask
00307cc0   _EVT_BQ
00307cc2   _BQ
00307cc4   _EVT_Error
00307cc6   _ErrorHandler
00307cc8   _BQFault
00307cca   _BQAlert
00307ccc   _SEM_SPI_Tx
00307cce   _Start
00307cd0   _EVT_BQFault
00307cd2   _EVT_BQAlert
00307cd4   _Alfat
00307cd6   _TSK_Rec
00307cd8   _LCD
00307cda   _EVT_LCD_CLK
00307cdc   _EVT_BT_CLK
00307cde   _BT_CLOCK
00307ce0   _EVT_LCD_Tx
00307ce2   _SCIa_TX
00307ce4   _LCD_CLOCK
00307ce6   _LCD_TX
00307ce8   _Ecan_int
00307cea   _EVT_SCIa_Tx
00307cec   _BQ_CLOCK
00307cee   _EVT_eCAN_Int
00307cf0   _SCIa_RX
00307cf2   _Bluetooth
00307cf4   _ALFAT_CLOCK
00307cf6   _EVT_SCIa_Rx
00307cf8   _wakeint
00307cfa   _change_mode
00307cfc   _EVT_ADC
00307cfe   _sleep_measurement
00307d00   _I2C
00307d02   _EVT_byteRec
00307d04   _EXT_ADC_CLOCK
00307d06   _spitx
00307d08   _EVT_SPI_Tx
00307d0a   _EVT_SPI_Rx
00307d0c   _spirx
00307d0e   _EVT_Alfat_CLK
00307d10   _EVT_Sleep
00307d12   _EVT_Ext_ADC_CLK
00307d14   _EVT_Alfat_DONE
00307d16   _ext_adc
00307d18   _Fault_Override
00307d77   _ti_sysbios_BIOS_Module__id__C
00307dd0   _spi_regs_rw_mask
00307e6b   _ti_sysbios_family_c28_Hwi_Module__id__C
00307eb1   _ti_sysbios_family_c28_Hwi_Object__count__C
00307eb2   _DATA_FLASH
00307f3b   _ti_sysbios_family_c28_Hwi_zeroLatencyIERMask__C
00307f3c   _xdc_runtime_LoggerBuf_Module__FXNS__C
00307f70   _xdc_runtime_Startup_sfxnTab__A
00307f9b   _ti_sysbios_family_c28_TaskSupport_Module__id__C
00307fb0   _ti_sysbios_heaps_HeapNull_Module__FXNS__C
00307fc4   _ti_sysbios_gates_GateHwi_Module__FXNS__C
00307fd6   _ti_sysbios_gates_GateMutex_Module__FXNS__C
00307fe8   _xdc_runtime_LoggerBuf_Object__PARAMS__C
0030800b   _ti_sysbios_family_c28_Timer_startupNeeded__C
0030800c   _ti_sysbios_gates_GateHwi_Object__DESC__C
0030801c   _ti_sysbios_gates_GateMutex_Object__DESC__C
0030802c   _ti_sysbios_heaps_HeapNull_Object__DESC__C
0030803c   _ti_sysbios_knl_Clock_Object__DESC__C
0030804c   _ti_sysbios_knl_Clock_Object__PARAMS__C
0030805c   _ti_sysbios_knl_Queue_Object__DESC__C
0030806c   _ti_sysbios_knl_Semaphore_Object__DESC__C
0030807c   _ti_sysbios_knl_Semaphore_Object__PARAMS__C
0030808c   _xdc_runtime_LoggerBuf_Object__DESC__C
003080a8   _ti_sysbios_gates_GateHwi_Object__PARAMS__C
003080b4   _ti_sysbios_gates_GateMutex_Object__PARAMS__C
003080c0   _ti_sysbios_heaps_HeapNull_Object__PARAMS__C
003080cc   _ti_sysbios_knl_Queue_Object__PARAMS__C
003080d8   _ti_sysbios_knl_Task_hooks__A
003080e4   _xdc_runtime_Startup_sfxnRts__A
003080ef   _ti_sysbios_family_c28_TimestampProvider_Module__id__C
003080f7   _ti_sysbios_family_c28_TimestampProvider_useClockTimer__C
003080fd   _ti_sysbios_gates_GateMutex_Module__id__C
00308102   _ti_sysbios_knl_Idle_funcList__C
00308106   _ti_sysbios_knl_Task_hooks__C
0030810a   _xdc_runtime_Startup_firstFxns__C
0030810e   _xdc_runtime_Startup_lastFxns__C
00308112   _ti_sysbios_BIOS_Module__diagsEnabled__C
00308114   _ti_sysbios_BIOS_Module__diagsIncluded__C
00308116   _ti_sysbios_BIOS_Module__diagsMask__C
00308118   _ti_sysbios_BIOS_installedErrorHook__C
0030811a   _ti_sysbios_family_c28_Hwi_A_badIntNum__C
0030811c   _ti_sysbios_family_c28_Hwi_A_invalidArg__C
0030811e   _ti_sysbios_family_c28_Hwi_E_unpluggedInterrupt__C
00308120   _ti_sysbios_family_c28_Hwi_Module__diagsEnabled__C
00308122   _ti_sysbios_family_c28_Hwi_Module__diagsIncluded__C
00308124   _ti_sysbios_family_c28_Hwi_Module__diagsMask__C
00308126   _ti_sysbios_family_c28_TaskSupport_E_invalidStack__C
00308128   _ti_sysbios_family_c28_TimestampProvider_Module__diagsEnabled__C
0030812a   _ti_sysbios_family_c28_TimestampProvider_Module__diagsIncluded__C
0030812c   _ti_sysbios_family_c28_TimestampProvider_Module__diagsMask__C
0030812e   _ti_sysbios_gates_GateMutex_A_badContext__C
00308130   _ti_sysbios_gates_GateMutex_Instance_State_sem__O
00308132   _ti_sysbios_gates_GateMutex_Module__diagsEnabled__C
00308134   _ti_sysbios_gates_GateMutex_Module__diagsIncluded__C
00308136   _ti_sysbios_gates_GateMutex_Module__diagsMask__C
00308138   _ti_sysbios_hal_Hwi_E_stackOverflow__C
0030813a   _ti_sysbios_knl_Clock_A_badThreadType__C
0030813c   _ti_sysbios_knl_Clock_Module_State_clockQ__O
0030813e   _ti_sysbios_knl_Clock_Module__diagsEnabled__C
00308140   _ti_sysbios_knl_Clock_Module__diagsIncluded__C
00308142   _ti_sysbios_knl_Clock_Module__diagsMask__C
00308144   _ti_sysbios_knl_Event_A_badContext__C
00308146   _ti_sysbios_knl_Event_A_eventInUse__C
00308148   _ti_sysbios_knl_Event_A_nullEventId__C
0030814a   _ti_sysbios_knl_Event_A_nullEventMasks__C
0030814c   _ti_sysbios_knl_Event_Instance_State_pendQ__O
0030814e   _ti_sysbios_knl_Event_Module__diagsEnabled__C
00308150   _ti_sysbios_knl_Event_Module__diagsIncluded__C
00308152   _ti_sysbios_knl_Event_Module__diagsMask__C
00308154   _ti_sysbios_knl_Idle_funcList__A
00308156   _ti_sysbios_knl_Semaphore_A_badContext__C
00308158   _ti_sysbios_knl_Semaphore_A_noEvents__C
0030815a   _ti_sysbios_knl_Semaphore_Instance_State_pendQ__O
0030815c   _ti_sysbios_knl_Semaphore_Module__diagsEnabled__C
0030815e   _ti_sysbios_knl_Semaphore_Module__diagsIncluded__C
00308160   _ti_sysbios_knl_Semaphore_Module__diagsMask__C
00308162   _ti_sysbios_knl_Task_A_badTimeout__C
00308164   _ti_sysbios_knl_Task_E_spOutOfBounds__C
00308166   _ti_sysbios_knl_Task_E_stackOverflow__C
00308168   _ti_sysbios_knl_Task_Module_State_inactiveQ__O
0030816a   _ti_sysbios_knl_Task_Module__diagsEnabled__C
0030816c   _ti_sysbios_knl_Task_Module__diagsIncluded__C
0030816e   _ti_sysbios_knl_Task_Module__diagsMask__C
00308170   _ti_sysbios_knl_Task_allBlockedFunc__C
00308172   _xdc_runtime_Assert_E_assertFailed__C
00308174   _xdc_runtime_Core_A_initializedParams__C
00308176   _xdc_runtime_Core_Module__diagsEnabled__C
00308178   _xdc_runtime_Core_Module__diagsIncluded__C
0030817a   _xdc_runtime_Core_Module__diagsMask__C
0030817c   _xdc_runtime_Error_E_generic__C
0030817e   _xdc_runtime_Error_E_memory__C
00308180   _xdc_runtime_Error_Module__diagsEnabled__C
00308182   _xdc_runtime_Error_Module__diagsIncluded__C
00308184   _xdc_runtime_Error_Module__diagsMask__C
00308186   _xdc_runtime_Error_Module__loggerFxn8__C
00308188   _xdc_runtime_Error_Module__loggerObj__C
0030818a   _xdc_runtime_Error_raiseHook__C
0030818c   _xdc_runtime_IFilterLogger_Interface__BASE__C
0030818e   _xdc_runtime_IGateProvider_Interface__BASE__C
00308190   _xdc_runtime_IHeap_Interface__BASE__C
00308192   _xdc_runtime_ILogger_Interface__BASE__C
00308194   _xdc_runtime_IModule_Interface__BASE__C
00308196   _xdc_runtime_Log_L_error__C
00308198   _xdc_runtime_LoggerBuf_E_badLevel__C
0030819a   _xdc_runtime_LoggerBuf_Module__gateObj__C
0030819c   _xdc_runtime_LoggerBuf_statusLogger__C
0030819e   _xdc_runtime_Memory_defaultHeapInstance__C
003081a0   _xdc_runtime_Startup_execImpl__C
003081a2   _xdc_runtime_Startup_firstFxns__A
003081a4   _xdc_runtime_Startup_lastFxns__A
003081a6   _xdc_runtime_Startup_sfxnRts__C
003081a8   _xdc_runtime_Startup_sfxnTab__C
003081aa   _xdc_runtime_SysMin_bufSize__C
003081ac   _xdc_runtime_SysMin_outputFunc__C
003081ae   _xdc_runtime_System_Module__gateObj__C
003081b0   _xdc_runtime_System_extendFxn__C
003081b2   _xdc_runtime_Text_charTab__C
003081b4   _xdc_runtime_Text_nameEmpty__C
003081b6   _xdc_runtime_Text_nameStatic__C
003081b8   _xdc_runtime_Text_nameUnknown__C
003081ba   _xdc_runtime_Text_visitRopeFxn__C
003081bc   _ti_sysbios_hal_Hwi_Module__id__C
003081bd   _ti_sysbios_knl_Clock_Module__id__C
003081be   _ti_sysbios_knl_Event_Module__id__C
003081bf   _ti_sysbios_knl_Semaphore_Module__id__C
003081c0   _ti_sysbios_knl_Swi_Object__count__C
003081c1   _ti_sysbios_knl_Task_Module__id__C
003081c2   _ti_sysbios_knl_Task_Object__count__C
003081c3   _ti_sysbios_knl_Task_initStackFlag__C
003081c4   _ti_sysbios_knl_Task_numConstructedTasks__C
003081c5   _xdc_runtime_Core_Module__id__C
003081c6   _xdc_runtime_Error_Module__loggerDefined__C
003081c7   _xdc_runtime_Error_maxDepth__C
003081c8   _xdc_runtime_Error_policy__C
003081c9   _xdc_runtime_LoggerBuf_Module__id__C
003081ca   _xdc_runtime_LoggerBuf_Object__count__C
003081cb   _xdc_runtime_LoggerBuf_filterByLevel__C
003081cc   _xdc_runtime_Memory_Module__id__C
003081cd   _xdc_runtime_Startup_maxPasses__C
003081ce   _xdc_runtime_SysMin_flushAtExit__C
003081cf   _xdc_runtime_System_maxAtexitHandlers__C
003081d0   _xdc_runtime_Text_charCnt__C
003081d1   _xdc_runtime_Text_isLoaded__C
003081d2   _xdc_runtime_Text_registryModsLastId__C
003081d3   _xdc_runtime_Text_unnamedModsLastId__C
003081d4   ___cinit__
003081d4   cinit
003089e8   _RamfuncsLoadStart
00308a07   _RamfuncsLoadEnd
0033fff6   code_start
0033fff8   _CsmPwl
00380080   _ADC_cal
00380090   _PartIdRegs
ffffffff   ___binit__
ffffffff   ___c_args__
ffffffff   ___pinit__
ffffffff   binit
ffffffff   pinit

[1144 symbols]
